Archive member included to satisfy reference by file (symbol)

C:/ST/STM32CubeCLT_1.16.0/GNU-tools-for-STM32/bin/../lib/gcc/arm-none-eabi/12.3.1/thumb/v7e-m/nofp\libgcc.a(_arm_addsubdf3.o)
                              CMakeFiles/f4_MPU9250.elf.dir/Core/Src/MPU9250.c.obj (__aeabi_i2d)
C:/ST/STM32CubeCLT_1.16.0/GNU-tools-for-STM32/bin/../lib/gcc/arm-none-eabi/12.3.1/thumb/v7e-m/nofp\libgcc.a(_arm_muldivdf3.o)
                              CMakeFiles/f4_MPU9250.elf.dir/Core/Src/MPU9250.c.obj (__aeabi_ddiv)
C:/ST/STM32CubeCLT_1.16.0/GNU-tools-for-STM32/bin/../lib/gcc/arm-none-eabi/12.3.1/thumb/v7e-m/nofp\libgcc.a(_arm_fixdfsi.o)
                              CMakeFiles/f4_MPU9250.elf.dir/Core/Src/MPU9250.c.obj (__aeabi_d2iz)
C:/ST/STM32CubeCLT_1.16.0/GNU-tools-for-STM32/bin/../lib/gcc/arm-none-eabi/12.3.1/thumb/v7e-m/nofp\libgcc.a(_aeabi_uldivmod.o)
                              CMakeFiles/f4_MPU9250.elf.dir/Drivers/STM32F4xx_HAL_Driver/Src/stm32f4xx_hal_rcc.c.obj (__aeabi_uldivmod)
C:/ST/STM32CubeCLT_1.16.0/GNU-tools-for-STM32/bin/../lib/gcc/arm-none-eabi/12.3.1/thumb/v7e-m/nofp\libgcc.a(_udivmoddi4.o)
                              C:/ST/STM32CubeCLT_1.16.0/GNU-tools-for-STM32/bin/../lib/gcc/arm-none-eabi/12.3.1/thumb/v7e-m/nofp\libgcc.a(_aeabi_uldivmod.o) (__udivmoddi4)
C:/ST/STM32CubeCLT_1.16.0/GNU-tools-for-STM32/bin/../lib/gcc/arm-none-eabi/12.3.1/thumb/v7e-m/nofp\libgcc.a(_dvmd_tls.o)
                              C:/ST/STM32CubeCLT_1.16.0/GNU-tools-for-STM32/bin/../lib/gcc/arm-none-eabi/12.3.1/thumb/v7e-m/nofp\libgcc.a(_aeabi_uldivmod.o) (__aeabi_ldiv0)
C:/ST/STM32CubeCLT_1.16.0/GNU-tools-for-STM32/bin/../lib/gcc/arm-none-eabi/12.3.1/../../../../arm-none-eabi/lib/thumb/v7e-m/nofp\libc.a(libc_a-exit.o)
                              C:/ST/STM32CubeCLT_1.16.0/GNU-tools-for-STM32/bin/../lib/gcc/arm-none-eabi/12.3.1/../../../../arm-none-eabi/lib/thumb/v7e-m/nofp/crt0.o (exit)
C:/ST/STM32CubeCLT_1.16.0/GNU-tools-for-STM32/bin/../lib/gcc/arm-none-eabi/12.3.1/../../../../arm-none-eabi/lib/thumb/v7e-m/nofp\libc.a(libc_a-findfp.o)
                              C:/ST/STM32CubeCLT_1.16.0/GNU-tools-for-STM32/bin/../lib/gcc/arm-none-eabi/12.3.1/../../../../arm-none-eabi/lib/thumb/v7e-m/nofp\libc.a(libc_a-exit.o) (__stdio_exit_handler)
C:/ST/STM32CubeCLT_1.16.0/GNU-tools-for-STM32/bin/../lib/gcc/arm-none-eabi/12.3.1/../../../../arm-none-eabi/lib/thumb/v7e-m/nofp\libc.a(libc_a-fwalk.o)
                              C:/ST/STM32CubeCLT_1.16.0/GNU-tools-for-STM32/bin/../lib/gcc/arm-none-eabi/12.3.1/../../../../arm-none-eabi/lib/thumb/v7e-m/nofp\libc.a(libc_a-findfp.o) (_fwalk_sglue)
C:/ST/STM32CubeCLT_1.16.0/GNU-tools-for-STM32/bin/../lib/gcc/arm-none-eabi/12.3.1/../../../../arm-none-eabi/lib/thumb/v7e-m/nofp\libc.a(libc_a-stdio.o)
                              C:/ST/STM32CubeCLT_1.16.0/GNU-tools-for-STM32/bin/../lib/gcc/arm-none-eabi/12.3.1/../../../../arm-none-eabi/lib/thumb/v7e-m/nofp\libc.a(libc_a-findfp.o) (__sread)
C:/ST/STM32CubeCLT_1.16.0/GNU-tools-for-STM32/bin/../lib/gcc/arm-none-eabi/12.3.1/../../../../arm-none-eabi/lib/thumb/v7e-m/nofp\libc.a(libc_a-memset.o)
                              C:/ST/STM32CubeCLT_1.16.0/GNU-tools-for-STM32/bin/../lib/gcc/arm-none-eabi/12.3.1/../../../../arm-none-eabi/lib/thumb/v7e-m/nofp/crt0.o (memset)
C:/ST/STM32CubeCLT_1.16.0/GNU-tools-for-STM32/bin/../lib/gcc/arm-none-eabi/12.3.1/../../../../arm-none-eabi/lib/thumb/v7e-m/nofp\libc.a(libc_a-closer.o)
                              C:/ST/STM32CubeCLT_1.16.0/GNU-tools-for-STM32/bin/../lib/gcc/arm-none-eabi/12.3.1/../../../../arm-none-eabi/lib/thumb/v7e-m/nofp\libc.a(libc_a-stdio.o) (_close_r)
C:/ST/STM32CubeCLT_1.16.0/GNU-tools-for-STM32/bin/../lib/gcc/arm-none-eabi/12.3.1/../../../../arm-none-eabi/lib/thumb/v7e-m/nofp\libc.a(libc_a-reent.o)
                              C:/ST/STM32CubeCLT_1.16.0/GNU-tools-for-STM32/bin/../lib/gcc/arm-none-eabi/12.3.1/../../../../arm-none-eabi/lib/thumb/v7e-m/nofp\libc.a(libc_a-closer.o) (errno)
C:/ST/STM32CubeCLT_1.16.0/GNU-tools-for-STM32/bin/../lib/gcc/arm-none-eabi/12.3.1/../../../../arm-none-eabi/lib/thumb/v7e-m/nofp\libc.a(libc_a-impure.o)
                              C:/ST/STM32CubeCLT_1.16.0/GNU-tools-for-STM32/bin/../lib/gcc/arm-none-eabi/12.3.1/../../../../arm-none-eabi/lib/thumb/v7e-m/nofp\libc.a(libc_a-reent.o) (_impure_ptr)
C:/ST/STM32CubeCLT_1.16.0/GNU-tools-for-STM32/bin/../lib/gcc/arm-none-eabi/12.3.1/../../../../arm-none-eabi/lib/thumb/v7e-m/nofp\libc.a(libc_a-lseekr.o)
                              C:/ST/STM32CubeCLT_1.16.0/GNU-tools-for-STM32/bin/../lib/gcc/arm-none-eabi/12.3.1/../../../../arm-none-eabi/lib/thumb/v7e-m/nofp\libc.a(libc_a-stdio.o) (_lseek_r)
C:/ST/STM32CubeCLT_1.16.0/GNU-tools-for-STM32/bin/../lib/gcc/arm-none-eabi/12.3.1/../../../../arm-none-eabi/lib/thumb/v7e-m/nofp\libc.a(libc_a-readr.o)
[...]
Memory Configuration

Name             Origin             Length             Attributes
CCMRAM           0x10000000         0x00010000         xrw
RAM              0x20000000         0x00020000         xrw
FLASH            0x08000000         0x00100000         xr
*default*        0x00000000         0xffffffff

Linker script and memory map

LOAD C:/ST/STM32CubeCLT_1.16.0/GNU-tools-for-STM32/bin/../lib/gcc/arm-none-eabi/12.3.1/thumb/v7e-m/nofp/crti.o
LOAD C:/ST/STM32CubeCLT_1.16.0/GNU-tools-for-STM32/bin/../lib/gcc/arm-none-eabi/12.3.1/thumb/v7e-m/nofp/crtbegin.o
LOAD C:/ST/STM32CubeCLT_1.16.0/GNU-tools-for-STM32/bin/../lib/gcc/arm-none-eabi/12.3.1/../../../../arm-none-eabi/lib/thumb/v7e-m/nofp/crt0.o
LOAD CMakeFiles/f4_MPU9250.elf.dir/Core/Src/MPU9250.c.obj
LOAD CMakeFiles/f4_MPU9250.elf.dir/Core/Src/main.c.obj
LOAD CMakeFiles/f4_MPU9250.elf.dir/Core/Src/stm32f4xx_hal_msp.c.obj
LOAD CMakeFiles/f4_MPU9250.elf.dir/Core/Src/stm32f4xx_it.c.obj
LOAD CMakeFiles/f4_MPU9250.elf.dir/Core/Src/syscalls.c.obj
LOAD CMakeFiles/f4_MPU9250.elf.dir/Core/Src/sysmem.c.obj
LOAD CMakeFiles/f4_MPU9250.elf.dir/Core/Src/system_stm32f4xx.c.obj
LOAD CMakeFiles/f4_MPU9250.elf.dir/Core/Startup/startup_stm32f407zgtx.s.obj
LOAD CMakeFiles/f4_MPU9250.elf.dir/Drivers/STM32F4xx_HAL_Driver/Src/stm32f4xx_hal.c.obj
LOAD CMakeFiles/f4_MPU9250.elf.dir/Drivers/STM32F4xx_HAL_Driver/Src/stm32f4xx_hal_cortex.c.obj
LOAD CMakeFiles/f4_MPU9250.elf.dir/Drivers/STM32F4xx_HAL_Driver/Src/stm32f4xx_hal_dma.c.obj
LOAD CMakeFiles/f4_MPU9250.elf.dir/Drivers/STM32F4xx_HAL_Driver/Src/stm32f4xx_hal_dma_ex.c.obj
LOAD CMakeFiles/f4_MPU9250.elf.dir/Drivers/STM32F4xx_HAL_Driver/Src/stm32f4xx_hal_exti.c.obj
LOAD CMakeFiles/f4_MPU9250.elf.dir/Drivers/STM32F4xx_HAL_Driver/Src/stm32f4xx_hal_flash.c.obj
LOAD CMakeFiles/f4_MPU9250.elf.dir/Drivers/STM32F4xx_HAL_Driver/Src/stm32f4xx_hal_flash_ex.c.obj
LOAD CMakeFiles/f4_MPU9250.elf.dir/Drivers/STM32F4xx_HAL_Driver/Src/stm32f4xx_hal_flash_ramfunc.c.obj
LOAD CMakeFiles/f4_MPU9250.elf.dir/Drivers/STM32F4xx_HAL_Driver/Src/stm32f4xx_hal_gpio.c.obj
LOAD CMakeFiles/f4_MPU9250.elf.dir/Drivers/STM32F4xx_HAL_Driver/Src/stm32f4xx_hal_i2c.c.obj
LOAD CMakeFiles/f4_MPU9250.elf.dir/Drivers/STM32F4xx_HAL_Driver/Src/stm32f4xx_hal_i2c_ex.c.obj
LOAD CMakeFiles/f4_MPU9250.elf.dir/Drivers/STM32F4xx_HAL_Driver/Src/stm32f4xx_hal_pwr.c.obj
LOAD CMakeFiles/f4_MPU9250.elf.dir/Drivers/STM32F4xx_HAL_Driver/Src/stm32f4xx_hal_pwr_ex.c.obj
LOAD CMakeFiles/f4_MPU9250.elf.dir/Drivers/STM32F4xx_HAL_Driver/Src/stm32f4xx_hal_rcc.c.obj
LOAD CMakeFiles/f4_MPU9250.elf.dir/Drivers/STM32F4xx_HAL_Driver/Src/stm32f4xx_hal_rcc_ex.c.obj
LOAD CMakeFiles/f4_MPU9250.elf.dir/Drivers/STM32F4xx_HAL_Driver/Src/stm32f4xx_hal_spi.c.obj
LOAD CMakeFiles/f4_MPU9250.elf.dir/Drivers/STM32F4xx_HAL_Driver/Src/stm32f4xx_hal_tim.c.obj
LOAD CMakeFiles/f4_MPU9250.elf.dir/Drivers/STM32F4xx_HAL_Driver/Src/stm32f4xx_hal_tim_ex.c.obj
LOAD CMakeFiles/f4_MPU9250.elf.dir/Drivers/STM32F4xx_HAL_Driver/Src/stm32f4xx_hal_uart.c.obj
START GROUP
LOAD C:/ST/STM32CubeCLT_1.16.0/GNU-tools-for-STM32/bin/../lib/gcc/arm-none-eabi/12.3.1/thumb/v7e-m/nofp\libgcc.a
LOAD C:/ST/STM32CubeCLT_1.16.0/GNU-tools-for-STM32/bin/../lib/gcc/arm-none-eabi/12.3.1/../../../../arm-none-eabi/lib/thumb/v7e-m/nofp\libc.a
END GROUP
LOAD C:/ST/STM32CubeCLT_1.16.0/GNU-tools-for-STM32/bin/../lib/gcc/arm-none-eabi/12.3.1/thumb/v7e-m/nofp/crtend.o
LOAD C:/ST/STM32CubeCLT_1.16.0/GNU-tools-for-STM32/bin/../lib/gcc/arm-none-eabi/12.3.1/thumb/v7e-m/nofp/crtn.o
                0x20020000                        _estack = (ORIGIN (RAM) + LENGTH (RAM))
                0x00000200                        _Min_Heap_Size = 0x200
                0x00000400                        _Min_Stack_Size = 0x400

.isr_vector     0x08000000      0x188
                0x08000000                        . = ALIGN (0x4)
 *(.isr_vector)
 .isr_vector    0x08000000      0x188 CMakeFiles/f4_MPU9250.elf.dir/Core/Startup/startup_stm32f407zgtx.s.obj
                0x08000000                g_pfnVectors
                0x08000188                        . = ALIGN (0x4)

.text           0x08000188     0x374c
                0x08000188                        . = ALIGN (0x4)
 *(.text)
 .text          0x08000188       0x40 C:/ST/STM32CubeCLT_1.16.0/GNU-tools-for-STM32/bin/../lib/gcc/arm-none-eabi/12.3.1/thumb/v7e-m/nofp/crtbegin.o
 .text          0x080001c8       0x30 C:/ST/STM32CubeCLT_1.16.0/GNU-tools-for-STM32/bin/../lib/gcc/arm-none-eabi/12.3.1/thumb/v7e-m/nofp\libgcc.a(_aeabi_uldivmod.o)
                0x080001c8                __aeabi_uldivmod
 .text          0x080001f8      0x2bc C:/ST/STM32CubeCLT_1.16.0/GNU-tools-for-STM32/bin/../lib/gcc/arm-none-eabi/12.3.1/thumb/v7e-m/nofp\libgcc.a(_udivmoddi4.o)
                0x080001f8                __udivmoddi4
 .text          0x080004b4        0x4 C:/ST/STM32CubeCLT_1.16.0/GNU-tools-for-STM32/bin/../lib/gcc/arm-none-eabi/12.3.1/thumb/v7e-m/nofp\libgcc.a(_dvmd_tls.o)
                0x080004b4                __aeabi_idiv0
                0x080004b4                __aeabi_ldiv0
 .text          0x080004b8       0x10 C:/ST/STM32CubeCLT_1.16.0/GNU-tools-for-STM32/bin/../lib/gcc/arm-none-eabi/12.3.1/../../../../arm-none-eabi/lib/thumb/v7e-m/nofp\libc.a(libc_a-strlen.o)
                0x080004b8                strlen
 *(.text*)
 .text.MPU9250_Write_Reg
                0x080004c8       0x70 CMakeFiles/f4_MPU9250.elf.dir/Core/Src/MPU9250.c.obj
                0x080004c8                MPU9250_Write_Reg
 .text.i2c_Mag_write
                0x08000538       0x6a CMakeFiles/f4_MPU9250.elf.dir/Core/Src/MPU9250.c.obj
 *fill*         0x080005a2        0x2 
 .text.MPU9250_Read_Reg
                0x080005a4       0x68 CMakeFiles/f4_MPU9250.elf.dir/Core/Src/MPU9250.c.obj
                0x080005a4                MPU9250_Read_Reg
 .text.i2c_Mag_read
                0x0800060c       0x68 CMakeFiles/f4_MPU9250.elf.dir/Core/Src/MPU9250.c.obj
 .text.Init_MPU9250
                0x08000674      0x142 CMakeFiles/f4_MPU9250.elf.dir/Core/Src/MPU9250.c.obj
                0x08000674                Init_MPU9250
 *fill*         0x080007b6        0x2 
 .text.READ_MPU9250_MAG
                0x080007b8      0x100 CMakeFiles/f4_MPU9250.elf.dir/Core/Src/MPU9250.c.obj
                0x080007b8                READ_MPU9250_MAG
 .text.MX_GPIO_Init
                0x080008b8       0xcc CMakeFiles/f4_MPU9250.elf.dir/Core/Src/main.c.obj
 .text.MX_DMA_Init
                0x08000984       0x44 CMakeFiles/f4_MPU9250.elf.dir/Core/Src/main.c.obj
 .text.Error_Handler
                0x080009c8        0x4 CMakeFiles/f4_MPU9250.elf.dir/Core/Src/main.c.obj
                0x080009c8                Error_Handler
 .text.MX_USART1_UART_Init
                0x080009cc       0x34 CMakeFiles/f4_MPU9250.elf.dir/Core/Src/main.c.obj
 .text.MX_I2C1_Init
                0x08000a00       0x38 CMakeFiles/f4_MPU9250.elf.dir/Core/Src/main.c.obj
 .text.MX_I2C2_Init
                0x08000a38       0x38 CMakeFiles/f4_MPU9250.elf.dir/Core/Src/main.c.obj
 .text.MX_SPI1_Init
                0x08000a70       0x40 CMakeFiles/f4_MPU9250.elf.dir/Core/Src/main.c.obj
 .text.MX_SPI2_Init
                0x08000ab0       0x40 CMakeFiles/f4_MPU9250.elf.dir/Core/Src/main.c.obj
 .text.SystemClock_Config
                0x08000af0       0xac CMakeFiles/f4_MPU9250.elf.dir/Core/Src/main.c.obj
                0x08000af0                SystemClock_Config
 .text.main     0x08000b9c       0xec CMakeFiles/f4_MPU9250.elf.dir/Core/Src/main.c.obj
                0x08000b9c                main
 .text.HAL_MspInit
                0x08000c88       0x38 CMakeFiles/f4_MPU9250.elf.dir/Core/Src/stm32f4xx_hal_msp.c.obj
                0x08000c88                HAL_MspInit
 .text.HAL_I2C_MspInit
                0x08000cc0       0xe4 CMakeFiles/f4_MPU9250.elf.dir/Core/Src/stm32f4xx_hal_msp.c.obj
                0x08000cc0                HAL_I2C_MspInit
 .text.HAL_SPI_MspInit
                0x08000da4      0x16c CMakeFiles/f4_MPU9250.elf.dir/Core/Src/stm32f4xx_hal_msp.c.obj
                0x08000da4                HAL_SPI_MspInit
 .text.HAL_UART_MspInit
                0x08000f10       0x74 CMakeFiles/f4_MPU9250.elf.dir/Core/Src/stm32f4xx_hal_msp.c.obj
                0x08000f10                HAL_UART_MspInit
 .text.NMI_Handler
                0x08000f84        0x2 CMakeFiles/f4_MPU9250.elf.dir/Core/Src/stm32f4xx_it.c.obj
                0x08000f84                NMI_Handler
 .text.HardFault_Handler
                0x08000f86        0x2 CMakeFiles/f4_MPU9250.elf.dir/Core/Src/stm32f4xx_it.c.obj
                0x08000f86                HardFault_Handler
 .text.MemManage_Handler
                0x08000f88        0x2 CMakeFiles/f4_MPU9250.elf.dir/Core/Src/stm32f4xx_it.c.obj
                0x08000f88                MemManage_Handler
 .text.BusFault_Handler
                0x08000f8a        0x2 CMakeFiles/f4_MPU9250.elf.dir/Core/Src/stm32f4xx_it.c.obj
                0x08000f8a                BusFault_Handler
 .text.UsageFault_Handler
                0x08000f8c        0x2 CMakeFiles/f4_MPU9250.elf.dir/Core/Src/stm32f4xx_it.c.obj
                0x08000f8c                UsageFault_Handler
 .text.SVC_Handler
                0x08000f8e        0x2 CMakeFiles/f4_MPU9250.elf.dir/Core/Src/stm32f4xx_it.c.obj
                0x08000f8e                SVC_Handler
 .text.DebugMon_Handler
                0x08000f90        0x2 CMakeFiles/f4_MPU9250.elf.dir/Core/Src/stm32f4xx_it.c.obj
                0x08000f90                DebugMon_Handler
 .text.PendSV_Handler
                0x08000f92        0x2 CMakeFiles/f4_MPU9250.elf.dir/Core/Src/stm32f4xx_it.c.obj
                0x08000f92                PendSV_Handler
 .text.SysTick_Handler
                0x08000f94        0x8 CMakeFiles/f4_MPU9250.elf.dir/Core/Src/stm32f4xx_it.c.obj
                0x08000f94                SysTick_Handler
 .text.I2C1_EV_IRQHandler
                0x08000f9c       0x10 CMakeFiles/f4_MPU9250.elf.dir/Core/Src/stm32f4xx_it.c.obj
                0x08000f9c                I2C1_EV_IRQHandler
 .text.I2C1_ER_IRQHandler
                0x08000fac       0x10 CMakeFiles/f4_MPU9250.elf.dir/Core/Src/stm32f4xx_it.c.obj
                0x08000fac                I2C1_ER_IRQHandler
 .text.DMA2_Stream0_IRQHandler
                0x08000fbc       0x10 CMakeFiles/f4_MPU9250.elf.dir/Core/Src/stm32f4xx_it.c.obj
                0x08000fbc                DMA2_Stream0_IRQHandler
 .text.DMA2_Stream3_IRQHandler
                0x08000fcc       0x10 CMakeFiles/f4_MPU9250.elf.dir/Core/Src/stm32f4xx_it.c.obj
                0x08000fcc                DMA2_Stream3_IRQHandler
 .text.SystemInit
                0x08000fdc        0x2 CMakeFiles/f4_MPU9250.elf.dir/Core/Src/system_stm32f4xx.c.obj
                0x08000fdc                SystemInit
 *fill*         0x08000fde        0x2 
 .text.Reset_Handler
                0x08000fe0       0x50 CMakeFiles/f4_MPU9250.elf.dir/Core/Startup/startup_stm32f407zgtx.s.obj
                0x08000fe0                Reset_Handler
 .text.Default_Handler
                0x08001030        0x2 CMakeFiles/f4_MPU9250.elf.dir/Core/Startup/startup_stm32f407zgtx.s.obj
                0x08001030                RTC_Alarm_IRQHandler
                0x08001030                HASH_RNG_IRQHandler
                0x08001030                EXTI2_IRQHandler
                0x08001030                TIM8_CC_IRQHandler
                0x08001030                TIM1_CC_IRQHandler
                0x08001030                DMA2_Stream5_IRQHandler
                0x08001030                DMA1_Stream5_IRQHandler
                0x08001030                PVD_IRQHandler
                0x08001030                SDIO_IRQHandler
                0x08001030                TAMP_STAMP_IRQHandler
                0x08001030                CAN2_RX1_IRQHandler
                0x08001030                EXTI3_IRQHandler
                0x08001030                TIM8_TRG_COM_TIM14_IRQHandler
                0x08001030                TIM1_UP_TIM10_IRQHandler
                0x08001030                TIM8_UP_TIM13_IRQHandler
                0x08001030                I2C3_ER_IRQHandler
                0x08001030                EXTI0_IRQHandler
                0x08001030                I2C2_EV_IRQHandler
                0x08001030                DMA1_Stream2_IRQHandler
                0x08001030                CAN1_RX0_IRQHandler
                0x08001030                FPU_IRQHandler
                0x08001030                OTG_HS_WKUP_IRQHandler
                0x08001030                CAN2_SCE_IRQHandler
                0x08001030                DMA2_Stream2_IRQHandler
                0x08001030                SPI1_IRQHandler
                0x08001030                TIM6_DAC_IRQHandler
                0x08001030                TIM1_BRK_TIM9_IRQHandler
                0x08001030                DCMI_IRQHandler
                0x08001030                CAN2_RX0_IRQHandler
                0x08001030                USART6_IRQHandler
                0x08001030                USART3_IRQHandler
                0x08001030                CAN1_RX1_IRQHandler
                0x08001030                UART5_IRQHandler
                0x08001030                TIM4_IRQHandler
                0x08001030                DMA1_Stream6_IRQHandler
                0x08001030                DMA1_Stream1_IRQHandler
                0x08001030                UART4_IRQHandler
                0x08001030                TIM3_IRQHandler
                0x08001030                RCC_IRQHandler
                0x08001030                TIM8_BRK_TIM12_IRQHandler
                0x08001030                Default_Handler
                0x08001030                EXTI15_10_IRQHandler
                0x08001030                ADC_IRQHandler
                0x08001030                DMA1_Stream7_IRQHandler
                0x08001030                TIM7_IRQHandler
                0x08001030                CAN2_TX_IRQHandler
                0x08001030                TIM5_IRQHandler
                0x08001030                DMA2_Stream7_IRQHandler
                0x08001030                I2C3_EV_IRQHandler
                0x08001030                EXTI9_5_IRQHandler
                0x08001030                RTC_WKUP_IRQHandler
                0x08001030                ETH_WKUP_IRQHandler
                0x08001030                SPI2_IRQHandler
                0x08001030                OTG_HS_EP1_IN_IRQHandler
                0x08001030                DMA1_Stream0_IRQHandler
                0x08001030                CAN1_TX_IRQHandler
                0x08001030                EXTI4_IRQHandler
                0x08001030                FSMC_IRQHandler
                0x08001030                ETH_IRQHandler
                0x08001030                OTG_HS_EP1_OUT_IRQHandler
                0x08001030                WWDG_IRQHandler
                0x08001030                TIM2_IRQHandler
                0x08001030                OTG_FS_WKUP_IRQHandler
                0x08001030                TIM1_TRG_COM_TIM11_IRQHandler
                0x08001030                OTG_HS_IRQHandler
                0x08001030                EXTI1_IRQHandler
                0x08001030                USART2_IRQHandler
                0x08001030                I2C2_ER_IRQHandler
                0x08001030                DMA2_Stream1_IRQHandler
                0x08001030                CAN1_SCE_IRQHandler
                0x08001030                FLASH_IRQHandler
                0x08001030                DMA2_Stream4_IRQHandler
                0x08001030                USART1_IRQHandler
                0x08001030                OTG_FS_IRQHandler
                0x08001030                SPI3_IRQHandler
                0x08001030                DMA1_Stream4_IRQHandler
                0x08001030                DMA2_Stream6_IRQHandler
                0x08001030                DMA1_Stream3_IRQHandler
 *fill*         0x08001032        0x2 
 .text.HAL_InitTick
                0x08001034       0x4c CMakeFiles/f4_MPU9250.elf.dir/Drivers/STM32F4xx_HAL_Driver/Src/stm32f4xx_hal.c.obj
                0x08001034                HAL_InitTick
 .text.HAL_Init
                0x08001080       0x34 CMakeFiles/f4_MPU9250.elf.dir/Drivers/STM32F4xx_HAL_Driver/Src/stm32f4xx_hal.c.obj
                0x08001080                HAL_Init
 .text.HAL_IncTick
                0x080010b4       0x18 CMakeFiles/f4_MPU9250.elf.dir/Drivers/STM32F4xx_HAL_Driver/Src/stm32f4xx_hal.c.obj
                0x080010b4                HAL_IncTick
 .text.HAL_GetTick
                0x080010cc        0xc CMakeFiles/f4_MPU9250.elf.dir/Drivers/STM32F4xx_HAL_Driver/Src/stm32f4xx_hal.c.obj
                0x080010cc                HAL_GetTick
 .text.HAL_Delay
                0x080010d8       0x28 CMakeFiles/f4_MPU9250.elf.dir/Drivers/STM32F4xx_HAL_Driver/Src/stm32f4xx_hal.c.obj
                0x080010d8                HAL_Delay
 .text.__NVIC_EnableIRQ
                0x08001100       0x1c CMakeFiles/f4_MPU9250.elf.dir/Drivers/STM32F4xx_HAL_Driver/Src/stm32f4xx_hal_cortex.c.obj
 .text.__NVIC_SetPriority
                0x0800111c       0x28 CMakeFiles/f4_MPU9250.elf.dir/Drivers/STM32F4xx_HAL_Driver/Src/stm32f4xx_hal_cortex.c.obj
 .text.NVIC_EncodePriority
                0x08001144       0x3e CMakeFiles/f4_MPU9250.elf.dir/Drivers/STM32F4xx_HAL_Driver/Src/stm32f4xx_hal_cortex.c.obj
 *fill*         0x08001182        0x2 
 .text.HAL_NVIC_SetPriorityGrouping
                0x08001184       0x24 CMakeFiles/f4_MPU9250.elf.dir/Drivers/STM32F4xx_HAL_Driver/Src/stm32f4xx_hal_cortex.c.obj
                0x08001184                HAL_NVIC_SetPriorityGrouping
 .text.HAL_NVIC_SetPriority
                0x080011a8       0x20 CMakeFiles/f4_MPU9250.elf.dir/Drivers/STM32F4xx_HAL_Driver/Src/stm32f4xx_hal_cortex.c.obj
                0x080011a8                HAL_NVIC_SetPriority
 .text.HAL_NVIC_EnableIRQ
                0x080011c8        0x8 CMakeFiles/f4_MPU9250.elf.dir/Drivers/STM32F4xx_HAL_Driver/Src/stm32f4xx_hal_cortex.c.obj
                0x080011c8                HAL_NVIC_EnableIRQ
 .text.HAL_SYSTICK_Config
                0x080011d0       0x28 CMakeFiles/f4_MPU9250.elf.dir/Drivers/STM32F4xx_HAL_Driver/Src/stm32f4xx_hal_cortex.c.obj
                0x080011d0                HAL_SYSTICK_Config
 .text.DMA_CalcBaseAndBitshift
                0x080011f8       0x40 CMakeFiles/f4_MPU9250.elf.dir/Drivers/STM32F4xx_HAL_Driver/Src/stm32f4xx_hal_dma.c.obj
 .text.DMA_CheckFifoParam
                0x08001238       0x8e CMakeFiles/f4_MPU9250.elf.dir/Drivers/STM32F4xx_HAL_Driver/Src/stm32f4xx_hal_dma.c.obj
 *fill*         0x080012c6        0x2 
 .text.HAL_DMA_Init
                0x080012c8       0xcc CMakeFiles/f4_MPU9250.elf.dir/Drivers/STM32F4xx_HAL_Driver/Src/stm32f4xx_hal_dma.c.obj
                0x080012c8                HAL_DMA_Init
 .text.HAL_DMA_Abort_IT
                0x08001394       0x26 CMakeFiles/f4_MPU9250.elf.dir/Drivers/STM32F4xx_HAL_Driver/Src/stm32f4xx_hal_dma.c.obj
                0x08001394                HAL_DMA_Abort_IT
 *fill*         0x080013ba        0x2 
 .text.HAL_DMA_IRQHandler
                0x080013bc      0x1dc CMakeFiles/f4_MPU9250.elf.dir/Drivers/STM32F4xx_HAL_Driver/Src/stm32f4xx_hal_dma.c.obj
                0x080013bc                HAL_DMA_IRQHandler
 .text.HAL_DMA_GetState
                0x08001598        0x6 CMakeFiles/f4_MPU9250.elf.dir/Drivers/STM32F4xx_HAL_Driver/Src/stm32f4xx_hal_dma.c.obj
                0x08001598                HAL_DMA_GetState
 *fill*         0x0800159e        0x2 
 .text.HAL_GPIO_Init
                0x080015a0      0x1f4 CMakeFiles/f4_MPU9250.elf.dir/Drivers/STM32F4xx_HAL_Driver/Src/stm32f4xx_hal_gpio.c.obj
                0x080015a0                HAL_GPIO_Init
 .text.HAL_GPIO_WritePin
                0x08001794        0xc CMakeFiles/f4_MPU9250.elf.dir/Drivers/STM32F4xx_HAL_Driver/Src/stm32f4xx_hal_gpio.c.obj
                0x08001794                HAL_GPIO_WritePin
 .text.I2C_Flush_DR
                0x080017a0       0x10 CMakeFiles/f4_MPU9250.elf.dir/Drivers/STM32F4xx_HAL_Driver/Src/stm32f4xx_hal_i2c.c.obj
 .text.I2C_Master_SB
                0x080017b0       0xa8 CMakeFiles/f4_MPU9250.elf.dir/Drivers/STM32F4xx_HAL_Driver/Src/stm32f4xx_hal_i2c.c.obj
 .text.I2C_Master_ADD10
                0x08001858       0x2a CMakeFiles/f4_MPU9250.elf.dir/Drivers/STM32F4xx_HAL_Driver/Src/stm32f4xx_hal_i2c.c.obj
 *fill*         0x08001882        0x2 
 .text.I2C_Master_ADDR
                0x08001884      0x230 CMakeFiles/f4_MPU9250.elf.dir/Drivers/STM32F4xx_HAL_Driver/Src/stm32f4xx_hal_i2c.c.obj
 .text.I2C_SlaveTransmit_BTF
                0x08001ab4       0x20 CMakeFiles/f4_MPU9250.elf.dir/Drivers/STM32F4xx_HAL_Driver/Src/stm32f4xx_hal_i2c.c.obj
 .text.I2C_SlaveReceive_BTF
                0x08001ad4       0x20 CMakeFiles/f4_MPU9250.elf.dir/Drivers/STM32F4xx_HAL_Driver/Src/stm32f4xx_hal_i2c.c.obj
 .text.I2C_WaitOnSTOPRequestThroughIT
                0x08001af4       0x48 CMakeFiles/f4_MPU9250.elf.dir/Drivers/STM32F4xx_HAL_Driver/Src/stm32f4xx_hal_i2c.c.obj
 .text.I2C_ConvertOtherXferOptions
                0x08001b3c       0x1e CMakeFiles/f4_MPU9250.elf.dir/Drivers/STM32F4xx_HAL_Driver/Src/stm32f4xx_hal_i2c.c.obj
 *fill*         0x08001b5a        0x2 
 .text.HAL_I2C_Init
                0x08001b5c      0x1bc CMakeFiles/f4_MPU9250.elf.dir/Drivers/STM32F4xx_HAL_Driver/Src/stm32f4xx_hal_i2c.c.obj
                0x08001b5c                HAL_I2C_Init
 .text.HAL_I2C_MasterTxCpltCallback
                0x08001d18        0x2 CMakeFiles/f4_MPU9250.elf.dir/Drivers/STM32F4xx_HAL_Driver/Src/stm32f4xx_hal_i2c.c.obj
                0x08001d18                HAL_I2C_MasterTxCpltCallback
 .text.HAL_I2C_MasterRxCpltCallback
                0x08001d1a        0x2 CMakeFiles/f4_MPU9250.elf.dir/Drivers/STM32F4xx_HAL_Driver/Src/stm32f4xx_hal_i2c.c.obj
                0x08001d1a                HAL_I2C_MasterRxCpltCallback
 .text.HAL_I2C_SlaveTxCpltCallback
                0x08001d1c        0x2 CMakeFiles/f4_MPU9250.elf.dir/Drivers/STM32F4xx_HAL_Driver/Src/stm32f4xx_hal_i2c.c.obj
                0x08001d1c                HAL_I2C_SlaveTxCpltCallback
 .text.I2C_SlaveTransmit_TXE
                0x08001d1e       0x4c CMakeFiles/f4_MPU9250.elf.dir/Drivers/STM32F4xx_HAL_Driver/Src/stm32f4xx_hal_i2c.c.obj
 .text.HAL_I2C_SlaveRxCpltCallback
                0x08001d6a        0x2 CMakeFiles/f4_MPU9250.elf.dir/Drivers/STM32F4xx_HAL_Driver/Src/stm32f4xx_hal_i2c.c.obj
                0x08001d6a                HAL_I2C_SlaveRxCpltCallback
 .text.I2C_SlaveReceive_RXNE
                0x08001d6c       0x4c CMakeFiles/f4_MPU9250.elf.dir/Drivers/STM32F4xx_HAL_Driver/Src/stm32f4xx_hal_i2c.c.obj
 .text.HAL_I2C_AddrCallback
                0x08001db8        0x2 CMakeFiles/f4_MPU9250.elf.dir/Drivers/STM32F4xx_HAL_Driver/Src/stm32f4xx_hal_i2c.c.obj
                0x08001db8                HAL_I2C_AddrCallback
 .text.I2C_Slave_ADDR
                0x08001dba       0x5a CMakeFiles/f4_MPU9250.elf.dir/Drivers/STM32F4xx_HAL_Driver/Src/stm32f4xx_hal_i2c.c.obj
 .text.HAL_I2C_ListenCpltCallback
                0x08001e14        0x2 CMakeFiles/f4_MPU9250.elf.dir/Drivers/STM32F4xx_HAL_Driver/Src/stm32f4xx_hal_i2c.c.obj
                0x08001e14                HAL_I2C_ListenCpltCallback
 *fill*         0x08001e16        0x2 
 .text.I2C_Slave_AF
                0x08001e18       0xa0 CMakeFiles/f4_MPU9250.elf.dir/Drivers/STM32F4xx_HAL_Driver/Src/stm32f4xx_hal_i2c.c.obj
 .text.HAL_I2C_MemTxCpltCallback
                0x08001eb8        0x2 CMakeFiles/f4_MPU9250.elf.dir/Drivers/STM32F4xx_HAL_Driver/Src/stm32f4xx_hal_i2c.c.obj
                0x08001eb8                HAL_I2C_MemTxCpltCallback
 .text.I2C_MasterTransmit_BTF
                0x08001eba       0x9e CMakeFiles/f4_MPU9250.elf.dir/Drivers/STM32F4xx_HAL_Driver/Src/stm32f4xx_hal_i2c.c.obj
 .text.I2C_MemoryTransmit_TXE_BTF
                0x08001f58       0xc4 CMakeFiles/f4_MPU9250.elf.dir/Drivers/STM32F4xx_HAL_Driver/Src/stm32f4xx_hal_i2c.c.obj
 .text.I2C_MasterTransmit_TXE
                0x0800201c       0xd4 CMakeFiles/f4_MPU9250.elf.dir/Drivers/STM32F4xx_HAL_Driver/Src/stm32f4xx_hal_i2c.c.obj
 .text.HAL_I2C_MemRxCpltCallback
                0x080020f0        0x2 CMakeFiles/f4_MPU9250.elf.dir/Drivers/STM32F4xx_HAL_Driver/Src/stm32f4xx_hal_i2c.c.obj
                0x080020f0                HAL_I2C_MemRxCpltCallback
 .text.I2C_MasterReceive_BTF
                0x080020f2      0x140 CMakeFiles/f4_MPU9250.elf.dir/Drivers/STM32F4xx_HAL_Driver/Src/stm32f4xx_hal_i2c.c.obj
 .text.HAL_I2C_ErrorCallback
                0x08002232        0x2 CMakeFiles/f4_MPU9250.elf.dir/Drivers/STM32F4xx_HAL_Driver/Src/stm32f4xx_hal_i2c.c.obj
                0x08002232                HAL_I2C_ErrorCallback
 .text.I2C_MasterReceive_RXNE
                0x08002234      0x106 CMakeFiles/f4_MPU9250.elf.dir/Drivers/STM32F4xx_HAL_Driver/Src/stm32f4xx_hal_i2c.c.obj
 .text.HAL_I2C_AbortCpltCallback
                0x0800233a        0x2 CMakeFiles/f4_MPU9250.elf.dir/Drivers/STM32F4xx_HAL_Driver/Src/stm32f4xx_hal_i2c.c.obj
                0x0800233a                HAL_I2C_AbortCpltCallback
 .text.I2C_DMAAbort
                0x0800233c       0xe4 CMakeFiles/f4_MPU9250.elf.dir/Drivers/STM32F4xx_HAL_Driver/Src/stm32f4xx_hal_i2c.c.obj
 .text.I2C_ITError
                0x08002420      0x178 CMakeFiles/f4_MPU9250.elf.dir/Drivers/STM32F4xx_HAL_Driver/Src/stm32f4xx_hal_i2c.c.obj
 .text.I2C_Slave_STOPF
                0x08002598      0x18c CMakeFiles/f4_MPU9250.elf.dir/Drivers/STM32F4xx_HAL_Driver/Src/stm32f4xx_hal_i2c.c.obj
 .text.HAL_I2C_EV_IRQHandler
                0x08002724      0x1a0 CMakeFiles/f4_MPU9250.elf.dir/Drivers/STM32F4xx_HAL_Driver/Src/stm32f4xx_hal_i2c.c.obj
                0x08002724                HAL_I2C_EV_IRQHandler
 .text.HAL_I2C_ER_IRQHandler
                0x080028c4       0xbc CMakeFiles/f4_MPU9250.elf.dir/Drivers/STM32F4xx_HAL_Driver/Src/stm32f4xx_hal_i2c.c.obj
                0x080028c4                HAL_I2C_ER_IRQHandler
 .text.HAL_RCC_OscConfig
                0x08002980      0x3f8 CMakeFiles/f4_MPU9250.elf.dir/Drivers/STM32F4xx_HAL_Driver/Src/stm32f4xx_hal_rcc.c.obj
                0x08002980                HAL_RCC_OscConfig
 .text.HAL_RCC_GetSysClockFreq
                0x08002d78       0xdc CMakeFiles/f4_MPU9250.elf.dir/Drivers/STM32F4xx_HAL_Driver/Src/stm32f4xx_hal_rcc.c.obj
                0x08002d78                HAL_RCC_GetSysClockFreq
 .text.HAL_RCC_ClockConfig
                0x08002e54      0x160 CMakeFiles/f4_MPU9250.elf.dir/Drivers/STM32F4xx_HAL_Driver/Src/stm32f4xx_hal_rcc.c.obj
                0x08002e54                HAL_RCC_ClockConfig
 .text.HAL_RCC_GetHCLKFreq
                0x08002fb4        0xc CMakeFiles/f4_MPU9250.elf.dir/Drivers/STM32F4xx_HAL_Driver/Src/stm32f4xx_hal_rcc.c.obj
                0x08002fb4                HAL_RCC_GetHCLKFreq
 .text.HAL_RCC_GetPCLK1Freq
                0x08002fc0       0x20 CMakeFiles/f4_MPU9250.elf.dir/Drivers/STM32F4xx_HAL_Driver/Src/stm32f4xx_hal_rcc.c.obj
                0x08002fc0                HAL_RCC_GetPCLK1Freq
 .text.HAL_RCC_GetPCLK2Freq
                0x08002fe0       0x20 CMakeFiles/f4_MPU9250.elf.dir/Drivers/STM32F4xx_HAL_Driver/Src/stm32f4xx_hal_rcc.c.obj
                0x08002fe0                HAL_RCC_GetPCLK2Freq
 .text.SPI_WaitFlagStateUntilTimeout
                0x08003000       0xc8 CMakeFiles/f4_MPU9250.elf.dir/Drivers/STM32F4xx_HAL_Driver/Src/stm32f4xx_hal_spi.c.obj
 .text.SPI_EndRxTxTransaction
                0x080030c8       0x80 CMakeFiles/f4_MPU9250.elf.dir/Drivers/STM32F4xx_HAL_Driver/Src/stm32f4xx_hal_spi.c.obj
 .text.HAL_SPI_Init
                0x08003148       0xbe CMakeFiles/f4_MPU9250.elf.dir/Drivers/STM32F4xx_HAL_Driver/Src/stm32f4xx_hal_spi.c.obj
                0x08003148                HAL_SPI_Init
 .text.HAL_SPI_TransmitReceive
                0x08003206      0x254 CMakeFiles/f4_MPU9250.elf.dir/Drivers/STM32F4xx_HAL_Driver/Src/stm32f4xx_hal_spi.c.obj
                0x08003206                HAL_SPI_TransmitReceive
 .text.UART_EndRxTransfer
                0x0800345a       0x5c CMakeFiles/f4_MPU9250.elf.dir/Drivers/STM32F4xx_HAL_Driver/Src/stm32f4xx_hal_uart.c.obj
 *fill*         0x080034b6        0x2 
 .text.UART_SetConfig
                0x080034b8      0x110 CMakeFiles/f4_MPU9250.elf.dir/Drivers/STM32F4xx_HAL_Driver/Src/stm32f4xx_hal_uart.c.obj
 .text.UART_WaitOnFlagUntilTimeout
                0x080035c8       0x86 CMakeFiles/f4_MPU9250.elf.dir/Drivers/STM32F4xx_HAL_Driver/Src/stm32f4xx_hal_uart.c.obj
 .text.HAL_UART_Init
                0x0800364e       0x60 CMakeFiles/f4_MPU9250.elf.dir/Drivers/STM32F4xx_HAL_Driver/Src/stm32f4xx_hal_uart.c.obj
                0x0800364e                HAL_UART_Init
 .text.HAL_UART_Transmit
                0x080036ae       0xcc CMakeFiles/f4_MPU9250.elf.dir/Drivers/STM32F4xx_HAL_Driver/Src/stm32f4xx_hal_uart.c.obj
                0x080036ae                HAL_UART_Transmit
 .text.memset   0x0800377a       0x10 C:/ST/STM32CubeCLT_1.16.0/GNU-tools-for-STM32/bin/../lib/gcc/arm-none-eabi/12.3.1/../../../../arm-none-eabi/lib/thumb/v7e-m/nofp\libc.a(libc_a-memset.o)
                0x0800377a                memset
 *fill*         0x0800378a        0x2 
 .text.__libc_init_array
                0x0800378c       0x48 C:/ST/STM32CubeCLT_1.16.0/GNU-tools-for-STM32/bin/../lib/gcc/arm-none-eabi/12.3.1/../../../../arm-none-eabi/lib/thumb/v7e-m/nofp\libc.a(libc_a-init.o)
                0x0800378c                __libc_init_array
 .text.__retarget_lock_acquire_recursive
                0x080037d4        0x2 C:/ST/STM32CubeCLT_1.16.0/GNU-tools-for-STM32/bin/../lib/gcc/arm-none-eabi/12.3.1/../../../../arm-none-eabi/lib/thumb/v7e-m/nofp\libc.a(libc_a-lock.o)
                0x080037d4                __retarget_lock_acquire_recursive
 .text.__retarget_lock_release_recursive
                0x080037d6        0x2 C:/ST/STM32CubeCLT_1.16.0/GNU-tools-for-STM32/bin/../lib/gcc/arm-none-eabi/12.3.1/../../../../arm-none-eabi/lib/thumb/v7e-m/nofp\libc.a(libc_a-lock.o)
                0x080037d6                __retarget_lock_release_recursive
 .text.memcpy   0x080037d8       0x1c C:/ST/STM32CubeCLT_1.16.0/GNU-tools-for-STM32/bin/../lib/gcc/arm-none-eabi/12.3.1/../../../../arm-none-eabi/lib/thumb/v7e-m/nofp\libc.a(libc_a-memcpy-stub.o)
                0x080037d8                memcpy
 .text.startup.register_fini
                0x080037f4       0x14 C:/ST/STM32CubeCLT_1.16.0/GNU-tools-for-STM32/bin/../lib/gcc/arm-none-eabi/12.3.1/../../../../arm-none-eabi/lib/thumb/v7e-m/nofp\libc.a(libc_a-__call_atexit.o)
 .text.atexit   0x08003808        0xc C:/ST/STM32CubeCLT_1.16.0/GNU-tools-for-STM32/bin/../lib/gcc/arm-none-eabi/12.3.1/../../../../arm-none-eabi/lib/thumb/v7e-m/nofp\libc.a(libc_a-atexit.o)
                0x08003808                atexit
 .text.__libc_fini_array
                0x08003814       0x28 C:/ST/STM32CubeCLT_1.16.0/GNU-tools-for-STM32/bin/../lib/gcc/arm-none-eabi/12.3.1/../../../../arm-none-eabi/lib/thumb/v7e-m/nofp\libc.a(libc_a-fini.o)
                0x08003814                __libc_fini_array
 .text.__register_exitproc
                0x0800383c       0x80 C:/ST/STM32CubeCLT_1.16.0/GNU-tools-for-STM32/bin/../lib/gcc/arm-none-eabi/12.3.1/../../../../arm-none-eabi/lib/thumb/v7e-m/nofp\libc.a(libc_a-__atexit.o)
                0x0800383c                __register_exitproc
 *(.glue_7)
 .glue_7        0x080038bc        0x0 linker stubs
 *(.glue_7t)
 .glue_7t       0x080038bc        0x0 linker stubs
 *(.eh_frame)
 .eh_frame      0x080038bc        0x0 C:/ST/STM32CubeCLT_1.16.0/GNU-tools-for-STM32/bin/../lib/gcc/arm-none-eabi/12.3.1/thumb/v7e-m/nofp/crtbegin.o
 *(.init)
 .init          0x080038bc        0x4 C:/ST/STM32CubeCLT_1.16.0/GNU-tools-for-STM32/bin/../lib/gcc/arm-none-eabi/12.3.1/thumb/v7e-m/nofp/crti.o
                0x080038bc                _init
 .init          0x080038c0        0x8 C:/ST/STM32CubeCLT_1.16.0/GNU-tools-for-STM32/bin/../lib/gcc/arm-none-eabi/12.3.1/thumb/v7e-m/nofp/crtn.o
 *(.fini)
 .fini          0x080038c8        0x4 C:/ST/STM32CubeCLT_1.16.0/GNU-tools-for-STM32/bin/../lib/gcc/arm-none-eabi/12.3.1/thumb/v7e-m/nofp/crti.o
                0x080038c8                _fini
 .fini          0x080038cc        0x8 C:/ST/STM32CubeCLT_1.16.0/GNU-tools-for-STM32/bin/../lib/gcc/arm-none-eabi/12.3.1/thumb/v7e-m/nofp/crtn.o
                0x080038d4                        . = ALIGN (0x4)
                0x080038d4                        _etext = .

.vfp11_veneer   0x080038d4        0x0
 .vfp11_veneer  0x080038d4        0x0 linker stubs

.v4_bx          0x080038d4        0x0
 .v4_bx         0x080038d4        0x0 linker stubs

.iplt           0x080038d4        0x0
 .iplt          0x080038d4        0x0 C:/ST/STM32CubeCLT_1.16.0/GNU-tools-for-STM32/bin/../lib/gcc/arm-none-eabi/12.3.1/thumb/v7e-m/nofp/crtbegin.o

.rodata         0x080038d4       0x50
                0x080038d4                        . = ALIGN (0x4)
 *(.rodata)
 *(.rodata*)
 .rodata.main.str1.4
                0x080038d4       0x30 CMakeFiles/f4_MPU9250.elf.dir/Core/Src/main.c.obj
 .rodata.APBPrescTable
                0x08003904        0x8 CMakeFiles/f4_MPU9250.elf.dir/Core/Src/system_stm32f4xx.c.obj
                0x08003904                APBPrescTable
 .rodata.AHBPrescTable
                0x0800390c       0x10 CMakeFiles/f4_MPU9250.elf.dir/Core/Src/system_stm32f4xx.c.obj
                0x0800390c                AHBPrescTable
 .rodata.flagBitshiftOffset.0
                0x0800391c        0x8 CMakeFiles/f4_MPU9250.elf.dir/Drivers/STM32F4xx_HAL_Driver/Src/stm32f4xx_hal_dma.c.obj
                0x08003924                        . = ALIGN (0x4)

.ARM.extab      0x08003924        0x0
                0x08003924                        . = ALIGN (0x4)
 *(.ARM.extab* .gnu.linkonce.armextab.*)
                0x08003924                        . = ALIGN (0x4)

.ARM            0x08003924        0x8
                0x08003924                        . = ALIGN (0x4)
                0x08003924                        __exidx_start = .
 *(.ARM.exidx*)
 .ARM.exidx     0x08003924        0x8 C:/ST/STM32CubeCLT_1.16.0/GNU-tools-for-STM32/bin/../lib/gcc/arm-none-eabi/12.3.1/thumb/v7e-m/nofp\libgcc.a(_udivmoddi4.o)
 .ARM.exidx     0x0800392c        0x0 C:/ST/STM32CubeCLT_1.16.0/GNU-tools-for-STM32/bin/../lib/gcc/arm-none-eabi/12.3.1/../../../../arm-none-eabi/lib/thumb/v7e-m/nofp\libc.a(libc_a-strlen.o)
                                  0x8 (size before relaxing)
                0x0800392c                        __exidx_end = .
                0x0800392c                        . = ALIGN (0x4)

.preinit_array  0x0800392c        0x0
                0x0800392c                        . = ALIGN (0x4)
                0x0800392c                        PROVIDE (__preinit_array_start = .)
 *(.preinit_array*)
                0x0800392c                        PROVIDE (__preinit_array_end = .)
                0x0800392c                        . = ALIGN (0x4)

.init_array     0x0800392c        0x8
                0x0800392c                        . = ALIGN (0x4)
                0x0800392c                        PROVIDE (__init_array_start = .)
 *(SORT_BY_NAME(.init_array.*))
 .init_array.00000
                0x0800392c        0x4 C:/ST/STM32CubeCLT_1.16.0/GNU-tools-for-STM32/bin/../lib/gcc/arm-none-eabi/12.3.1/../../../../arm-none-eabi/lib/thumb/v7e-m/nofp\libc.a(libc_a-__call_atexit.o)
 *(.init_array*)
 .init_array    0x08003930        0x4 C:/ST/STM32CubeCLT_1.16.0/GNU-tools-for-STM32/bin/../lib/gcc/arm-none-eabi/12.3.1/thumb/v7e-m/nofp/crtbegin.o
                0x08003934                        PROVIDE (__init_array_end = .)
                0x08003934                        . = ALIGN (0x4)

.fini_array     0x08003934        0x4
                0x08003934                        . = ALIGN (0x4)
                0x08003934                        PROVIDE (__fini_array_start = .)
 *(SORT_BY_NAME(.fini_array.*))
 *(.fini_array*)
 .fini_array    0x08003934        0x4 C:/ST/STM32CubeCLT_1.16.0/GNU-tools-for-STM32/bin/../lib/gcc/arm-none-eabi/12.3.1/thumb/v7e-m/nofp/crtbegin.o
                0x08003938                        PROVIDE (__fini_array_end = .)
                0x08003938                        . = ALIGN (0x4)
                0x08003938                        _sidata = LOADADDR (.data)

.rel.dyn        0x08003938        0x0
 .rel.iplt      0x08003938        0x0 C:/ST/STM32CubeCLT_1.16.0/GNU-tools-for-STM32/bin/../lib/gcc/arm-none-eabi/12.3.1/thumb/v7e-m/nofp/crtbegin.o

.data           0x20000000       0x10 load address 0x08003938
                0x20000000                        . = ALIGN (0x4)
                0x20000000                        _sdata = .
 *(.data)
 *(.data*)
 .data.SystemCoreClock
                0x20000000        0x4 CMakeFiles/f4_MPU9250.elf.dir/Core/Src/system_stm32f4xx.c.obj
                0x20000000                SystemCoreClock
 .data.uwTickFreq
                0x20000004        0x1 CMakeFiles/f4_MPU9250.elf.dir/Drivers/STM32F4xx_HAL_Driver/Src/stm32f4xx_hal.c.obj
                0x20000004                uwTickFreq
 *fill*         0x20000005        0x3 
 .data.uwTickPrio
                0x20000008        0x4 CMakeFiles/f4_MPU9250.elf.dir/Drivers/STM32F4xx_HAL_Driver/Src/stm32f4xx_hal.c.obj
                0x20000008                uwTickPrio
 .data.__atexit_recursive_mutex
                0x2000000c        0x4 C:/ST/STM32CubeCLT_1.16.0/GNU-tools-for-STM32/bin/../lib/gcc/arm-none-eabi/12.3.1/../../../../arm-none-eabi/lib/thumb/v7e-m/nofp\libc.a(libc_a-__call_atexit.o)
                0x2000000c                __atexit_recursive_mutex
 *(.RamFunc)
 *(.RamFunc*)
                0x20000010                        . = ALIGN (0x4)
                0x20000010                        _edata = .
                0x08003948                        _siccmram = LOADADDR (.ccmram)

.igot.plt       0x20000010        0x0 load address 0x08003948
 .igot.plt      0x20000010        0x0 C:/ST/STM32CubeCLT_1.16.0/GNU-tools-for-STM32/bin/../lib/gcc/arm-none-eabi/12.3.1/thumb/v7e-m/nofp/crtbegin.o

.ccmram         0x10000000        0x0 load address 0x08003948
                0x10000000                        . = ALIGN (0x4)
                0x10000000                        _sccmram = .
 *(.ccmram)
 *(.ccmram*)
                0x10000000                        . = ALIGN (0x4)
                0x10000000                        _eccmram = .
                0x10000000                        . = ALIGN (0x4)

.bss            0x20000010      0x42c
                0x20000010                        _sbss = .
                0x20000010                        __bss_start__ = _sbss
 *(.bss)
 .bss           0x20000010       0x1c C:/ST/STM32CubeCLT_1.16.0/GNU-tools-for-STM32/bin/../lib/gcc/arm-none-eabi/12.3.1/thumb/v7e-m/nofp/crtbegin.o
 *(.bss*)
 .bss.mpu_value
                0x2000002c       0x12 CMakeFiles/f4_MPU9250.elf.dir/Core/Src/MPU9250.c.obj
                0x2000002c                mpu_value
 *fill*         0x2000003e        0x2 
 .bss.huart1    0x20000040       0x48 CMakeFiles/f4_MPU9250.elf.dir/Core/Src/main.c.obj
                0x20000040                huart1
 .bss.hdma_spi1_tx
                0x20000088       0x60 CMakeFiles/f4_MPU9250.elf.dir/Core/Src/main.c.obj
                0x20000088                hdma_spi1_tx
 .bss.hdma_spi1_rx
                0x200000e8       0x60 CMakeFiles/f4_MPU9250.elf.dir/Core/Src/main.c.obj
                0x200000e8                hdma_spi1_rx
 .bss.hspi2     0x20000148       0x58 CMakeFiles/f4_MPU9250.elf.dir/Core/Src/main.c.obj
                0x20000148                hspi2
 .bss.hspi1     0x200001a0       0x58 CMakeFiles/f4_MPU9250.elf.dir/Core/Src/main.c.obj
                0x200001a0                hspi1
 .bss.hi2c2     0x200001f8       0x54 CMakeFiles/f4_MPU9250.elf.dir/Core/Src/main.c.obj
                0x200001f8                hi2c2
 .bss.hi2c1     0x2000024c       0x54 CMakeFiles/f4_MPU9250.elf.dir/Core/Src/main.c.obj
                0x2000024c                hi2c1
 .bss.uwTick    0x200002a0        0x4 CMakeFiles/f4_MPU9250.elf.dir/Drivers/STM32F4xx_HAL_Driver/Src/stm32f4xx_hal.c.obj
                0x200002a0                uwTick
 .bss.__lock___atexit_recursive_mutex
                0x200002a4        0x1 C:/ST/STM32CubeCLT_1.16.0/GNU-tools-for-STM32/bin/../lib/gcc/arm-none-eabi/12.3.1/../../../../arm-none-eabi/lib/thumb/v7e-m/nofp\libc.a(libc_a-lock.o)
                0x200002a4                __lock___atexit_recursive_mutex
 *fill*         0x200002a5        0x3 
 .bss.__atexit  0x200002a8        0x4 C:/ST/STM32CubeCLT_1.16.0/GNU-tools-for-STM32/bin/../lib/gcc/arm-none-eabi/12.3.1/../../../../arm-none-eabi/lib/thumb/v7e-m/nofp\libc.a(libc_a-__call_atexit.o)
                0x200002a8                __atexit
 .bss.__atexit0
                0x200002ac      0x190 C:/ST/STM32CubeCLT_1.16.0/GNU-tools-for-STM32/bin/../lib/gcc/arm-none-eabi/12.3.1/../../../../arm-none-eabi/lib/thumb/v7e-m/nofp\libc.a(libc_a-__atexit.o)
                0x200002ac                __atexit0
 *(COMMON)
                0x2000043c                        . = ALIGN (0x4)
                0x2000043c                        _ebss = .
                0x2000043c                        __bss_end__ = _ebss

._user_heap_stack
                0x2000043c      0x604
                0x20000440                        . = ALIGN (0x8)
 *fill*         0x2000043c        0x4 
                [!provide]                        PROVIDE (end = .)
                0x20000440                        PROVIDE (_end = .)
                0x20000640                        . = (. + _Min_Heap_Size)
 *fill*         0x20000440      0x200 
                0x20000a40                        . = (. + _Min_Stack_Size)
 *fill*         0x20000640      0x400 
                0x20000a40                        . = ALIGN (0x8)

/DISCARD/
 libc.a(*)
 libm.a(*)
 libgcc.a(*)

.ARM.attributes
                0x00000000       0x2a
 *(.ARM.attributes)
 .ARM.attributes
                0x00000000       0x1e C:/ST/STM32CubeCLT_1.16.0/GNU-tools-for-STM32/bin/../lib/gcc/arm-none-eabi/12.3.1/thumb/v7e-m/nofp/crti.o
 .ARM.attributes
                0x0000001e       0x2e C:/ST/STM32CubeCLT_1.16.0/GNU-tools-for-STM32/bin/../lib/gcc/arm-none-eabi/12.3.1/thumb/v7e-m/nofp/crtbegin.o
 .ARM.attributes
                0x0000004c       0x2e CMakeFiles/f4_MPU9250.elf.dir/Core/Src/MPU9250.c.obj
 .ARM.attributes
                0x0000007a       0x2e CMakeFiles/f4_MPU9250.elf.dir/Core/Src/main.c.obj
 .ARM.attributes
                0x000000a8       0x2e CMakeFiles/f4_MPU9250.elf.dir/Core/Src/stm32f4xx_hal_msp.c.obj
 .ARM.attributes
                0x000000d6       0x2e CMakeFiles/f4_MPU9250.elf.dir/Core/Src/stm32f4xx_it.c.obj
 .ARM.attributes
                0x00000104       0x2e CMakeFiles/f4_MPU9250.elf.dir/Core/Src/system_stm32f4xx.c.obj
 .ARM.attributes
                0x00000132       0x21 CMakeFiles/f4_MPU9250.elf.dir/Core/Startup/startup_stm32f407zgtx.s.obj
 .ARM.attributes
                0x00000153       0x2e CMakeFiles/f4_MPU9250.elf.dir/Drivers/STM32F4xx_HAL_Driver/Src/stm32f4xx_hal.c.obj
 .ARM.attributes
                0x00000181       0x2e CMakeFiles/f4_MPU9250.elf.dir/Drivers/STM32F4xx_HAL_Driver/Src/stm32f4xx_hal_cortex.c.obj
 .ARM.attributes
                0x000001af       0x2e CMakeFiles/f4_MPU9250.elf.dir/Drivers/STM32F4xx_HAL_Driver/Src/stm32f4xx_hal_dma.c.obj
 .ARM.attributes
                0x000001dd       0x2e CMakeFiles/f4_MPU9250.elf.dir/Drivers/STM32F4xx_HAL_Driver/Src/stm32f4xx_hal_gpio.c.obj
 .ARM.attributes
                0x0000020b       0x2e CMakeFiles/f4_MPU9250.elf.dir/Drivers/STM32F4xx_HAL_Driver/Src/stm32f4xx_hal_i2c.c.obj
 .ARM.attributes
                0x00000239       0x2e CMakeFiles/f4_MPU9250.elf.dir/Drivers/STM32F4xx_HAL_Driver/Src/stm32f4xx_hal_rcc.c.obj
 .ARM.attributes
                0x00000267       0x2e CMakeFiles/f4_MPU9250.elf.dir/Drivers/STM32F4xx_HAL_Driver/Src/stm32f4xx_hal_spi.c.obj
 .ARM.attributes
                0x00000295       0x2e CMakeFiles/f4_MPU9250.elf.dir/Drivers/STM32F4xx_HAL_Driver/Src/stm32f4xx_hal_uart.c.obj
 .ARM.attributes
                0x000002c3       0x1e C:/ST/STM32CubeCLT_1.16.0/GNU-tools-for-STM32/bin/../lib/gcc/arm-none-eabi/12.3.1/thumb/v7e-m/nofp\libgcc.a(_aeabi_uldivmod.o)
 .ARM.attributes
                0x000002e1       0x2e C:/ST/STM32CubeCLT_1.16.0/GNU-tools-for-STM32/bin/../lib/gcc/arm-none-eabi/12.3.1/thumb/v7e-m/nofp\libgcc.a(_udivmoddi4.o)
 .ARM.attributes
                0x0000030f       0x1e C:/ST/STM32CubeCLT_1.16.0/GNU-tools-for-STM32/bin/../lib/gcc/arm-none-eabi/12.3.1/thumb/v7e-m/nofp\libgcc.a(_dvmd_tls.o)
 .ARM.attributes
                0x0000032d       0x2e C:/ST/STM32CubeCLT_1.16.0/GNU-tools-for-STM32/bin/../lib/gcc/arm-none-eabi/12.3.1/../../../../arm-none-eabi/lib/thumb/v7e-m/nofp\libc.a(libc_a-memset.o)
 .ARM.attributes
                0x0000035b       0x2e C:/ST/STM32CubeCLT_1.16.0/GNU-tools-for-STM32/bin/../lib/gcc/arm-none-eabi/12.3.1/../../../../arm-none-eabi/lib/thumb/v7e-m/nofp\libc.a(libc_a-init.o)
 .ARM.attributes
                0x00000389       0x2e C:/ST/STM32CubeCLT_1.16.0/GNU-tools-for-STM32/bin/../lib/gcc/arm-none-eabi/12.3.1/../../../../arm-none-eabi/lib/thumb/v7e-m/nofp\libc.a(libc_a-lock.o)
 .ARM.attributes
                0x000003b7       0x2e C:/ST/STM32CubeCLT_1.16.0/GNU-tools-for-STM32/bin/../lib/gcc/arm-none-eabi/12.3.1/../../../../arm-none-eabi/lib/thumb/v7e-m/nofp\libc.a(libc_a-memcpy-stub.o)
 .ARM.attributes
                0x000003e5       0x17 C:/ST/STM32CubeCLT_1.16.0/GNU-tools-for-STM32/bin/../lib/gcc/arm-none-eabi/12.3.1/../../../../arm-none-eabi/lib/thumb/v7e-m/nofp\libc.a(libc_a-strlen.o)
 .ARM.attributes
                0x000003fc       0x2e C:/ST/STM32CubeCLT_1.16.0/GNU-tools-for-STM32/bin/../lib/gcc/arm-none-eabi/12.3.1/../../../../arm-none-eabi/lib/thumb/v7e-m/nofp\libc.a(libc_a-__call_atexit.o)
 .ARM.attributes
                0x0000042a       0x2e C:/ST/STM32CubeCLT_1.16.0/GNU-tools-for-STM32/bin/../lib/gcc/arm-none-eabi/12.3.1/../../../../arm-none-eabi/lib/thumb/v7e-m/nofp\libc.a(libc_a-atexit.o)
 .ARM.attributes
                0x00000458       0x2e C:/ST/STM32CubeCLT_1.16.0/GNU-tools-for-STM32/bin/../lib/gcc/arm-none-eabi/12.3.1/../../../../arm-none-eabi/lib/thumb/v7e-m/nofp\libc.a(libc_a-fini.o)
 .ARM.attributes
                0x00000486       0x2e C:/ST/STM32CubeCLT_1.16.0/GNU-tools-for-STM32/bin/../lib/gcc/arm-none-eabi/12.3.1/../../../../arm-none-eabi/lib/thumb/v7e-m/nofp\libc.a(libc_a-__atexit.o)
 .ARM.attributes
                0x000004b4       0x1e C:/ST/STM32CubeCLT_1.16.0/GNU-tools-for-STM32/bin/../lib/gcc/arm-none-eabi/12.3.1/thumb/v7e-m/nofp/crtn.o
OUTPUT(f4_MPU9250.elf elf32-littlearm)
LOAD linker stubs
LOAD C:/ST/STM32CubeCLT_1.16.0/GNU-tools-for-STM32/bin/../lib/gcc/arm-none-eabi/12.3.1/../../../../arm-none-eabi/lib/thumb/v7e-m/nofp\libc.a
LOAD C:/ST/STM32CubeCLT_1.16.0/GNU-tools-for-STM32/bin/../lib/gcc/arm-none-eabi/12.3.1/../../../../arm-none-eabi/lib/thumb/v7e-m/nofp\libm.a
LOAD C:/ST/STM32CubeCLT_1.16.0/GNU-tools-for-STM32/bin/../lib/gcc/arm-none-eabi/12.3.1/thumb/v7e-m/nofp\libgcc.a

.debug_info     0x00000000    0x11453
 .debug_info    0x00000000     0x123a CMakeFiles/f4_MPU9250.elf.dir/Core/Src/MPU9250.c.obj
 .debug_info    0x0000123a     0x18aa CMakeFiles/f4_MPU9250.elf.dir/Core/Src/main.c.obj
 .debug_info    0x00002ae4     0x14c8 CMakeFiles/f4_MPU9250.elf.dir/Core/Src/stm32f4xx_hal_msp.c.obj
 .debug_info    0x00003fac      0x72e CMakeFiles/f4_MPU9250.elf.dir/Core/Src/stm32f4xx_it.c.obj
 .debug_info    0x000046da      0x334 CMakeFiles/f4_MPU9250.elf.dir/Core/Src/system_stm32f4xx.c.obj
 .debug_info    0x00004a0e       0x30 CMakeFiles/f4_MPU9250.elf.dir/Core/Startup/startup_stm32f407zgtx.s.obj
 .debug_info    0x00004a3e      0x9e2 CMakeFiles/f4_MPU9250.elf.dir/Drivers/STM32F4xx_HAL_Driver/Src/stm32f4xx_hal.c.obj
 .debug_info    0x00005420      0xfbb CMakeFiles/f4_MPU9250.elf.dir/Drivers/STM32F4xx_HAL_Driver/Src/stm32f4xx_hal_cortex.c.obj
 .debug_info    0x000063db      0xad9 CMakeFiles/f4_MPU9250.elf.dir/Drivers/STM32F4xx_HAL_Driver/Src/stm32f4xx_hal_dma.c.obj
 .debug_info    0x00006eb4      0x704 CMakeFiles/f4_MPU9250.elf.dir/Drivers/STM32F4xx_HAL_Driver/Src/stm32f4xx_hal_gpio.c.obj
 .debug_info    0x000075b8     0x37bd CMakeFiles/f4_MPU9250.elf.dir/Drivers/STM32F4xx_HAL_Driver/Src/stm32f4xx_hal_i2c.c.obj
 .debug_info    0x0000ad75      0xa6d CMakeFiles/f4_MPU9250.elf.dir/Drivers/STM32F4xx_HAL_Driver/Src/stm32f4xx_hal_rcc.c.obj
 .debug_info    0x0000b7e2     0x1ca2 CMakeFiles/f4_MPU9250.elf.dir/Drivers/STM32F4xx_HAL_Driver/Src/stm32f4xx_hal_spi.c.obj
 .debug_info    0x0000d484     0x3fcf CMakeFiles/f4_MPU9250.elf.dir/Drivers/STM32F4xx_HAL_Driver/Src/stm32f4xx_hal_uart.c.obj

.debug_abbrev   0x00000000     0x20ab
 .debug_abbrev  0x00000000      0x2db CMakeFiles/f4_MPU9250.elf.dir/Core/Src/MPU9250.c.obj
 .debug_abbrev  0x000002db      0x2dd CMakeFiles/f4_MPU9250.elf.dir/Core/Src/main.c.obj
 .debug_abbrev  0x000005b8      0x279 CMakeFiles/f4_MPU9250.elf.dir/Core/Src/stm32f4xx_hal_msp.c.obj
 .debug_abbrev  0x00000831      0x178 CMakeFiles/f4_MPU9250.elf.dir/Core/Src/stm32f4xx_it.c.obj
 .debug_abbrev  0x000009a9      0x120 CMakeFiles/f4_MPU9250.elf.dir/Core/Src/system_stm32f4xx.c.obj
 .debug_abbrev  0x00000ac9       0x24 CMakeFiles/f4_MPU9250.elf.dir/Core/Startup/startup_stm32f407zgtx.s.obj
 .debug_abbrev  0x00000aed      0x240 CMakeFiles/f4_MPU9250.elf.dir/Drivers/STM32F4xx_HAL_Driver/Src/stm32f4xx_hal.c.obj
 .debug_abbrev  0x00000d2d      0x391 CMakeFiles/f4_MPU9250.elf.dir/Drivers/STM32F4xx_HAL_Driver/Src/stm32f4xx_hal_cortex.c.obj
 .debug_abbrev  0x000010be      0x2c0 CMakeFiles/f4_MPU9250.elf.dir/Drivers/STM32F4xx_HAL_Driver/Src/stm32f4xx_hal_dma.c.obj
 .debug_abbrev  0x0000137e      0x202 CMakeFiles/f4_MPU9250.elf.dir/Drivers/STM32F4xx_HAL_Driver/Src/stm32f4xx_hal_gpio.c.obj
 .debug_abbrev  0x00001580      0x2c3 CMakeFiles/f4_MPU9250.elf.dir/Drivers/STM32F4xx_HAL_Driver/Src/stm32f4xx_hal_i2c.c.obj
 .debug_abbrev  0x00001843      0x2c7 CMakeFiles/f4_MPU9250.elf.dir/Drivers/STM32F4xx_HAL_Driver/Src/stm32f4xx_hal_rcc.c.obj
 .debug_abbrev  0x00001b0a      0x272 CMakeFiles/f4_MPU9250.elf.dir/Drivers/STM32F4xx_HAL_Driver/Src/stm32f4xx_hal_spi.c.obj
 .debug_abbrev  0x00001d7c      0x32f CMakeFiles/f4_MPU9250.elf.dir/Drivers/STM32F4xx_HAL_Driver/Src/stm32f4xx_hal_uart.c.obj

.debug_loclists
                0x00000000     0x7e68
 .debug_loclists
                0x00000000      0x14e CMakeFiles/f4_MPU9250.elf.dir/Core/Src/MPU9250.c.obj
 .debug_loclists
                0x0000014e      0x144 CMakeFiles/f4_MPU9250.elf.dir/Core/Src/stm32f4xx_hal_msp.c.obj
 .debug_loclists
                0x00000292       0xdb CMakeFiles/f4_MPU9250.elf.dir/Core/Src/system_stm32f4xx.c.obj
 .debug_loclists
                0x0000036d       0xc9 CMakeFiles/f4_MPU9250.elf.dir/Drivers/STM32F4xx_HAL_Driver/Src/stm32f4xx_hal.c.obj
 .debug_loclists
                0x00000436      0x439 CMakeFiles/f4_MPU9250.elf.dir/Drivers/STM32F4xx_HAL_Driver/Src/stm32f4xx_hal_cortex.c.obj
 .debug_loclists
                0x0000086f      0x763 CMakeFiles/f4_MPU9250.elf.dir/Drivers/STM32F4xx_HAL_Driver/Src/stm32f4xx_hal_dma.c.obj
 .debug_loclists
                0x00000fd2      0x356 CMakeFiles/f4_MPU9250.elf.dir/Drivers/STM32F4xx_HAL_Driver/Src/stm32f4xx_hal_gpio.c.obj
 .debug_loclists
                0x00001328     0x2b74 CMakeFiles/f4_MPU9250.elf.dir/Drivers/STM32F4xx_HAL_Driver/Src/stm32f4xx_hal_i2c.c.obj
 .debug_loclists
                0x00003e9c      0x3a9 CMakeFiles/f4_MPU9250.elf.dir/Drivers/STM32F4xx_HAL_Driver/Src/stm32f4xx_hal_rcc.c.obj
 .debug_loclists
                0x00004245     0x1232 CMakeFiles/f4_MPU9250.elf.dir/Drivers/STM32F4xx_HAL_Driver/Src/stm32f4xx_hal_spi.c.obj
 .debug_loclists
                0x00005477     0x29f1 CMakeFiles/f4_MPU9250.elf.dir/Drivers/STM32F4xx_HAL_Driver/Src/stm32f4xx_hal_uart.c.obj

.debug_aranges  0x00000000      0xbb8
 .debug_aranges
                0x00000000       0x58 CMakeFiles/f4_MPU9250.elf.dir/Core/Src/MPU9250.c.obj
 .debug_aranges
                0x00000058       0x68 CMakeFiles/f4_MPU9250.elf.dir/Core/Src/main.c.obj
 .debug_aranges
                0x000000c0       0x50 CMakeFiles/f4_MPU9250.elf.dir/Core/Src/stm32f4xx_hal_msp.c.obj
 .debug_aranges
                0x00000110       0x80 CMakeFiles/f4_MPU9250.elf.dir/Core/Src/stm32f4xx_it.c.obj
 .debug_aranges
                0x00000190       0x28 CMakeFiles/f4_MPU9250.elf.dir/Core/Src/system_stm32f4xx.c.obj
 .debug_aranges
                0x000001b8       0x28 CMakeFiles/f4_MPU9250.elf.dir/Core/Startup/startup_stm32f407zgtx.s.obj
 .debug_aranges
                0x000001e0       0xf0 CMakeFiles/f4_MPU9250.elf.dir/Drivers/STM32F4xx_HAL_Driver/Src/stm32f4xx_hal.c.obj
 .debug_aranges
                0x000002d0       0xf8 CMakeFiles/f4_MPU9250.elf.dir/Drivers/STM32F4xx_HAL_Driver/Src/stm32f4xx_hal_cortex.c.obj
 .debug_aranges
                0x000003c8       0x90 CMakeFiles/f4_MPU9250.elf.dir/Drivers/STM32F4xx_HAL_Driver/Src/stm32f4xx_hal_dma.c.obj
 .debug_aranges
                0x00000458       0x58 CMakeFiles/f4_MPU9250.elf.dir/Drivers/STM32F4xx_HAL_Driver/Src/stm32f4xx_hal_gpio.c.obj
 .debug_aranges
                0x000004b0      0x2a8 CMakeFiles/f4_MPU9250.elf.dir/Drivers/STM32F4xx_HAL_Driver/Src/stm32f4xx_hal_i2c.c.obj
 .debug_aranges
                0x00000758       0x88 CMakeFiles/f4_MPU9250.elf.dir/Drivers/STM32F4xx_HAL_Driver/Src/stm32f4xx_hal_rcc.c.obj
 .debug_aranges
                0x000007e0      0x1d0 CMakeFiles/f4_MPU9250.elf.dir/Drivers/STM32F4xx_HAL_Driver/Src/stm32f4xx_hal_spi.c.obj
 .debug_aranges
                0x000009b0      0x208 CMakeFiles/f4_MPU9250.elf.dir/Drivers/STM32F4xx_HAL_Driver/Src/stm32f4xx_hal_uart.c.obj

.debug_rnglists
                0x00000000      0x919
 .debug_rnglists
                0x00000000       0x41 CMakeFiles/f4_MPU9250.elf.dir/Core/Src/MPU9250.c.obj
 .debug_rnglists
                0x00000041       0x4c CMakeFiles/f4_MPU9250.elf.dir/Core/Src/main.c.obj
 .debug_rnglists
                0x0000008d       0x39 CMakeFiles/f4_MPU9250.elf.dir/Core/Src/stm32f4xx_hal_msp.c.obj
 .debug_rnglists
                0x000000c6       0x5b CMakeFiles/f4_MPU9250.elf.dir/Core/Src/stm32f4xx_it.c.obj
 .debug_rnglists
                0x00000121       0x1a CMakeFiles/f4_MPU9250.elf.dir/Core/Src/system_stm32f4xx.c.obj
 .debug_rnglists
                0x0000013b       0x19 CMakeFiles/f4_MPU9250.elf.dir/Core/Startup/startup_stm32f407zgtx.s.obj
 .debug_rnglists
                0x00000154       0xaf CMakeFiles/f4_MPU9250.elf.dir/Drivers/STM32F4xx_HAL_Driver/Src/stm32f4xx_hal.c.obj
 .debug_rnglists
                0x00000203       0xb5 CMakeFiles/f4_MPU9250.elf.dir/Drivers/STM32F4xx_HAL_Driver/Src/stm32f4xx_hal_cortex.c.obj
 .debug_rnglists
                0x000002b8       0x6c CMakeFiles/f4_MPU9250.elf.dir/Drivers/STM32F4xx_HAL_Driver/Src/stm32f4xx_hal_dma.c.obj
 .debug_rnglists
                0x00000324       0x3f CMakeFiles/f4_MPU9250.elf.dir/Drivers/STM32F4xx_HAL_Driver/Src/stm32f4xx_hal_gpio.c.obj
 .debug_rnglists
                0x00000363      0x236 CMakeFiles/f4_MPU9250.elf.dir/Drivers/STM32F4xx_HAL_Driver/Src/stm32f4xx_hal_i2c.c.obj
 .debug_rnglists
                0x00000599       0x75 CMakeFiles/f4_MPU9250.elf.dir/Drivers/STM32F4xx_HAL_Driver/Src/stm32f4xx_hal_rcc.c.obj
 .debug_rnglists
                0x0000060e      0x16a CMakeFiles/f4_MPU9250.elf.dir/Drivers/STM32F4xx_HAL_Driver/Src/stm32f4xx_hal_spi.c.obj
 .debug_rnglists
                0x00000778      0x1a1 CMakeFiles/f4_MPU9250.elf.dir/Drivers/STM32F4xx_HAL_Driver/Src/stm32f4xx_hal_uart.c.obj

.debug_line     0x00000000    0x10f8d
 .debug_line    0x00000000      0x5e0 CMakeFiles/f4_MPU9250.elf.dir/Core/Src/MPU9250.c.obj
 .debug_line    0x000005e0      0x8d3 CMakeFiles/f4_MPU9250.elf.dir/Core/Src/main.c.obj
 .debug_line    0x00000eb3      0x697 CMakeFiles/f4_MPU9250.elf.dir/Core/Src/stm32f4xx_hal_msp.c.obj
 .debug_line    0x0000154a      0x3ea CMakeFiles/f4_MPU9250.elf.dir/Core/Src/stm32f4xx_it.c.obj
 .debug_line    0x00001934      0x2c9 CMakeFiles/f4_MPU9250.elf.dir/Core/Src/system_stm32f4xx.c.obj
 .debug_line    0x00001bfd       0x7a CMakeFiles/f4_MPU9250.elf.dir/Core/Startup/startup_stm32f407zgtx.s.obj
 .debug_line    0x00001c77      0x661 CMakeFiles/f4_MPU9250.elf.dir/Drivers/STM32F4xx_HAL_Driver/Src/stm32f4xx_hal.c.obj
 .debug_line    0x000022d8      0x94e CMakeFiles/f4_MPU9250.elf.dir/Drivers/STM32F4xx_HAL_Driver/Src/stm32f4xx_hal_cortex.c.obj
 .debug_line    0x00002c26      0xf2d CMakeFiles/f4_MPU9250.elf.dir/Drivers/STM32F4xx_HAL_Driver/Src/stm32f4xx_hal_dma.c.obj
 .debug_line    0x00003b53      0x790 CMakeFiles/f4_MPU9250.elf.dir/Drivers/STM32F4xx_HAL_Driver/Src/stm32f4xx_hal_gpio.c.obj
 .debug_line    0x000042e3     0x557a CMakeFiles/f4_MPU9250.elf.dir/Drivers/STM32F4xx_HAL_Driver/Src/stm32f4xx_hal_i2c.c.obj
 .debug_line    0x0000985d      0xc0f CMakeFiles/f4_MPU9250.elf.dir/Drivers/STM32F4xx_HAL_Driver/Src/stm32f4xx_hal_rcc.c.obj
 .debug_line    0x0000a46c     0x2767 CMakeFiles/f4_MPU9250.elf.dir/Drivers/STM32F4xx_HAL_Driver/Src/stm32f4xx_hal_spi.c.obj
 .debug_line    0x0000cbd3     0x43ba CMakeFiles/f4_MPU9250.elf.dir/Drivers/STM32F4xx_HAL_Driver/Src/stm32f4xx_hal_uart.c.obj

.debug_str      0x00000000     0x39ee
 .debug_str     0x00000000      0x763 CMakeFiles/f4_MPU9250.elf.dir/Core/Src/MPU9250.c.obj
                                0x82c (size before relaxing)
 .debug_str     0x00000763      0xcde CMakeFiles/f4_MPU9250.elf.dir/Core/Src/main.c.obj
                               0x141f (size before relaxing)
 .debug_str     0x00001441      0x109 CMakeFiles/f4_MPU9250.elf.dir/Core/Src/stm32f4xx_hal_msp.c.obj
                               0x1202 (size before relaxing)
 .debug_str     0x0000154a      0x171 CMakeFiles/f4_MPU9250.elf.dir/Core/Src/stm32f4xx_it.c.obj
                                0x818 (size before relaxing)
 .debug_str     0x000016bb       0xac CMakeFiles/f4_MPU9250.elf.dir/Core/Src/system_stm32f4xx.c.obj
                                0x350 (size before relaxing)
 .debug_str     0x00001767       0x69 CMakeFiles/f4_MPU9250.elf.dir/Core/Startup/startup_stm32f407zgtx.s.obj
                                 0xa3 (size before relaxing)
 .debug_str     0x000017d0      0x360 CMakeFiles/f4_MPU9250.elf.dir/Drivers/STM32F4xx_HAL_Driver/Src/stm32f4xx_hal.c.obj
                                0xb93 (size before relaxing)
 .debug_str     0x00001b30      0x4e4 CMakeFiles/f4_MPU9250.elf.dir/Drivers/STM32F4xx_HAL_Driver/Src/stm32f4xx_hal_cortex.c.obj
                                0xca4 (size before relaxing)
 .debug_str     0x00002014      0x301 CMakeFiles/f4_MPU9250.elf.dir/Drivers/STM32F4xx_HAL_Driver/Src/stm32f4xx_hal_dma.c.obj
                                0x7a5 (size before relaxing)
 .debug_str     0x00002315      0x13f CMakeFiles/f4_MPU9250.elf.dir/Drivers/STM32F4xx_HAL_Driver/Src/stm32f4xx_hal_gpio.c.obj
                                0x50f (size before relaxing)
 .debug_str     0x00002454      0x8b0 CMakeFiles/f4_MPU9250.elf.dir/Drivers/STM32F4xx_HAL_Driver/Src/stm32f4xx_hal_i2c.c.obj
                               0x106c (size before relaxing)
 .debug_str     0x00002d04      0x1a9 CMakeFiles/f4_MPU9250.elf.dir/Drivers/STM32F4xx_HAL_Driver/Src/stm32f4xx_hal_rcc.c.obj
                                0x735 (size before relaxing)
 .debug_str     0x00002ead      0x520 CMakeFiles/f4_MPU9250.elf.dir/Drivers/STM32F4xx_HAL_Driver/Src/stm32f4xx_hal_spi.c.obj
                                0xc23 (size before relaxing)
 .debug_str     0x000033cd      0x621 CMakeFiles/f4_MPU9250.elf.dir/Drivers/STM32F4xx_HAL_Driver/Src/stm32f4xx_hal_uart.c.obj
                                0xdca (size before relaxing)

.comment        0x00000000       0x43
 .comment       0x00000000       0x43 CMakeFiles/f4_MPU9250.elf.dir/Core/Src/MPU9250.c.obj
                                 0x44 (size before relaxing)
 .comment       0x00000043       0x44 CMakeFiles/f4_MPU9250.elf.dir/Core/Src/main.c.obj
 .comment       0x00000043       0x44 CMakeFiles/f4_MPU9250.elf.dir/Core/Src/stm32f4xx_hal_msp.c.obj
 .comment       0x00000043       0x44 CMakeFiles/f4_MPU9250.elf.dir/Core/Src/stm32f4xx_it.c.obj
 .comment       0x00000043       0x44 CMakeFiles/f4_MPU9250.elf.dir/Core/Src/system_stm32f4xx.c.obj
 .comment       0x00000043       0x44 CMakeFiles/f4_MPU9250.elf.dir/Drivers/STM32F4xx_HAL_Driver/Src/stm32f4xx_hal.c.obj
 .comment       0x00000043       0x44 CMakeFiles/f4_MPU9250.elf.dir/Drivers/STM32F4xx_HAL_Driver/Src/stm32f4xx_hal_cortex.c.obj
 .comment       0x00000043       0x44 CMakeFiles/f4_MPU9250.elf.dir/Drivers/STM32F4xx_HAL_Driver/Src/stm32f4xx_hal_dma.c.obj
 .comment       0x00000043       0x44 CMakeFiles/f4_MPU9250.elf.dir/Drivers/STM32F4xx_HAL_Driver/Src/stm32f4xx_hal_gpio.c.obj
 .comment       0x00000043       0x44 CMakeFiles/f4_MPU9250.elf.dir/Drivers/STM32F4xx_HAL_Driver/Src/stm32f4xx_hal_i2c.c.obj
 .comment       0x00000043       0x44 CMakeFiles/f4_MPU9250.elf.dir/Drivers/STM32F4xx_HAL_Driver/Src/stm32f4xx_hal_rcc.c.obj
 .comment       0x00000043       0x44 CMakeFiles/f4_MPU9250.elf.dir/Drivers/STM32F4xx_HAL_Driver/Src/stm32f4xx_hal_spi.c.obj
 .comment       0x00000043       0x44 CMakeFiles/f4_MPU9250.elf.dir/Drivers/STM32F4xx_HAL_Driver/Src/stm32f4xx_hal_uart.c.obj

.debug_frame    0x00000000     0x2424
 .debug_frame   0x00000000      0x1a0 CMakeFiles/f4_MPU9250.elf.dir/Core/Src/MPU9250.c.obj
 .debug_frame   0x000001a0      0x114 CMakeFiles/f4_MPU9250.elf.dir/Core/Src/main.c.obj
 .debug_frame   0x000002b4       0xdc CMakeFiles/f4_MPU9250.elf.dir/Core/Src/stm32f4xx_hal_msp.c.obj
 .debug_frame   0x00000390      0x108 CMakeFiles/f4_MPU9250.elf.dir/Core/Src/stm32f4xx_it.c.obj
 .debug_frame   0x00000498       0x30 CMakeFiles/f4_MPU9250.elf.dir/Core/Src/system_stm32f4xx.c.obj
 .debug_frame   0x000004c8      0x1ec CMakeFiles/f4_MPU9250.elf.dir/Drivers/STM32F4xx_HAL_Driver/Src/stm32f4xx_hal.c.obj
 .debug_frame   0x000006b4      0x214 CMakeFiles/f4_MPU9250.elf.dir/Drivers/STM32F4xx_HAL_Driver/Src/stm32f4xx_hal_cortex.c.obj
 .debug_frame   0x000008c8      0x188 CMakeFiles/f4_MPU9250.elf.dir/Drivers/STM32F4xx_HAL_Driver/Src/stm32f4xx_hal_dma.c.obj
 .debug_frame   0x00000a50       0xd4 CMakeFiles/f4_MPU9250.elf.dir/Drivers/STM32F4xx_HAL_Driver/Src/stm32f4xx_hal_gpio.c.obj
 .debug_frame   0x00000b24      0x988 CMakeFiles/f4_MPU9250.elf.dir/Drivers/STM32F4xx_HAL_Driver/Src/stm32f4xx_hal_i2c.c.obj
 .debug_frame   0x000014ac      0x16c CMakeFiles/f4_MPU9250.elf.dir/Drivers/STM32F4xx_HAL_Driver/Src/stm32f4xx_hal_rcc.c.obj
 .debug_frame   0x00001618      0x5c8 CMakeFiles/f4_MPU9250.elf.dir/Drivers/STM32F4xx_HAL_Driver/Src/stm32f4xx_hal_spi.c.obj
 .debug_frame   0x00001be0      0x5dc CMakeFiles/f4_MPU9250.elf.dir/Drivers/STM32F4xx_HAL_Driver/Src/stm32f4xx_hal_uart.c.obj
 .debug_frame   0x000021bc       0x2c C:/ST/STM32CubeCLT_1.16.0/GNU-tools-for-STM32/bin/../lib/gcc/arm-none-eabi/12.3.1/thumb/v7e-m/nofp\libgcc.a(_aeabi_uldivmod.o)
 .debug_frame   0x000021e8       0x34 C:/ST/STM32CubeCLT_1.16.0/GNU-tools-for-STM32/bin/../lib/gcc/arm-none-eabi/12.3.1/thumb/v7e-m/nofp\libgcc.a(_udivmoddi4.o)
 .debug_frame   0x0000221c       0x20 C:/ST/STM32CubeCLT_1.16.0/GNU-tools-for-STM32/bin/../lib/gcc/arm-none-eabi/12.3.1/../../../../arm-none-eabi/lib/thumb/v7e-m/nofp\libc.a(libc_a-memset.o)
 .debug_frame   0x0000223c       0x2c C:/ST/STM32CubeCLT_1.16.0/GNU-tools-for-STM32/bin/../lib/gcc/arm-none-eabi/12.3.1/../../../../arm-none-eabi/lib/thumb/v7e-m/nofp\libc.a(libc_a-init.o)
 .debug_frame   0x00002268       0xb0 C:/ST/STM32CubeCLT_1.16.0/GNU-tools-for-STM32/bin/../lib/gcc/arm-none-eabi/12.3.1/../../../../arm-none-eabi/lib/thumb/v7e-m/nofp\libc.a(libc_a-lock.o)
 .debug_frame   0x00002318       0x28 C:/ST/STM32CubeCLT_1.16.0/GNU-tools-for-STM32/bin/../lib/gcc/arm-none-eabi/12.3.1/../../../../arm-none-eabi/lib/thumb/v7e-m/nofp\libc.a(libc_a-memcpy-stub.o)
 .debug_frame   0x00002340       0x58 C:/ST/STM32CubeCLT_1.16.0/GNU-tools-for-STM32/bin/../lib/gcc/arm-none-eabi/12.3.1/../../../../arm-none-eabi/lib/thumb/v7e-m/nofp\libc.a(libc_a-__call_atexit.o)
 .debug_frame   0x00002398       0x20 C:/ST/STM32CubeCLT_1.16.0/GNU-tools-for-STM32/bin/../lib/gcc/arm-none-eabi/12.3.1/../../../../arm-none-eabi/lib/thumb/v7e-m/nofp\libc.a(libc_a-atexit.o)
 .debug_frame   0x000023b8       0x38 C:/ST/STM32CubeCLT_1.16.0/GNU-tools-for-STM32/bin/../lib/gcc/arm-none-eabi/12.3.1/../../../../arm-none-eabi/lib/thumb/v7e-m/nofp\libc.a(libc_a-fini.o)
 .debug_frame   0x000023f0       0x34 C:/ST/STM32CubeCLT_1.16.0/GNU-tools-for-STM32/bin/../lib/gcc/arm-none-eabi/12.3.1/../../../../arm-none-eabi/lib/thumb/v7e-m/nofp\libc.a(libc_a-__atexit.o)

.debug_line_str
                0x00000000       0x87
 .debug_line_str
                0x00000000       0x87 CMakeFiles/f4_MPU9250.elf.dir/Core/Startup/startup_stm32f407zgtx.s.obj
