Archive member included to satisfy reference by file (symbol)

C:/ST/STM32CubeCLT_1.16.0/GNU-tools-for-STM32/bin/../lib/gcc/arm-none-eabi/12.3.1/thumb/v7e-m+fp/hard\libgcc.a(_arm_muldf3.o)
                              CMakeFiles/STM32F407ZGT6_TEMPLATE.elf.dir/Core/Src/MPU9250.c.obj (__aeabi_dmul)
C:/ST/STM32CubeCLT_1.16.0/GNU-tools-for-STM32/bin/../lib/gcc/arm-none-eabi/12.3.1/thumb/v7e-m+fp/hard\libgcc.a(_arm_addsubdf3.o)
                              CMakeFiles/STM32F407ZGT6_TEMPLATE.elf.dir/Core/Src/MPU9250.c.obj (__aeabi_dadd)
C:/ST/STM32CubeCLT_1.16.0/GNU-tools-for-STM32/bin/../lib/gcc/arm-none-eabi/12.3.1/thumb/v7e-m+fp/hard\libgcc.a(_arm_muldivdf3.o)
                              CMakeFiles/STM32F407ZGT6_TEMPLATE.elf.dir/Core/Src/MPU9250.c.obj (__aeabi_ddiv)
C:/ST/STM32CubeCLT_1.16.0/GNU-tools-for-STM32/bin/../lib/gcc/arm-none-eabi/12.3.1/thumb/v7e-m+fp/hard\libgcc.a(_arm_truncdfsf2.o)
                              CMakeFiles/STM32F407ZGT6_TEMPLATE.elf.dir/Core/Src/MPU9250.c.obj (__aeabi_d2f)
C:/ST/STM32CubeCLT_1.16.0/GNU-tools-for-STM32/bin/../lib/gcc/arm-none-eabi/12.3.1/thumb/v7e-m+fp/hard\libgcc.a(_aeabi_uldivmod.o)
                              CMakeFiles/STM32F407ZGT6_TEMPLATE.elf.dir/Drivers/STM32F4xx_HAL_Driver/Src/stm32f4xx_hal_rcc.c.obj (__aeabi_uldivmod)
C:/ST/STM32CubeCLT_1.16.0/GNU-tools-for-STM32/bin/../lib/gcc/arm-none-eabi/12.3.1/thumb/v7e-m+fp/hard\libgcc.a(_udivmoddi4.o)
                              C:/ST/STM32CubeCLT_1.16.0/GNU-tools-for-STM32/bin/../lib/gcc/arm-none-eabi/12.3.1/thumb/v7e-m+fp/hard\libgcc.a(_aeabi_uldivmod.o) (__udivmoddi4)
C:/ST/STM32CubeCLT_1.16.0/GNU-tools-for-STM32/bin/../lib/gcc/arm-none-eabi/12.3.1/thumb/v7e-m+fp/hard\libgcc.a(_dvmd_tls.o)
                              C:/ST/STM32CubeCLT_1.16.0/GNU-tools-for-STM32/bin/../lib/gcc/arm-none-eabi/12.3.1/thumb/v7e-m+fp/hard\libgcc.a(_aeabi_uldivmod.o) (__aeabi_ldiv0)
C:/ST/STM32CubeCLT_1.16.0/GNU-tools-for-STM32/bin/../lib/gcc/arm-none-eabi/12.3.1/../../../../arm-none-eabi/lib/thumb/v7e-m+fp/hard\libc.a(libc_a-exit.o)
                              C:/ST/STM32CubeCLT_1.16.0/GNU-tools-for-STM32/bin/../lib/gcc/arm-none-eabi/12.3.1/../../../../arm-none-eabi/lib/thumb/v7e-m+fp/hard/crt0.o (exit)
C:/ST/STM32CubeCLT_1.16.0/GNU-tools-for-STM32/bin/../lib/gcc/arm-none-eabi/12.3.1/../../../../arm-none-eabi/lib/thumb/v7e-m+fp/hard\libc.a(libc_a-findfp.o)
                              C:/ST/STM32CubeCLT_1.16.0/GNU-tools-for-STM32/bin/../lib/gcc/arm-none-eabi/12.3.1/../../../../arm-none-eabi/lib/thumb/v7e-m+fp/hard\libc.a(libc_a-exit.o) (__stdio_exit_handler)
C:/ST/STM32CubeCLT_1.16.0/GNU-tools-for-STM32/bin/../lib/gcc/arm-none-eabi/12.3.1/../../../../arm-none-eabi/lib/thumb/v7e-m+fp/hard\libc.a(libc_a-fwalk.o)
                              C:/ST/STM32CubeCLT_1.16.0/GNU-tools-for-STM32/bin/../lib/gcc/arm-none-eabi/12.3.1/../../../../arm-none-eabi/lib/thumb/v7e-m+fp/hard\libc.a(libc_a-findfp.o) (_fwalk_sglue)
C:/ST/STM32CubeCLT_1.16.0/GNU-tools-for-STM32/bin/../lib/gcc/arm-none-eabi/12.3.1/../../../../arm-none-eabi/lib/thumb/v7e-m+fp/hard\libc.a(libc_a-snprintf.o)
                              CMakeFiles/STM32F407ZGT6_TEMPLATE.elf.dir/Core/Src/main.c.obj (snprintf)
C:/ST/STM32CubeCLT_1.16.0/GNU-tools-for-STM32/bin/../lib/gcc/arm-none-eabi/12.3.1/../../../../arm-none-eabi/lib/thumb/v7e-m+fp/hard\libc.a(libc_a-stdio.o)
                              C:/ST/STM32CubeCLT_1.16.0/GNU-tools-for-STM32/bin/../lib/gcc/arm-none-eabi/12.3.1/../../../../arm-none-eabi/lib/thumb/v7e-m+fp/hard\libc.a(libc_a-findfp.o) (__sread)
C:/ST/STM32CubeCLT_1.16.0/GNU-tools-for-STM32/bin/../lib/gcc/arm-none-eabi/12.3.1/../../../../arm-none-eabi/lib/thumb/v7e-m+fp/hard\libc.a(libc_a-memset.o)
                              C:/ST/STM32CubeCLT_1.16.0/GNU-tools-for-STM32/bin/../lib/gcc/arm-none-eabi/12.3.1/../../../../arm-none-eabi/lib/thumb/v7e-m+fp/hard/crt0.o (memset)
C:/ST/STM32CubeCLT_1.16.0/GNU-tools-for-STM32/bin/../lib/gcc/arm-none-eabi/12.3.1/../../../../arm-none-eabi/lib/thumb/v7e-m+fp/hard\libc.a(libc_a-closer.o)
                              C:/ST/STM32CubeCLT_1.16.0/GNU-tools-for-STM32/bin/../lib/gcc/arm-none-eabi/12.3.1/../../../../arm-none-eabi/lib/thumb/v7e-m+fp/hard\libc.a(libc_a-stdio.o) (_close_r)
C:/ST/STM32CubeCLT_1.16.0/GNU-tools-for-STM32/bin/../lib/gcc/arm-none-eabi/12.3.1/../../../../arm-none-eabi/lib/thumb/v7e-m+fp/hard\libc.a(libc_a-reent.o)
                              C:/ST/STM32CubeCLT_1.16.0/GNU-tools-for-STM32/bin/../lib/gcc/arm-none-eabi/12.3.1/../../../../arm-none-eabi/lib/thumb/v7e-m+fp/hard\libc.a(libc_a-closer.o) (errno)
C:/ST/STM32CubeCLT_1.16.0/GNU-tools-for-STM32/bin/../lib/gcc/arm-none-eabi/12.3.1/../../../../arm-none-eabi/lib/thumb/v7e-m+fp/hard\libc.a(libc_a-impure.o)
                              C:/ST/STM32CubeCLT_1.16.0/GNU-tools-for-STM32/bin/../lib/gcc/arm-none-eabi/12.3.1/../../../../arm-none-eabi/lib/thumb/v7e-m+fp/hard\libc.a(libc_a-snprintf.o) (_impure_ptr)
[...]
Memory Configuration

Name             Origin             Length             Attributes
CCMRAM           0x10000000         0x00010000         xrw
RAM              0x20000000         0x00020000         xrw
FLASH            0x08000000         0x00100000         xr
*default*        0x00000000         0xffffffff

Linker script and memory map

LOAD C:/ST/STM32CubeCLT_1.16.0/GNU-tools-for-STM32/bin/../lib/gcc/arm-none-eabi/12.3.1/thumb/v7e-m+fp/hard/crti.o
LOAD C:/ST/STM32CubeCLT_1.16.0/GNU-tools-for-STM32/bin/../lib/gcc/arm-none-eabi/12.3.1/thumb/v7e-m+fp/hard/crtbegin.o
LOAD C:/ST/STM32CubeCLT_1.16.0/GNU-tools-for-STM32/bin/../lib/gcc/arm-none-eabi/12.3.1/../../../../arm-none-eabi/lib/thumb/v7e-m+fp/hard/crt0.o
LOAD CMakeFiles/STM32F407ZGT6_TEMPLATE.elf.dir/Core/Src/MPU9250.c.obj
LOAD CMakeFiles/STM32F407ZGT6_TEMPLATE.elf.dir/Core/Src/dma.c.obj
LOAD CMakeFiles/STM32F407ZGT6_TEMPLATE.elf.dir/Core/Src/freertos.c.obj
LOAD CMakeFiles/STM32F407ZGT6_TEMPLATE.elf.dir/Core/Src/func_delay.c.obj
LOAD CMakeFiles/STM32F407ZGT6_TEMPLATE.elf.dir/Core/Src/func_task.c.obj
LOAD CMakeFiles/STM32F407ZGT6_TEMPLATE.elf.dir/Core/Src/gpio.c.obj
LOAD CMakeFiles/STM32F407ZGT6_TEMPLATE.elf.dir/Core/Src/i2c.c.obj
LOAD CMakeFiles/STM32F407ZGT6_TEMPLATE.elf.dir/Core/Src/main.c.obj
LOAD CMakeFiles/STM32F407ZGT6_TEMPLATE.elf.dir/Core/Src/spi.c.obj
LOAD CMakeFiles/STM32F407ZGT6_TEMPLATE.elf.dir/Core/Src/stm32f4xx_hal_msp.c.obj
LOAD CMakeFiles/STM32F407ZGT6_TEMPLATE.elf.dir/Core/Src/stm32f4xx_hal_timebase_tim.c.obj
LOAD CMakeFiles/STM32F407ZGT6_TEMPLATE.elf.dir/Core/Src/stm32f4xx_it.c.obj
LOAD CMakeFiles/STM32F407ZGT6_TEMPLATE.elf.dir/Core/Src/syscalls.c.obj
LOAD CMakeFiles/STM32F407ZGT6_TEMPLATE.elf.dir/Core/Src/sysmem.c.obj
LOAD CMakeFiles/STM32F407ZGT6_TEMPLATE.elf.dir/Core/Src/system_stm32f4xx.c.obj
LOAD CMakeFiles/STM32F407ZGT6_TEMPLATE.elf.dir/Core/Src/tim.c.obj
LOAD CMakeFiles/STM32F407ZGT6_TEMPLATE.elf.dir/Core/Src/usart.c.obj
LOAD CMakeFiles/STM32F407ZGT6_TEMPLATE.elf.dir/Core/Startup/startup_stm32f407zgtx.s.obj
LOAD CMakeFiles/STM32F407ZGT6_TEMPLATE.elf.dir/Drivers/STM32F4xx_HAL_Driver/Src/stm32f4xx_hal.c.obj
LOAD CMakeFiles/STM32F407ZGT6_TEMPLATE.elf.dir/Drivers/STM32F4xx_HAL_Driver/Src/stm32f4xx_hal_cortex.c.obj
LOAD CMakeFiles/STM32F407ZGT6_TEMPLATE.elf.dir/Drivers/STM32F4xx_HAL_Driver/Src/stm32f4xx_hal_dma.c.obj
LOAD CMakeFiles/STM32F407ZGT6_TEMPLATE.elf.dir/Drivers/STM32F4xx_HAL_Driver/Src/stm32f4xx_hal_dma_ex.c.obj
LOAD CMakeFiles/STM32F407ZGT6_TEMPLATE.elf.dir/Drivers/STM32F4xx_HAL_Driver/Src/stm32f4xx_hal_exti.c.obj
LOAD CMakeFiles/STM32F407ZGT6_TEMPLATE.elf.dir/Drivers/STM32F4xx_HAL_Driver/Src/stm32f4xx_hal_flash.c.obj
LOAD CMakeFiles/STM32F407ZGT6_TEMPLATE.elf.dir/Drivers/STM32F4xx_HAL_Driver/Src/stm32f4xx_hal_flash_ex.c.obj
LOAD CMakeFiles/STM32F407ZGT6_TEMPLATE.elf.dir/Drivers/STM32F4xx_HAL_Driver/Src/stm32f4xx_hal_flash_ramfunc.c.obj
LOAD CMakeFiles/STM32F407ZGT6_TEMPLATE.elf.dir/Drivers/STM32F4xx_HAL_Driver/Src/stm32f4xx_hal_gpio.c.obj
LOAD CMakeFiles/STM32F407ZGT6_TEMPLATE.elf.dir/Drivers/STM32F4xx_HAL_Driver/Src/stm32f4xx_hal_i2c.c.obj
LOAD CMakeFiles/STM32F407ZGT6_TEMPLATE.elf.dir/Drivers/STM32F4xx_HAL_Driver/Src/stm32f4xx_hal_i2c_ex.c.obj
LOAD CMakeFiles/STM32F407ZGT6_TEMPLATE.elf.dir/Drivers/STM32F4xx_HAL_Driver/Src/stm32f4xx_hal_pwr.c.obj
LOAD CMakeFiles/STM32F407ZGT6_TEMPLATE.elf.dir/Drivers/STM32F4xx_HAL_Driver/Src/stm32f4xx_hal_pwr_ex.c.obj
LOAD CMakeFiles/STM32F407ZGT6_TEMPLATE.elf.dir/Drivers/STM32F4xx_HAL_Driver/Src/stm32f4xx_hal_rcc.c.obj
LOAD CMakeFiles/STM32F407ZGT6_TEMPLATE.elf.dir/Drivers/STM32F4xx_HAL_Driver/Src/stm32f4xx_hal_rcc_ex.c.obj
LOAD CMakeFiles/STM32F407ZGT6_TEMPLATE.elf.dir/Drivers/STM32F4xx_HAL_Driver/Src/stm32f4xx_hal_spi.c.obj
LOAD CMakeFiles/STM32F407ZGT6_TEMPLATE.elf.dir/Drivers/STM32F4xx_HAL_Driver/Src/stm32f4xx_hal_tim.c.obj
LOAD CMakeFiles/STM32F407ZGT6_TEMPLATE.elf.dir/Drivers/STM32F4xx_HAL_Driver/Src/stm32f4xx_hal_tim_ex.c.obj
LOAD CMakeFiles/STM32F407ZGT6_TEMPLATE.elf.dir/Drivers/STM32F4xx_HAL_Driver/Src/stm32f4xx_hal_uart.c.obj
LOAD CMakeFiles/STM32F407ZGT6_TEMPLATE.elf.dir/Middlewares/Third_Party/FreeRTOS/Source/CMSIS_RTOS_V2/cmsis_os2.c.obj
LOAD CMakeFiles/STM32F407ZGT6_TEMPLATE.elf.dir/Middlewares/Third_Party/FreeRTOS/Source/croutine.c.obj
LOAD CMakeFiles/STM32F407ZGT6_TEMPLATE.elf.dir/Middlewares/Third_Party/FreeRTOS/Source/event_groups.c.obj
LOAD CMakeFiles/STM32F407ZGT6_TEMPLATE.elf.dir/Middlewares/Third_Party/FreeRTOS/Source/list.c.obj
LOAD CMakeFiles/STM32F407ZGT6_TEMPLATE.elf.dir/Middlewares/Third_Party/FreeRTOS/Source/portable/GCC/ARM_CM4F/port.c.obj
LOAD CMakeFiles/STM32F407ZGT6_TEMPLATE.elf.dir/Middlewares/Third_Party/FreeRTOS/Source/portable/MemMang/heap_4.c.obj
LOAD CMakeFiles/STM32F407ZGT6_TEMPLATE.elf.dir/Middlewares/Third_Party/FreeRTOS/Source/queue.c.obj
LOAD CMakeFiles/STM32F407ZGT6_TEMPLATE.elf.dir/Middlewares/Third_Party/FreeRTOS/Source/stream_buffer.c.obj
LOAD CMakeFiles/STM32F407ZGT6_TEMPLATE.elf.dir/Middlewares/Third_Party/FreeRTOS/Source/tasks.c.obj
LOAD CMakeFiles/STM32F407ZGT6_TEMPLATE.elf.dir/Middlewares/Third_Party/FreeRTOS/Source/timers.c.obj
START GROUP
LOAD C:/ST/STM32CubeCLT_1.16.0/GNU-tools-for-STM32/bin/../lib/gcc/arm-none-eabi/12.3.1/thumb/v7e-m+fp/hard\libgcc.a
LOAD C:/ST/STM32CubeCLT_1.16.0/GNU-tools-for-STM32/bin/../lib/gcc/arm-none-eabi/12.3.1/../../../../arm-none-eabi/lib/thumb/v7e-m+fp/hard\libc.a
END GROUP
LOAD C:/ST/STM32CubeCLT_1.16.0/GNU-tools-for-STM32/bin/../lib/gcc/arm-none-eabi/12.3.1/thumb/v7e-m+fp/hard/crtend.o
LOAD C:/ST/STM32CubeCLT_1.16.0/GNU-tools-for-STM32/bin/../lib/gcc/arm-none-eabi/12.3.1/thumb/v7e-m+fp/hard/crtn.o
                0x20020000                        _estack = (ORIGIN (RAM) + LENGTH (RAM))
                0x00000200                        _Min_Heap_Size = 0x200
                0x00000400                        _Min_Stack_Size = 0x400

.isr_vector     0x08000000      0x188
                0x08000000                        . = ALIGN (0x4)
 *(.isr_vector)
 .isr_vector    0x08000000      0x188 CMakeFiles/STM32F407ZGT6_TEMPLATE.elf.dir/Core/Startup/startup_stm32f407zgtx.s.obj
                0x08000000                g_pfnVectors
                0x08000188                        . = ALIGN (0x4)

.text           0x08000190     0xa060
                0x08000190                        . = ALIGN (0x4)
 *(.text)
 .text          0x08000190       0x40 C:/ST/STM32CubeCLT_1.16.0/GNU-tools-for-STM32/bin/../lib/gcc/arm-none-eabi/12.3.1/thumb/v7e-m+fp/hard/crtbegin.o
 .text          0x080001d0      0x378 C:/ST/STM32CubeCLT_1.16.0/GNU-tools-for-STM32/bin/../lib/gcc/arm-none-eabi/12.3.1/thumb/v7e-m+fp/hard\libgcc.a(_arm_addsubdf3.o)
                0x080001d0                __aeabi_drsub
                0x080001d8                __aeabi_dsub
                0x080001d8                __subdf3
                0x080001dc                __aeabi_dadd
                0x080001dc                __adddf3
                0x08000454                __floatunsidf
                0x08000454                __aeabi_ui2d
                0x08000474                __floatsidf
                0x08000474                __aeabi_i2d
                0x08000498                __aeabi_f2d
                0x08000498                __extendsfdf2
                0x080004dc                __floatundidf
                0x080004dc                __aeabi_ul2d
                0x080004ec                __floatdidf
                0x080004ec                __aeabi_l2d
 .text          0x08000548      0x424 C:/ST/STM32CubeCLT_1.16.0/GNU-tools-for-STM32/bin/../lib/gcc/arm-none-eabi/12.3.1/thumb/v7e-m+fp/hard\libgcc.a(_arm_muldivdf3.o)
                0x08000548                __aeabi_dmul
                0x08000548                __muldf3
                0x0800079c                __divdf3
                0x0800079c                __aeabi_ddiv
 .text          0x0800096c       0xa0 C:/ST/STM32CubeCLT_1.16.0/GNU-tools-for-STM32/bin/../lib/gcc/arm-none-eabi/12.3.1/thumb/v7e-m+fp/hard\libgcc.a(_arm_truncdfsf2.o)
                0x0800096c                __truncdfsf2
                0x0800096c                __aeabi_d2f
 .text          0x08000a0c       0x30 C:/ST/STM32CubeCLT_1.16.0/GNU-tools-for-STM32/bin/../lib/gcc/arm-none-eabi/12.3.1/thumb/v7e-m+fp/hard\libgcc.a(_aeabi_uldivmod.o)
                0x08000a0c                __aeabi_uldivmod
 .text          0x08000a3c      0x2bc C:/ST/STM32CubeCLT_1.16.0/GNU-tools-for-STM32/bin/../lib/gcc/arm-none-eabi/12.3.1/thumb/v7e-m+fp/hard\libgcc.a(_udivmoddi4.o)
                0x08000a3c                __udivmoddi4
 .text          0x08000cf8        0x4 C:/ST/STM32CubeCLT_1.16.0/GNU-tools-for-STM32/bin/../lib/gcc/arm-none-eabi/12.3.1/thumb/v7e-m+fp/hard\libgcc.a(_dvmd_tls.o)
                0x08000cf8                __aeabi_idiv0
                0x08000cf8                __aeabi_ldiv0
 .text          0x08000cfc       0x10 C:/ST/STM32CubeCLT_1.16.0/GNU-tools-for-STM32/bin/../lib/gcc/arm-none-eabi/12.3.1/../../../../arm-none-eabi/lib/thumb/v7e-m+fp/hard\libc.a(libc_a-strlen.o)
                0x08000cfc                strlen
 *fill*         0x08000d0c        0x4 
 .text          0x08000d10       0xa0 C:/ST/STM32CubeCLT_1.16.0/GNU-tools-for-STM32/bin/../lib/gcc/arm-none-eabi/12.3.1/../../../../arm-none-eabi/lib/thumb/v7e-m+fp/hard\libc.a(libc_a-memchr.o)
                0x08000d10                memchr
 .text          0x08000db0      0x110 C:/ST/STM32CubeCLT_1.16.0/GNU-tools-for-STM32/bin/../lib/gcc/arm-none-eabi/12.3.1/thumb/v7e-m+fp/hard\libgcc.a(_arm_cmpdf2.o)
                0x08000db0                __gtdf2
                0x08000db0                __gedf2
                0x08000db8                __ltdf2
                0x08000db8                __ledf2
                0x08000dc0                __nedf2
                0x08000dc0                __eqdf2
                0x08000dc0                __cmpdf2
                0x08000e3c                __aeabi_cdrcmple
                0x08000e4c                __aeabi_cdcmpeq
                0x08000e4c                __aeabi_cdcmple
                0x08000e5c                __aeabi_dcmpeq
                0x08000e70                __aeabi_dcmplt
                0x08000e84                __aeabi_dcmple
                0x08000e98                __aeabi_dcmpge
                0x08000eac                __aeabi_dcmpgt
 .text          0x08000ec0       0x2c C:/ST/STM32CubeCLT_1.16.0/GNU-tools-for-STM32/bin/../lib/gcc/arm-none-eabi/12.3.1/thumb/v7e-m+fp/hard\libgcc.a(_arm_unorddf2.o)
                0x08000ec0                __unorddf2
                0x08000ec0                __aeabi_dcmpun
 .text          0x08000eec       0x50 C:/ST/STM32CubeCLT_1.16.0/GNU-tools-for-STM32/bin/../lib/gcc/arm-none-eabi/12.3.1/thumb/v7e-m+fp/hard\libgcc.a(_arm_fixdfsi.o)
                0x08000eec                __aeabi_d2iz
                0x08000eec                __fixdfsi
 *(.text*)
 .text.spi_w_byte
                0x08000f3c       0x46 CMakeFiles/STM32F407ZGT6_TEMPLATE.elf.dir/Core/Src/MPU9250.c.obj
 .text.MPU9250_ENABLE
                0x08000f82       0x10 CMakeFiles/STM32F407ZGT6_TEMPLATE.elf.dir/Core/Src/MPU9250.c.obj
                0x08000f82                MPU9250_ENABLE
 .text.MPU9250_DISENABLE
                0x08000f92       0x10 CMakeFiles/STM32F407ZGT6_TEMPLATE.elf.dir/Core/Src/MPU9250.c.obj
                0x08000f92                MPU9250_DISENABLE
 *fill*         0x08000fa2        0x2 
 .text.spi_r_bytes
                0x08000fa4       0x54 CMakeFiles/STM32F407ZGT6_TEMPLATE.elf.dir/Core/Src/MPU9250.c.obj
 .text.mpu_r_reg
                0x08000ff8        0xe CMakeFiles/STM32F407ZGT6_TEMPLATE.elf.dir/Core/Src/MPU9250.c.obj
 *fill*         0x08001006        0x2 
 .text.spi_w_bytes
                0x08001008       0x84 CMakeFiles/STM32F407ZGT6_TEMPLATE.elf.dir/Core/Src/MPU9250.c.obj
 .text.mpu_w_reg
                0x0800108c       0x1c CMakeFiles/STM32F407ZGT6_TEMPLATE.elf.dir/Core/Src/MPU9250.c.obj
 .text.ak8963_r_reg
                0x080010a8       0x40 CMakeFiles/STM32F407ZGT6_TEMPLATE.elf.dir/Core/Src/MPU9250.c.obj
 .text.ak8963_w_reg
                0x080010e8       0x30 CMakeFiles/STM32F407ZGT6_TEMPLATE.elf.dir/Core/Src/MPU9250.c.obj
 .text.mpu_r_WhoAmI
                0x08001118       0x18 CMakeFiles/STM32F407ZGT6_TEMPLATE.elf.dir/Core/Src/MPU9250.c.obj
                0x08001118                mpu_r_WhoAmI
 .text.mpu_r_ak8963_WhoAmI
                0x08001130       0x18 CMakeFiles/STM32F407ZGT6_TEMPLATE.elf.dir/Core/Src/MPU9250.c.obj
                0x08001130                mpu_r_ak8963_WhoAmI
 .text.MPU9250_StructInit
                0x08001148       0x70 CMakeFiles/STM32F407ZGT6_TEMPLATE.elf.dir/Core/Src/MPU9250.c.obj
                0x08001148                MPU9250_StructInit
 .text.MPU9250_Init
                0x080011b8      0x11c CMakeFiles/STM32F407ZGT6_TEMPLATE.elf.dir/Core/Src/MPU9250.c.obj
                0x080011b8                MPU9250_Init
 *fill*         0x080012d4        0x4 
 .text.MPU9250_ReadAccel
                0x080012d8       0xbc CMakeFiles/STM32F407ZGT6_TEMPLATE.elf.dir/Core/Src/MPU9250.c.obj
                0x080012d8                MPU9250_ReadAccel
 *fill*         0x08001394        0x4 
 .text.MPU9250_ReadGyro
                0x08001398       0x9c CMakeFiles/STM32F407ZGT6_TEMPLATE.elf.dir/Core/Src/MPU9250.c.obj
                0x08001398                MPU9250_ReadGyro
 *fill*         0x08001434        0x4 
 .text.MPU9250_ReadMag
                0x08001438      0x1e0 CMakeFiles/STM32F407ZGT6_TEMPLATE.elf.dir/Core/Src/MPU9250.c.obj
                0x08001438                MPU9250_ReadMag
 .text.MPU9250_ReadData
                0x08001618       0x16 CMakeFiles/STM32F407ZGT6_TEMPLATE.elf.dir/Core/Src/MPU9250.c.obj
                0x08001618                MPU9250_ReadData
 *fill*         0x0800162e        0x2 
 .text.MX_DMA_Init
                0x08001630       0x44 CMakeFiles/STM32F407ZGT6_TEMPLATE.elf.dir/Core/Src/dma.c.obj
                0x08001630                MX_DMA_Init
 .text.SYS_Delay
                0x08001674       0x14 CMakeFiles/STM32F407ZGT6_TEMPLATE.elf.dir/Core/Src/func_delay.c.obj
                0x08001674                SYS_Delay
 .text.MX_GPIO_Init
                0x08001688       0xf4 CMakeFiles/STM32F407ZGT6_TEMPLATE.elf.dir/Core/Src/gpio.c.obj
                0x08001688                MX_GPIO_Init
 .text.MX_I2C1_Init
                0x0800177c       0x3c CMakeFiles/STM32F407ZGT6_TEMPLATE.elf.dir/Core/Src/i2c.c.obj
                0x0800177c                MX_I2C1_Init
 .text.MX_I2C2_Init
                0x080017b8       0x3c CMakeFiles/STM32F407ZGT6_TEMPLATE.elf.dir/Core/Src/i2c.c.obj
                0x080017b8                MX_I2C2_Init
 .text.HAL_I2C_MspInit
                0x080017f4       0xe4 CMakeFiles/STM32F407ZGT6_TEMPLATE.elf.dir/Core/Src/i2c.c.obj
                0x080017f4                HAL_I2C_MspInit
 .text.HAL_TIM_PeriodElapsedCallback
                0x080018d8       0x18 CMakeFiles/STM32F407ZGT6_TEMPLATE.elf.dir/Core/Src/main.c.obj
                0x080018d8                HAL_TIM_PeriodElapsedCallback
 .text.Error_Handler
                0x080018f0        0x4 CMakeFiles/STM32F407ZGT6_TEMPLATE.elf.dir/Core/Src/main.c.obj
                0x080018f0                Error_Handler
 .text.SystemClock_Config
                0x080018f4       0xac CMakeFiles/STM32F407ZGT6_TEMPLATE.elf.dir/Core/Src/main.c.obj
                0x080018f4                SystemClock_Config
 .text.main     0x080019a0      0x244 CMakeFiles/STM32F407ZGT6_TEMPLATE.elf.dir/Core/Src/main.c.obj
                0x080019a0                main
 .text.MX_SPI1_Init
                0x08001be4       0x40 CMakeFiles/STM32F407ZGT6_TEMPLATE.elf.dir/Core/Src/spi.c.obj
                0x08001be4                MX_SPI1_Init
 .text.MX_SPI2_Init
                0x08001c24       0x40 CMakeFiles/STM32F407ZGT6_TEMPLATE.elf.dir/Core/Src/spi.c.obj
                0x08001c24                MX_SPI2_Init
 .text.HAL_SPI_MspInit
                0x08001c64      0x16c CMakeFiles/STM32F407ZGT6_TEMPLATE.elf.dir/Core/Src/spi.c.obj
                0x08001c64                HAL_SPI_MspInit
 .text.HAL_MspInit
                0x08001dd0       0x44 CMakeFiles/STM32F407ZGT6_TEMPLATE.elf.dir/Core/Src/stm32f4xx_hal_msp.c.obj
                0x08001dd0                HAL_MspInit
 .text.HAL_InitTick
                0x08001e14       0xa4 CMakeFiles/STM32F407ZGT6_TEMPLATE.elf.dir/Core/Src/stm32f4xx_hal_timebase_tim.c.obj
                0x08001e14                HAL_InitTick
 .text.NMI_Handler
                0x08001eb8        0x2 CMakeFiles/STM32F407ZGT6_TEMPLATE.elf.dir/Core/Src/stm32f4xx_it.c.obj
                0x08001eb8                NMI_Handler
 .text.HardFault_Handler
                0x08001eba        0x2 CMakeFiles/STM32F407ZGT6_TEMPLATE.elf.dir/Core/Src/stm32f4xx_it.c.obj
                0x08001eba                HardFault_Handler
 .text.MemManage_Handler
                0x08001ebc        0x2 CMakeFiles/STM32F407ZGT6_TEMPLATE.elf.dir/Core/Src/stm32f4xx_it.c.obj
                0x08001ebc                MemManage_Handler
 .text.BusFault_Handler
                0x08001ebe        0x2 CMakeFiles/STM32F407ZGT6_TEMPLATE.elf.dir/Core/Src/stm32f4xx_it.c.obj
                0x08001ebe                BusFault_Handler
 .text.UsageFault_Handler
                0x08001ec0        0x2 CMakeFiles/STM32F407ZGT6_TEMPLATE.elf.dir/Core/Src/stm32f4xx_it.c.obj
                0x08001ec0                UsageFault_Handler
 .text.DebugMon_Handler
                0x08001ec2        0x2 CMakeFiles/STM32F407ZGT6_TEMPLATE.elf.dir/Core/Src/stm32f4xx_it.c.obj
                0x08001ec2                DebugMon_Handler
 .text.TIM1_UP_TIM10_IRQHandler
                0x08001ec4       0x10 CMakeFiles/STM32F407ZGT6_TEMPLATE.elf.dir/Core/Src/stm32f4xx_it.c.obj
                0x08001ec4                TIM1_UP_TIM10_IRQHandler
 .text.I2C1_EV_IRQHandler
                0x08001ed4       0x10 CMakeFiles/STM32F407ZGT6_TEMPLATE.elf.dir/Core/Src/stm32f4xx_it.c.obj
                0x08001ed4                I2C1_EV_IRQHandler
 .text.I2C1_ER_IRQHandler
                0x08001ee4       0x10 CMakeFiles/STM32F407ZGT6_TEMPLATE.elf.dir/Core/Src/stm32f4xx_it.c.obj
                0x08001ee4                I2C1_ER_IRQHandler
 .text.TIM6_DAC_IRQHandler
                0x08001ef4       0x10 CMakeFiles/STM32F407ZGT6_TEMPLATE.elf.dir/Core/Src/stm32f4xx_it.c.obj
                0x08001ef4                TIM6_DAC_IRQHandler
 .text.DMA2_Stream0_IRQHandler
                0x08001f04       0x10 CMakeFiles/STM32F407ZGT6_TEMPLATE.elf.dir/Core/Src/stm32f4xx_it.c.obj
                0x08001f04                DMA2_Stream0_IRQHandler
 .text.DMA2_Stream3_IRQHandler
                0x08001f14       0x10 CMakeFiles/STM32F407ZGT6_TEMPLATE.elf.dir/Core/Src/stm32f4xx_it.c.obj
                0x08001f14                DMA2_Stream3_IRQHandler
 .text._getpid  0x08001f24        0x4 CMakeFiles/STM32F407ZGT6_TEMPLATE.elf.dir/Core/Src/syscalls.c.obj
                0x08001f24                _getpid
 .text._kill    0x08001f28       0x10 CMakeFiles/STM32F407ZGT6_TEMPLATE.elf.dir/Core/Src/syscalls.c.obj
                0x08001f28                _kill
 .text._exit    0x08001f38        0xc CMakeFiles/STM32F407ZGT6_TEMPLATE.elf.dir/Core/Src/syscalls.c.obj
                0x08001f38                _exit
 .text._read    0x08001f44       0x20 CMakeFiles/STM32F407ZGT6_TEMPLATE.elf.dir/Core/Src/syscalls.c.obj
                0x08001f44                _read
 .text._write   0x08001f64       0x1c CMakeFiles/STM32F407ZGT6_TEMPLATE.elf.dir/Core/Src/syscalls.c.obj
                0x08001f64                _write
 .text._close   0x08001f80        0x6 CMakeFiles/STM32F407ZGT6_TEMPLATE.elf.dir/Core/Src/syscalls.c.obj
                0x08001f80                _close
 .text._fstat   0x08001f86        0xa CMakeFiles/STM32F407ZGT6_TEMPLATE.elf.dir/Core/Src/syscalls.c.obj
                0x08001f86                _fstat
 .text._isatty  0x08001f90        0x4 CMakeFiles/STM32F407ZGT6_TEMPLATE.elf.dir/Core/Src/syscalls.c.obj
                0x08001f90                _isatty
 .text._lseek   0x08001f94        0x4 CMakeFiles/STM32F407ZGT6_TEMPLATE.elf.dir/Core/Src/syscalls.c.obj
                0x08001f94                _lseek
 .text._sbrk    0x08001f98       0x48 CMakeFiles/STM32F407ZGT6_TEMPLATE.elf.dir/Core/Src/sysmem.c.obj
                0x08001f98                _sbrk
 .text.SystemInit
                0x08001fe0       0x14 CMakeFiles/STM32F407ZGT6_TEMPLATE.elf.dir/Core/Src/system_stm32f4xx.c.obj
                0x08001fe0                SystemInit
 .text.MX_TIM1_Init
                0x08001ff4       0x74 CMakeFiles/STM32F407ZGT6_TEMPLATE.elf.dir/Core/Src/tim.c.obj
                0x08001ff4                MX_TIM1_Init
 .text.HAL_TIM_Base_MspInit
                0x08002068       0x40 CMakeFiles/STM32F407ZGT6_TEMPLATE.elf.dir/Core/Src/tim.c.obj
                0x08002068                HAL_TIM_Base_MspInit
 .text.MX_USART1_UART_Init
                0x080020a8       0x34 CMakeFiles/STM32F407ZGT6_TEMPLATE.elf.dir/Core/Src/usart.c.obj
                0x080020a8                MX_USART1_UART_Init
 .text.HAL_UART_MspInit
                0x080020dc       0x74 CMakeFiles/STM32F407ZGT6_TEMPLATE.elf.dir/Core/Src/usart.c.obj
                0x080020dc                HAL_UART_MspInit
 .text.Reset_Handler
                0x08002150       0x50 CMakeFiles/STM32F407ZGT6_TEMPLATE.elf.dir/Core/Startup/startup_stm32f407zgtx.s.obj
                0x08002150                Reset_Handler
 .text.Default_Handler
                0x080021a0        0x2 CMakeFiles/STM32F407ZGT6_TEMPLATE.elf.dir/Core/Startup/startup_stm32f407zgtx.s.obj
                0x080021a0                RTC_Alarm_IRQHandler
                0x080021a0                HASH_RNG_IRQHandler
                0x080021a0                EXTI2_IRQHandler
                0x080021a0                TIM8_CC_IRQHandler
                0x080021a0                TIM1_CC_IRQHandler
                0x080021a0                DMA2_Stream5_IRQHandler
                0x080021a0                DMA1_Stream5_IRQHandler
                0x080021a0                PVD_IRQHandler
                0x080021a0                SDIO_IRQHandler
                0x080021a0                TAMP_STAMP_IRQHandler
                0x080021a0                CAN2_RX1_IRQHandler
                0x080021a0                EXTI3_IRQHandler
                0x080021a0                TIM8_TRG_COM_TIM14_IRQHandler
                0x080021a0                TIM8_UP_TIM13_IRQHandler
                0x080021a0                I2C3_ER_IRQHandler
                0x080021a0                EXTI0_IRQHandler
                0x080021a0                I2C2_EV_IRQHandler
                0x080021a0                DMA1_Stream2_IRQHandler
                0x080021a0                CAN1_RX0_IRQHandler
                0x080021a0                FPU_IRQHandler
                0x080021a0                OTG_HS_WKUP_IRQHandler
                0x080021a0                CAN2_SCE_IRQHandler
                0x080021a0                DMA2_Stream2_IRQHandler
                0x080021a0                SPI1_IRQHandler
                0x080021a0                TIM1_BRK_TIM9_IRQHandler
                0x080021a0                DCMI_IRQHandler
                0x080021a0                CAN2_RX0_IRQHandler
                0x080021a0                USART6_IRQHandler
                0x080021a0                USART3_IRQHandler
                0x080021a0                CAN1_RX1_IRQHandler
                0x080021a0                UART5_IRQHandler
                0x080021a0                TIM4_IRQHandler
                0x080021a0                DMA1_Stream6_IRQHandler
                0x080021a0                DMA1_Stream1_IRQHandler
                0x080021a0                UART4_IRQHandler
                0x080021a0                TIM3_IRQHandler
                0x080021a0                RCC_IRQHandler
                0x080021a0                TIM8_BRK_TIM12_IRQHandler
                0x080021a0                Default_Handler
                0x080021a0                EXTI15_10_IRQHandler
                0x080021a0                ADC_IRQHandler
                0x080021a0                DMA1_Stream7_IRQHandler
                0x080021a0                TIM7_IRQHandler
                0x080021a0                CAN2_TX_IRQHandler
                0x080021a0                TIM5_IRQHandler
                0x080021a0                DMA2_Stream7_IRQHandler
                0x080021a0                I2C3_EV_IRQHandler
                0x080021a0                EXTI9_5_IRQHandler
                0x080021a0                RTC_WKUP_IRQHandler
                0x080021a0                ETH_WKUP_IRQHandler
                0x080021a0                SPI2_IRQHandler
                0x080021a0                OTG_HS_EP1_IN_IRQHandler
                0x080021a0                DMA1_Stream0_IRQHandler
                0x080021a0                CAN1_TX_IRQHandler
                0x080021a0                EXTI4_IRQHandler
                0x080021a0                FSMC_IRQHandler
                0x080021a0                ETH_IRQHandler
                0x080021a0                OTG_HS_EP1_OUT_IRQHandler
                0x080021a0                WWDG_IRQHandler
                0x080021a0                TIM2_IRQHandler
                0x080021a0                OTG_FS_WKUP_IRQHandler
                0x080021a0                TIM1_TRG_COM_TIM11_IRQHandler
                0x080021a0                OTG_HS_IRQHandler
                0x080021a0                EXTI1_IRQHandler
                0x080021a0                USART2_IRQHandler
                0x080021a0                I2C2_ER_IRQHandler
                0x080021a0                DMA2_Stream1_IRQHandler
                0x080021a0                CAN1_SCE_IRQHandler
                0x080021a0                FLASH_IRQHandler
                0x080021a0                DMA2_Stream4_IRQHandler
                0x080021a0                USART1_IRQHandler
                0x080021a0                OTG_FS_IRQHandler
                0x080021a0                SPI3_IRQHandler
                0x080021a0                DMA1_Stream4_IRQHandler
                0x080021a0                DMA2_Stream6_IRQHandler
                0x080021a0                DMA1_Stream3_IRQHandler
 *fill*         0x080021a2        0x2 
 .text.HAL_Init
                0x080021a4       0x34 CMakeFiles/STM32F407ZGT6_TEMPLATE.elf.dir/Drivers/STM32F4xx_HAL_Driver/Src/stm32f4xx_hal.c.obj
                0x080021a4                HAL_Init
 .text.HAL_IncTick
                0x080021d8       0x18 CMakeFiles/STM32F407ZGT6_TEMPLATE.elf.dir/Drivers/STM32F4xx_HAL_Driver/Src/stm32f4xx_hal.c.obj
                0x080021d8                HAL_IncTick
 .text.HAL_GetTick
                0x080021f0        0xc CMakeFiles/STM32F407ZGT6_TEMPLATE.elf.dir/Drivers/STM32F4xx_HAL_Driver/Src/stm32f4xx_hal.c.obj
                0x080021f0                HAL_GetTick
 .text.HAL_Delay
                0x080021fc       0x28 CMakeFiles/STM32F407ZGT6_TEMPLATE.elf.dir/Drivers/STM32F4xx_HAL_Driver/Src/stm32f4xx_hal.c.obj
                0x080021fc                HAL_Delay
 .text.__NVIC_EnableIRQ
                0x08002224       0x1c CMakeFiles/STM32F407ZGT6_TEMPLATE.elf.dir/Drivers/STM32F4xx_HAL_Driver/Src/stm32f4xx_hal_cortex.c.obj
 .text.__NVIC_SetPriority
                0x08002240       0x28 CMakeFiles/STM32F407ZGT6_TEMPLATE.elf.dir/Drivers/STM32F4xx_HAL_Driver/Src/stm32f4xx_hal_cortex.c.obj
 .text.NVIC_EncodePriority
                0x08002268       0x3e CMakeFiles/STM32F407ZGT6_TEMPLATE.elf.dir/Drivers/STM32F4xx_HAL_Driver/Src/stm32f4xx_hal_cortex.c.obj
 *fill*         0x080022a6        0x2 
 .text.HAL_NVIC_SetPriorityGrouping
                0x080022a8       0x24 CMakeFiles/STM32F407ZGT6_TEMPLATE.elf.dir/Drivers/STM32F4xx_HAL_Driver/Src/stm32f4xx_hal_cortex.c.obj
                0x080022a8                HAL_NVIC_SetPriorityGrouping
 .text.HAL_NVIC_SetPriority
                0x080022cc       0x20 CMakeFiles/STM32F407ZGT6_TEMPLATE.elf.dir/Drivers/STM32F4xx_HAL_Driver/Src/stm32f4xx_hal_cortex.c.obj
                0x080022cc                HAL_NVIC_SetPriority
 .text.HAL_NVIC_EnableIRQ
                0x080022ec        0x8 CMakeFiles/STM32F407ZGT6_TEMPLATE.elf.dir/Drivers/STM32F4xx_HAL_Driver/Src/stm32f4xx_hal_cortex.c.obj
                0x080022ec                HAL_NVIC_EnableIRQ
 .text.DMA_CalcBaseAndBitshift
                0x080022f4       0x44 CMakeFiles/STM32F407ZGT6_TEMPLATE.elf.dir/Drivers/STM32F4xx_HAL_Driver/Src/stm32f4xx_hal_dma.c.obj
 .text.DMA_CheckFifoParam
                0x08002338       0x8e CMakeFiles/STM32F407ZGT6_TEMPLATE.elf.dir/Drivers/STM32F4xx_HAL_Driver/Src/stm32f4xx_hal_dma.c.obj
 *fill*         0x080023c6        0x2 
 .text.HAL_DMA_Init
                0x080023c8       0xcc CMakeFiles/STM32F407ZGT6_TEMPLATE.elf.dir/Drivers/STM32F4xx_HAL_Driver/Src/stm32f4xx_hal_dma.c.obj
                0x080023c8                HAL_DMA_Init
 .text.HAL_DMA_Abort_IT
                0x08002494       0x26 CMakeFiles/STM32F407ZGT6_TEMPLATE.elf.dir/Drivers/STM32F4xx_HAL_Driver/Src/stm32f4xx_hal_dma.c.obj
                0x08002494                HAL_DMA_Abort_IT
 *fill*         0x080024ba        0x2 
 .text.HAL_DMA_IRQHandler
                0x080024bc      0x1dc CMakeFiles/STM32F407ZGT6_TEMPLATE.elf.dir/Drivers/STM32F4xx_HAL_Driver/Src/stm32f4xx_hal_dma.c.obj
                0x080024bc                HAL_DMA_IRQHandler
 .text.HAL_DMA_GetState
                0x08002698        0x6 CMakeFiles/STM32F407ZGT6_TEMPLATE.elf.dir/Drivers/STM32F4xx_HAL_Driver/Src/stm32f4xx_hal_dma.c.obj
                0x08002698                HAL_DMA_GetState
 *fill*         0x0800269e        0x2 
 .text.HAL_GPIO_Init
                0x080026a0      0x1ec CMakeFiles/STM32F407ZGT6_TEMPLATE.elf.dir/Drivers/STM32F4xx_HAL_Driver/Src/stm32f4xx_hal_gpio.c.obj
                0x080026a0                HAL_GPIO_Init
 .text.HAL_GPIO_WritePin
                0x0800288c        0xc CMakeFiles/STM32F407ZGT6_TEMPLATE.elf.dir/Drivers/STM32F4xx_HAL_Driver/Src/stm32f4xx_hal_gpio.c.obj
                0x0800288c                HAL_GPIO_WritePin
 .text.I2C_Flush_DR
                0x08002898       0x10 CMakeFiles/STM32F407ZGT6_TEMPLATE.elf.dir/Drivers/STM32F4xx_HAL_Driver/Src/stm32f4xx_hal_i2c.c.obj
 .text.I2C_Master_SB
                0x080028a8       0xa8 CMakeFiles/STM32F407ZGT6_TEMPLATE.elf.dir/Drivers/STM32F4xx_HAL_Driver/Src/stm32f4xx_hal_i2c.c.obj
 .text.I2C_Master_ADD10
                0x08002950       0x2a CMakeFiles/STM32F407ZGT6_TEMPLATE.elf.dir/Drivers/STM32F4xx_HAL_Driver/Src/stm32f4xx_hal_i2c.c.obj
 *fill*         0x0800297a        0x2 
 .text.I2C_Master_ADDR
                0x0800297c      0x234 CMakeFiles/STM32F407ZGT6_TEMPLATE.elf.dir/Drivers/STM32F4xx_HAL_Driver/Src/stm32f4xx_hal_i2c.c.obj
 .text.I2C_SlaveTransmit_BTF
                0x08002bb0       0x20 CMakeFiles/STM32F407ZGT6_TEMPLATE.elf.dir/Drivers/STM32F4xx_HAL_Driver/Src/stm32f4xx_hal_i2c.c.obj
 .text.I2C_SlaveReceive_BTF
                0x08002bd0       0x20 CMakeFiles/STM32F407ZGT6_TEMPLATE.elf.dir/Drivers/STM32F4xx_HAL_Driver/Src/stm32f4xx_hal_i2c.c.obj
 .text.I2C_WaitOnSTOPRequestThroughIT
                0x08002bf0       0x48 CMakeFiles/STM32F407ZGT6_TEMPLATE.elf.dir/Drivers/STM32F4xx_HAL_Driver/Src/stm32f4xx_hal_i2c.c.obj
 .text.I2C_ConvertOtherXferOptions
                0x08002c38       0x1e CMakeFiles/STM32F407ZGT6_TEMPLATE.elf.dir/Drivers/STM32F4xx_HAL_Driver/Src/stm32f4xx_hal_i2c.c.obj
 *fill*         0x08002c56        0x2 
 .text.HAL_I2C_Init
                0x08002c58      0x1bc CMakeFiles/STM32F407ZGT6_TEMPLATE.elf.dir/Drivers/STM32F4xx_HAL_Driver/Src/stm32f4xx_hal_i2c.c.obj
                0x08002c58                HAL_I2C_Init
 .text.HAL_I2C_MasterTxCpltCallback
                0x08002e14        0x2 CMakeFiles/STM32F407ZGT6_TEMPLATE.elf.dir/Drivers/STM32F4xx_HAL_Driver/Src/stm32f4xx_hal_i2c.c.obj
                0x08002e14                HAL_I2C_MasterTxCpltCallback
 .text.HAL_I2C_MasterRxCpltCallback
                0x08002e16        0x2 CMakeFiles/STM32F407ZGT6_TEMPLATE.elf.dir/Drivers/STM32F4xx_HAL_Driver/Src/stm32f4xx_hal_i2c.c.obj
                0x08002e16                HAL_I2C_MasterRxCpltCallback
 .text.HAL_I2C_SlaveTxCpltCallback
                0x08002e18        0x2 CMakeFiles/STM32F407ZGT6_TEMPLATE.elf.dir/Drivers/STM32F4xx_HAL_Driver/Src/stm32f4xx_hal_i2c.c.obj
                0x08002e18                HAL_I2C_SlaveTxCpltCallback
 .text.I2C_SlaveTransmit_TXE
                0x08002e1a       0x4c CMakeFiles/STM32F407ZGT6_TEMPLATE.elf.dir/Drivers/STM32F4xx_HAL_Driver/Src/stm32f4xx_hal_i2c.c.obj
 .text.HAL_I2C_SlaveRxCpltCallback
                0x08002e66        0x2 CMakeFiles/STM32F407ZGT6_TEMPLATE.elf.dir/Drivers/STM32F4xx_HAL_Driver/Src/stm32f4xx_hal_i2c.c.obj
                0x08002e66                HAL_I2C_SlaveRxCpltCallback
 .text.I2C_SlaveReceive_RXNE
                0x08002e68       0x4c CMakeFiles/STM32F407ZGT6_TEMPLATE.elf.dir/Drivers/STM32F4xx_HAL_Driver/Src/stm32f4xx_hal_i2c.c.obj
 .text.HAL_I2C_AddrCallback
                0x08002eb4        0x2 CMakeFiles/STM32F407ZGT6_TEMPLATE.elf.dir/Drivers/STM32F4xx_HAL_Driver/Src/stm32f4xx_hal_i2c.c.obj
                0x08002eb4                HAL_I2C_AddrCallback
 .text.I2C_Slave_ADDR
                0x08002eb6       0x5a CMakeFiles/STM32F407ZGT6_TEMPLATE.elf.dir/Drivers/STM32F4xx_HAL_Driver/Src/stm32f4xx_hal_i2c.c.obj
 .text.HAL_I2C_ListenCpltCallback
                0x08002f10        0x2 CMakeFiles/STM32F407ZGT6_TEMPLATE.elf.dir/Drivers/STM32F4xx_HAL_Driver/Src/stm32f4xx_hal_i2c.c.obj
                0x08002f10                HAL_I2C_ListenCpltCallback
 *fill*         0x08002f12        0x2 
 .text.I2C_Slave_AF
                0x08002f14       0xa0 CMakeFiles/STM32F407ZGT6_TEMPLATE.elf.dir/Drivers/STM32F4xx_HAL_Driver/Src/stm32f4xx_hal_i2c.c.obj
 .text.HAL_I2C_MemTxCpltCallback
                0x08002fb4        0x2 CMakeFiles/STM32F407ZGT6_TEMPLATE.elf.dir/Drivers/STM32F4xx_HAL_Driver/Src/stm32f4xx_hal_i2c.c.obj
                0x08002fb4                HAL_I2C_MemTxCpltCallback
 .text.I2C_MasterTransmit_BTF
                0x08002fb6       0x9e CMakeFiles/STM32F407ZGT6_TEMPLATE.elf.dir/Drivers/STM32F4xx_HAL_Driver/Src/stm32f4xx_hal_i2c.c.obj
 .text.I2C_MemoryTransmit_TXE_BTF
                0x08003054       0xc4 CMakeFiles/STM32F407ZGT6_TEMPLATE.elf.dir/Drivers/STM32F4xx_HAL_Driver/Src/stm32f4xx_hal_i2c.c.obj
 .text.I2C_MasterTransmit_TXE
                0x08003118       0xd4 CMakeFiles/STM32F407ZGT6_TEMPLATE.elf.dir/Drivers/STM32F4xx_HAL_Driver/Src/stm32f4xx_hal_i2c.c.obj
 .text.HAL_I2C_MemRxCpltCallback
                0x080031ec        0x2 CMakeFiles/STM32F407ZGT6_TEMPLATE.elf.dir/Drivers/STM32F4xx_HAL_Driver/Src/stm32f4xx_hal_i2c.c.obj
                0x080031ec                HAL_I2C_MemRxCpltCallback
 .text.I2C_MasterReceive_BTF
                0x080031ee      0x140 CMakeFiles/STM32F407ZGT6_TEMPLATE.elf.dir/Drivers/STM32F4xx_HAL_Driver/Src/stm32f4xx_hal_i2c.c.obj
 .text.HAL_I2C_ErrorCallback
                0x0800332e        0x2 CMakeFiles/STM32F407ZGT6_TEMPLATE.elf.dir/Drivers/STM32F4xx_HAL_Driver/Src/stm32f4xx_hal_i2c.c.obj
                0x0800332e                HAL_I2C_ErrorCallback
 .text.I2C_MasterReceive_RXNE
                0x08003330      0x106 CMakeFiles/STM32F407ZGT6_TEMPLATE.elf.dir/Drivers/STM32F4xx_HAL_Driver/Src/stm32f4xx_hal_i2c.c.obj
 .text.HAL_I2C_AbortCpltCallback
                0x08003436        0x2 CMakeFiles/STM32F407ZGT6_TEMPLATE.elf.dir/Drivers/STM32F4xx_HAL_Driver/Src/stm32f4xx_hal_i2c.c.obj
                0x08003436                HAL_I2C_AbortCpltCallback
 .text.I2C_DMAAbort
                0x08003438       0xe4 CMakeFiles/STM32F407ZGT6_TEMPLATE.elf.dir/Drivers/STM32F4xx_HAL_Driver/Src/stm32f4xx_hal_i2c.c.obj
 .text.I2C_ITError
                0x0800351c      0x178 CMakeFiles/STM32F407ZGT6_TEMPLATE.elf.dir/Drivers/STM32F4xx_HAL_Driver/Src/stm32f4xx_hal_i2c.c.obj
 .text.I2C_Slave_STOPF
                0x08003694      0x18c CMakeFiles/STM32F407ZGT6_TEMPLATE.elf.dir/Drivers/STM32F4xx_HAL_Driver/Src/stm32f4xx_hal_i2c.c.obj
 .text.HAL_I2C_EV_IRQHandler
                0x08003820      0x1a0 CMakeFiles/STM32F407ZGT6_TEMPLATE.elf.dir/Drivers/STM32F4xx_HAL_Driver/Src/stm32f4xx_hal_i2c.c.obj
                0x08003820                HAL_I2C_EV_IRQHandler
 .text.HAL_I2C_ER_IRQHandler
                0x080039c0       0xbc CMakeFiles/STM32F407ZGT6_TEMPLATE.elf.dir/Drivers/STM32F4xx_HAL_Driver/Src/stm32f4xx_hal_i2c.c.obj
                0x080039c0                HAL_I2C_ER_IRQHandler
 .text.HAL_RCC_OscConfig
                0x08003a7c      0x3f8 CMakeFiles/STM32F407ZGT6_TEMPLATE.elf.dir/Drivers/STM32F4xx_HAL_Driver/Src/stm32f4xx_hal_rcc.c.obj
                0x08003a7c                HAL_RCC_OscConfig
 .text.HAL_RCC_GetSysClockFreq
                0x08003e74       0xdc CMakeFiles/STM32F407ZGT6_TEMPLATE.elf.dir/Drivers/STM32F4xx_HAL_Driver/Src/stm32f4xx_hal_rcc.c.obj
                0x08003e74                HAL_RCC_GetSysClockFreq
 .text.HAL_RCC_ClockConfig
                0x08003f50      0x160 CMakeFiles/STM32F407ZGT6_TEMPLATE.elf.dir/Drivers/STM32F4xx_HAL_Driver/Src/stm32f4xx_hal_rcc.c.obj
                0x08003f50                HAL_RCC_ClockConfig
 .text.HAL_RCC_GetHCLKFreq
                0x080040b0        0xc CMakeFiles/STM32F407ZGT6_TEMPLATE.elf.dir/Drivers/STM32F4xx_HAL_Driver/Src/stm32f4xx_hal_rcc.c.obj
                0x080040b0                HAL_RCC_GetHCLKFreq
 .text.HAL_RCC_GetPCLK1Freq
                0x080040bc       0x20 CMakeFiles/STM32F407ZGT6_TEMPLATE.elf.dir/Drivers/STM32F4xx_HAL_Driver/Src/stm32f4xx_hal_rcc.c.obj
                0x080040bc                HAL_RCC_GetPCLK1Freq
 .text.HAL_RCC_GetPCLK2Freq
                0x080040dc       0x20 CMakeFiles/STM32F407ZGT6_TEMPLATE.elf.dir/Drivers/STM32F4xx_HAL_Driver/Src/stm32f4xx_hal_rcc.c.obj
                0x080040dc                HAL_RCC_GetPCLK2Freq
 .text.HAL_RCC_GetClockConfig
                0x080040fc       0x3c CMakeFiles/STM32F407ZGT6_TEMPLATE.elf.dir/Drivers/STM32F4xx_HAL_Driver/Src/stm32f4xx_hal_rcc.c.obj
                0x080040fc                HAL_RCC_GetClockConfig
 .text.SPI_WaitFlagStateUntilTimeout
                0x08004138       0xc8 CMakeFiles/STM32F407ZGT6_TEMPLATE.elf.dir/Drivers/STM32F4xx_HAL_Driver/Src/stm32f4xx_hal_spi.c.obj
 .text.SPI_EndRxTxTransaction
                0x08004200       0x80 CMakeFiles/STM32F407ZGT6_TEMPLATE.elf.dir/Drivers/STM32F4xx_HAL_Driver/Src/stm32f4xx_hal_spi.c.obj
 .text.SPI_EndRxTransaction
                0x08004280       0x8c CMakeFiles/STM32F407ZGT6_TEMPLATE.elf.dir/Drivers/STM32F4xx_HAL_Driver/Src/stm32f4xx_hal_spi.c.obj
 .text.HAL_SPI_Init
                0x0800430c       0xbe CMakeFiles/STM32F407ZGT6_TEMPLATE.elf.dir/Drivers/STM32F4xx_HAL_Driver/Src/stm32f4xx_hal_spi.c.obj
                0x0800430c                HAL_SPI_Init
 .text.HAL_SPI_Transmit
                0x080043ca      0x1c4 CMakeFiles/STM32F407ZGT6_TEMPLATE.elf.dir/Drivers/STM32F4xx_HAL_Driver/Src/stm32f4xx_hal_spi.c.obj
                0x080043ca                HAL_SPI_Transmit
 .text.HAL_SPI_TransmitReceive
                0x0800458e      0x254 CMakeFiles/STM32F407ZGT6_TEMPLATE.elf.dir/Drivers/STM32F4xx_HAL_Driver/Src/stm32f4xx_hal_spi.c.obj
                0x0800458e                HAL_SPI_TransmitReceive
 .text.HAL_SPI_Receive
                0x080047e2      0x188 CMakeFiles/STM32F407ZGT6_TEMPLATE.elf.dir/Drivers/STM32F4xx_HAL_Driver/Src/stm32f4xx_hal_spi.c.obj
                0x080047e2                HAL_SPI_Receive
 .text.HAL_SPI_GetState
                0x0800496a        0x6 CMakeFiles/STM32F407ZGT6_TEMPLATE.elf.dir/Drivers/STM32F4xx_HAL_Driver/Src/stm32f4xx_hal_spi.c.obj
                0x0800496a                HAL_SPI_GetState
 .text.TIM_TI1_ConfigInputStage
                0x08004970       0x26 CMakeFiles/STM32F407ZGT6_TEMPLATE.elf.dir/Drivers/STM32F4xx_HAL_Driver/Src/stm32f4xx_hal_tim.c.obj
 .text.TIM_TI2_ConfigInputStage
                0x08004996       0x28 CMakeFiles/STM32F407ZGT6_TEMPLATE.elf.dir/Drivers/STM32F4xx_HAL_Driver/Src/stm32f4xx_hal_tim.c.obj
 .text.TIM_ITRx_SetConfig
                0x080049be       0x10 CMakeFiles/STM32F407ZGT6_TEMPLATE.elf.dir/Drivers/STM32F4xx_HAL_Driver/Src/stm32f4xx_hal_tim.c.obj
 *fill*         0x080049ce        0x2 
 .text.HAL_TIM_Base_Start_IT
                0x080049d0       0x88 CMakeFiles/STM32F407ZGT6_TEMPLATE.elf.dir/Drivers/STM32F4xx_HAL_Driver/Src/stm32f4xx_hal_tim.c.obj
                0x080049d0                HAL_TIM_Base_Start_IT
 .text.HAL_TIM_OC_DelayElapsedCallback
                0x08004a58        0x2 CMakeFiles/STM32F407ZGT6_TEMPLATE.elf.dir/Drivers/STM32F4xx_HAL_Driver/Src/stm32f4xx_hal_tim.c.obj
                0x08004a58                HAL_TIM_OC_DelayElapsedCallback
 .text.HAL_TIM_IC_CaptureCallback
                0x08004a5a        0x2 CMakeFiles/STM32F407ZGT6_TEMPLATE.elf.dir/Drivers/STM32F4xx_HAL_Driver/Src/stm32f4xx_hal_tim.c.obj
                0x08004a5a                HAL_TIM_IC_CaptureCallback
 .text.HAL_TIM_PWM_PulseFinishedCallback
                0x08004a5c        0x2 CMakeFiles/STM32F407ZGT6_TEMPLATE.elf.dir/Drivers/STM32F4xx_HAL_Driver/Src/stm32f4xx_hal_tim.c.obj
                0x08004a5c                HAL_TIM_PWM_PulseFinishedCallback
 .text.HAL_TIM_TriggerCallback
                0x08004a5e        0x2 CMakeFiles/STM32F407ZGT6_TEMPLATE.elf.dir/Drivers/STM32F4xx_HAL_Driver/Src/stm32f4xx_hal_tim.c.obj
                0x08004a5e                HAL_TIM_TriggerCallback
 .text.HAL_TIM_IRQHandler
                0x08004a60      0x15e CMakeFiles/STM32F407ZGT6_TEMPLATE.elf.dir/Drivers/STM32F4xx_HAL_Driver/Src/stm32f4xx_hal_tim.c.obj
                0x08004a60                HAL_TIM_IRQHandler
 *fill*         0x08004bbe        0x2 
 .text.TIM_Base_SetConfig
                0x08004bc0       0xd8 CMakeFiles/STM32F407ZGT6_TEMPLATE.elf.dir/Drivers/STM32F4xx_HAL_Driver/Src/stm32f4xx_hal_tim.c.obj
                0x08004bc0                TIM_Base_SetConfig
 .text.HAL_TIM_Base_Init
                0x08004c98       0x58 CMakeFiles/STM32F407ZGT6_TEMPLATE.elf.dir/Drivers/STM32F4xx_HAL_Driver/Src/stm32f4xx_hal_tim.c.obj
                0x08004c98                HAL_TIM_Base_Init
 .text.TIM_ETR_SetConfig
                0x08004cf0       0x1a CMakeFiles/STM32F407ZGT6_TEMPLATE.elf.dir/Drivers/STM32F4xx_HAL_Driver/Src/stm32f4xx_hal_tim.c.obj
                0x08004cf0                TIM_ETR_SetConfig
 .text.HAL_TIM_ConfigClockSource
                0x08004d0a       0xfe CMakeFiles/STM32F407ZGT6_TEMPLATE.elf.dir/Drivers/STM32F4xx_HAL_Driver/Src/stm32f4xx_hal_tim.c.obj
                0x08004d0a                HAL_TIM_ConfigClockSource
 .text.HAL_TIMEx_MasterConfigSynchronization
                0x08004e08       0x8c CMakeFiles/STM32F407ZGT6_TEMPLATE.elf.dir/Drivers/STM32F4xx_HAL_Driver/Src/stm32f4xx_hal_tim_ex.c.obj
                0x08004e08                HAL_TIMEx_MasterConfigSynchronization
 .text.HAL_TIMEx_CommutCallback
                0x08004e94        0x2 CMakeFiles/STM32F407ZGT6_TEMPLATE.elf.dir/Drivers/STM32F4xx_HAL_Driver/Src/stm32f4xx_hal_tim_ex.c.obj
                0x08004e94                HAL_TIMEx_CommutCallback
 .text.HAL_TIMEx_BreakCallback
                0x08004e96        0x2 CMakeFiles/STM32F407ZGT6_TEMPLATE.elf.dir/Drivers/STM32F4xx_HAL_Driver/Src/stm32f4xx_hal_tim_ex.c.obj
                0x08004e96                HAL_TIMEx_BreakCallback
 .text.UART_EndRxTransfer
                0x08004e98       0x5c CMakeFiles/STM32F407ZGT6_TEMPLATE.elf.dir/Drivers/STM32F4xx_HAL_Driver/Src/stm32f4xx_hal_uart.c.obj
 .text.UART_SetConfig
                0x08004ef4      0x110 CMakeFiles/STM32F407ZGT6_TEMPLATE.elf.dir/Drivers/STM32F4xx_HAL_Driver/Src/stm32f4xx_hal_uart.c.obj
 .text.UART_WaitOnFlagUntilTimeout
                0x08005004       0x86 CMakeFiles/STM32F407ZGT6_TEMPLATE.elf.dir/Drivers/STM32F4xx_HAL_Driver/Src/stm32f4xx_hal_uart.c.obj
 .text.HAL_UART_Init
                0x0800508a       0x60 CMakeFiles/STM32F407ZGT6_TEMPLATE.elf.dir/Drivers/STM32F4xx_HAL_Driver/Src/stm32f4xx_hal_uart.c.obj
                0x0800508a                HAL_UART_Init
 .text.HAL_UART_Transmit
                0x080050ea       0xcc CMakeFiles/STM32F407ZGT6_TEMPLATE.elf.dir/Drivers/STM32F4xx_HAL_Driver/Src/stm32f4xx_hal_uart.c.obj
                0x080050ea                HAL_UART_Transmit
 .text.SysTick_Handler
                0x080051b6       0x18 CMakeFiles/STM32F407ZGT6_TEMPLATE.elf.dir/Middlewares/Third_Party/FreeRTOS/Source/CMSIS_RTOS_V2/cmsis_os2.c.obj
                0x080051b6                SysTick_Handler
 .text.osDelay  0x080051ce       0x1c CMakeFiles/STM32F407ZGT6_TEMPLATE.elf.dir/Middlewares/Third_Party/FreeRTOS/Source/CMSIS_RTOS_V2/cmsis_os2.c.obj
                0x080051ce                osDelay
 .text.vListInsertEnd
                0x080051ea       0x16 CMakeFiles/STM32F407ZGT6_TEMPLATE.elf.dir/Middlewares/Third_Party/FreeRTOS/Source/list.c.obj
                0x080051ea                vListInsertEnd
 .text.vListInsert
                0x08005200       0x32 CMakeFiles/STM32F407ZGT6_TEMPLATE.elf.dir/Middlewares/Third_Party/FreeRTOS/Source/list.c.obj
                0x08005200                vListInsert
 .text.uxListRemove
                0x08005232       0x26 CMakeFiles/STM32F407ZGT6_TEMPLATE.elf.dir/Middlewares/Third_Party/FreeRTOS/Source/list.c.obj
                0x08005232                uxListRemove
 *fill*         0x08005258        0x8 
 .text.SVC_Handler
                0x08005260       0x24 CMakeFiles/STM32F407ZGT6_TEMPLATE.elf.dir/Middlewares/Third_Party/FreeRTOS/Source/portable/GCC/ARM_CM4F/port.c.obj
                0x08005260                SVC_Handler
 .text.vPortEnterCritical
                0x08005284       0x44 CMakeFiles/STM32F407ZGT6_TEMPLATE.elf.dir/Middlewares/Third_Party/FreeRTOS/Source/portable/GCC/ARM_CM4F/port.c.obj
                0x08005284                vPortEnterCritical
 .text.vPortExitCritical
                0x080052c8       0x2c CMakeFiles/STM32F407ZGT6_TEMPLATE.elf.dir/Middlewares/Third_Party/FreeRTOS/Source/portable/GCC/ARM_CM4F/port.c.obj
                0x080052c8                vPortExitCritical
 *fill*         0x080052f4        0xc 
 .text.PendSV_Handler
                0x08005300       0x64 CMakeFiles/STM32F407ZGT6_TEMPLATE.elf.dir/Middlewares/Third_Party/FreeRTOS/Source/portable/GCC/ARM_CM4F/port.c.obj
                0x08005300                PendSV_Handler
 .text.xPortSysTickHandler
                0x08005364       0x2c CMakeFiles/STM32F407ZGT6_TEMPLATE.elf.dir/Middlewares/Third_Party/FreeRTOS/Source/portable/GCC/ARM_CM4F/port.c.obj
                0x08005364                xPortSysTickHandler
 .text.prvResetNextTaskUnblockTime
                0x08005390       0x2c CMakeFiles/STM32F407ZGT6_TEMPLATE.elf.dir/Middlewares/Third_Party/FreeRTOS/Source/tasks.c.obj
 .text.prvAddCurrentTaskToDelayedList
                0x080053bc       0x7c CMakeFiles/STM32F407ZGT6_TEMPLATE.elf.dir/Middlewares/Third_Party/FreeRTOS/Source/tasks.c.obj
 .text.vTaskSuspendAll
                0x08005438       0x10 CMakeFiles/STM32F407ZGT6_TEMPLATE.elf.dir/Middlewares/Third_Party/FreeRTOS/Source/tasks.c.obj
                0x08005438                vTaskSuspendAll
 .text.xTaskIncrementTick
                0x08005448      0x118 CMakeFiles/STM32F407ZGT6_TEMPLATE.elf.dir/Middlewares/Third_Party/FreeRTOS/Source/tasks.c.obj
                0x08005448                xTaskIncrementTick
 .text.xTaskResumeAll
                0x08005560       0xf8 CMakeFiles/STM32F407ZGT6_TEMPLATE.elf.dir/Middlewares/Third_Party/FreeRTOS/Source/tasks.c.obj
                0x08005560                xTaskResumeAll
 .text.vTaskDelay
                0x08005658       0x4c CMakeFiles/STM32F407ZGT6_TEMPLATE.elf.dir/Middlewares/Third_Party/FreeRTOS/Source/tasks.c.obj
                0x08005658                vTaskDelay
 .text.vTaskSwitchContext
                0x080056a4       0x98 CMakeFiles/STM32F407ZGT6_TEMPLATE.elf.dir/Middlewares/Third_Party/FreeRTOS/Source/tasks.c.obj
                0x080056a4                vTaskSwitchContext
 .text.xTaskGetSchedulerState
                0x0800573c       0x20 CMakeFiles/STM32F407ZGT6_TEMPLATE.elf.dir/Middlewares/Third_Party/FreeRTOS/Source/tasks.c.obj
                0x0800573c                xTaskGetSchedulerState
 .text.std      0x0800575c       0x6c C:/ST/STM32CubeCLT_1.16.0/GNU-tools-for-STM32/bin/../lib/gcc/arm-none-eabi/12.3.1/../../../../arm-none-eabi/lib/thumb/v7e-m+fp/hard\libc.a(libc_a-findfp.o)
 .text.stdio_exit_handler
                0x080057c8       0x18 C:/ST/STM32CubeCLT_1.16.0/GNU-tools-for-STM32/bin/../lib/gcc/arm-none-eabi/12.3.1/../../../../arm-none-eabi/lib/thumb/v7e-m+fp/hard\libc.a(libc_a-findfp.o)
 .text.cleanup_stdio
                0x080057e0       0x40 C:/ST/STM32CubeCLT_1.16.0/GNU-tools-for-STM32/bin/../lib/gcc/arm-none-eabi/12.3.1/../../../../arm-none-eabi/lib/thumb/v7e-m+fp/hard\libc.a(libc_a-findfp.o)
 .text.global_stdio_init.part.0
                0x08005820       0x3c C:/ST/STM32CubeCLT_1.16.0/GNU-tools-for-STM32/bin/../lib/gcc/arm-none-eabi/12.3.1/../../../../arm-none-eabi/lib/thumb/v7e-m+fp/hard\libc.a(libc_a-findfp.o)
 .text.__sfp_lock_acquire
                0x0800585c        0xc C:/ST/STM32CubeCLT_1.16.0/GNU-tools-for-STM32/bin/../lib/gcc/arm-none-eabi/12.3.1/../../../../arm-none-eabi/lib/thumb/v7e-m+fp/hard\libc.a(libc_a-findfp.o)
                0x0800585c                __sfp_lock_acquire
 .text.__sfp_lock_release
                0x08005868        0xc C:/ST/STM32CubeCLT_1.16.0/GNU-tools-for-STM32/bin/../lib/gcc/arm-none-eabi/12.3.1/../../../../arm-none-eabi/lib/thumb/v7e-m+fp/hard\libc.a(libc_a-findfp.o)
                0x08005868                __sfp_lock_release
 .text.__sinit  0x08005874       0x30 C:/ST/STM32CubeCLT_1.16.0/GNU-tools-for-STM32/bin/../lib/gcc/arm-none-eabi/12.3.1/../../../../arm-none-eabi/lib/thumb/v7e-m+fp/hard\libc.a(libc_a-findfp.o)
                0x08005874                __sinit
 .text._fwalk_sglue
                0x080058a4       0x3c C:/ST/STM32CubeCLT_1.16.0/GNU-tools-for-STM32/bin/../lib/gcc/arm-none-eabi/12.3.1/../../../../arm-none-eabi/lib/thumb/v7e-m+fp/hard\libc.a(libc_a-fwalk.o)
                0x080058a4                _fwalk_sglue
 .text.snprintf
                0x080058e0       0x68 C:/ST/STM32CubeCLT_1.16.0/GNU-tools-for-STM32/bin/../lib/gcc/arm-none-eabi/12.3.1/../../../../arm-none-eabi/lib/thumb/v7e-m+fp/hard\libc.a(libc_a-snprintf.o)
                0x080058e0                snprintf
 .text.__sread  0x08005948       0x22 C:/ST/STM32CubeCLT_1.16.0/GNU-tools-for-STM32/bin/../lib/gcc/arm-none-eabi/12.3.1/../../../../arm-none-eabi/lib/thumb/v7e-m+fp/hard\libc.a(libc_a-stdio.o)
                0x08005948                __sread
 .text.__swrite
                0x0800596a       0x38 C:/ST/STM32CubeCLT_1.16.0/GNU-tools-for-STM32/bin/../lib/gcc/arm-none-eabi/12.3.1/../../../../arm-none-eabi/lib/thumb/v7e-m+fp/hard\libc.a(libc_a-stdio.o)
                0x0800596a                __swrite
 .text.__sseek  0x080059a2       0x24 C:/ST/STM32CubeCLT_1.16.0/GNU-tools-for-STM32/bin/../lib/gcc/arm-none-eabi/12.3.1/../../../../arm-none-eabi/lib/thumb/v7e-m+fp/hard\libc.a(libc_a-stdio.o)
                0x080059a2                __sseek
 .text.__sclose
                0x080059c6        0x8 C:/ST/STM32CubeCLT_1.16.0/GNU-tools-for-STM32/bin/../lib/gcc/arm-none-eabi/12.3.1/../../../../arm-none-eabi/lib/thumb/v7e-m+fp/hard\libc.a(libc_a-stdio.o)
                0x080059c6                __sclose
 .text.memset   0x080059ce       0x10 C:/ST/STM32CubeCLT_1.16.0/GNU-tools-for-STM32/bin/../lib/gcc/arm-none-eabi/12.3.1/../../../../arm-none-eabi/lib/thumb/v7e-m+fp/hard\libc.a(libc_a-memset.o)
                0x080059ce                memset
 *fill*         0x080059de        0x2 
 .text._close_r
                0x080059e0       0x20 C:/ST/STM32CubeCLT_1.16.0/GNU-tools-for-STM32/bin/../lib/gcc/arm-none-eabi/12.3.1/../../../../arm-none-eabi/lib/thumb/v7e-m+fp/hard\libc.a(libc_a-closer.o)
                0x080059e0                _close_r
 .text._lseek_r
                0x08005a00       0x24 C:/ST/STM32CubeCLT_1.16.0/GNU-tools-for-STM32/bin/../lib/gcc/arm-none-eabi/12.3.1/../../../../arm-none-eabi/lib/thumb/v7e-m+fp/hard\libc.a(libc_a-lseekr.o)
                0x08005a00                _lseek_r
 .text._read_r  0x08005a24       0x24 C:/ST/STM32CubeCLT_1.16.0/GNU-tools-for-STM32/bin/../lib/gcc/arm-none-eabi/12.3.1/../../../../arm-none-eabi/lib/thumb/v7e-m+fp/hard\libc.a(libc_a-readr.o)
                0x08005a24                _read_r
 .text._write_r
                0x08005a48       0x24 C:/ST/STM32CubeCLT_1.16.0/GNU-tools-for-STM32/bin/../lib/gcc/arm-none-eabi/12.3.1/../../../../arm-none-eabi/lib/thumb/v7e-m+fp/hard\libc.a(libc_a-writer.o)
                0x08005a48                _write_r
 .text.__errno  0x08005a6c        0xc C:/ST/STM32CubeCLT_1.16.0/GNU-tools-for-STM32/bin/../lib/gcc/arm-none-eabi/12.3.1/../../../../arm-none-eabi/lib/thumb/v7e-m+fp/hard\libc.a(libc_a-errno.o)
                0x08005a6c                __errno
 .text.__libc_init_array
                0x08005a78       0x48 C:/ST/STM32CubeCLT_1.16.0/GNU-tools-for-STM32/bin/../lib/gcc/arm-none-eabi/12.3.1/../../../../arm-none-eabi/lib/thumb/v7e-m+fp/hard\libc.a(libc_a-init.o)
                0x08005a78                __libc_init_array
 .text.__retarget_lock_init_recursive
                0x08005ac0        0x2 C:/ST/STM32CubeCLT_1.16.0/GNU-tools-for-STM32/bin/../lib/gcc/arm-none-eabi/12.3.1/../../../../arm-none-eabi/lib/thumb/v7e-m+fp/hard\libc.a(libc_a-lock.o)
                0x08005ac0                __retarget_lock_init_recursive
 .text.__retarget_lock_close_recursive
                0x08005ac2        0x2 C:/ST/STM32CubeCLT_1.16.0/GNU-tools-for-STM32/bin/../lib/gcc/arm-none-eabi/12.3.1/../../../../arm-none-eabi/lib/thumb/v7e-m+fp/hard\libc.a(libc_a-lock.o)
                0x08005ac2                __retarget_lock_close_recursive
 .text.__retarget_lock_acquire_recursive
                0x08005ac4        0x2 C:/ST/STM32CubeCLT_1.16.0/GNU-tools-for-STM32/bin/../lib/gcc/arm-none-eabi/12.3.1/../../../../arm-none-eabi/lib/thumb/v7e-m+fp/hard\libc.a(libc_a-lock.o)
                0x08005ac4                __retarget_lock_acquire_recursive
 .text.__retarget_lock_release_recursive
                0x08005ac6        0x2 C:/ST/STM32CubeCLT_1.16.0/GNU-tools-for-STM32/bin/../lib/gcc/arm-none-eabi/12.3.1/../../../../arm-none-eabi/lib/thumb/v7e-m+fp/hard\libc.a(libc_a-lock.o)
                0x08005ac6                __retarget_lock_release_recursive
 .text.memcpy   0x08005ac8       0x1c C:/ST/STM32CubeCLT_1.16.0/GNU-tools-for-STM32/bin/../lib/gcc/arm-none-eabi/12.3.1/../../../../arm-none-eabi/lib/thumb/v7e-m+fp/hard\libc.a(libc_a-memcpy-stub.o)
                0x08005ac8                memcpy
 .text.startup.register_fini
                0x08005ae4       0x14 C:/ST/STM32CubeCLT_1.16.0/GNU-tools-for-STM32/bin/../lib/gcc/arm-none-eabi/12.3.1/../../../../arm-none-eabi/lib/thumb/v7e-m+fp/hard\libc.a(libc_a-__call_atexit.o)
 .text.atexit   0x08005af8        0xc C:/ST/STM32CubeCLT_1.16.0/GNU-tools-for-STM32/bin/../lib/gcc/arm-none-eabi/12.3.1/../../../../arm-none-eabi/lib/thumb/v7e-m+fp/hard\libc.a(libc_a-atexit.o)
                0x08005af8                atexit
 .text._malloc_trim_r
                0x08005b04       0xac C:/ST/STM32CubeCLT_1.16.0/GNU-tools-for-STM32/bin/../lib/gcc/arm-none-eabi/12.3.1/../../../../arm-none-eabi/lib/thumb/v7e-m+fp/hard\libc.a(libc_a-freer.o)
                0x08005b04                _malloc_trim_r
 .text._free_r  0x08005bb0      0x180 C:/ST/STM32CubeCLT_1.16.0/GNU-tools-for-STM32/bin/../lib/gcc/arm-none-eabi/12.3.1/../../../../arm-none-eabi/lib/thumb/v7e-m+fp/hard\libc.a(libc_a-freer.o)
                0x08005bb0                _free_r
 .text._malloc_r
                0x08005d30      0x474 C:/ST/STM32CubeCLT_1.16.0/GNU-tools-for-STM32/bin/../lib/gcc/arm-none-eabi/12.3.1/../../../../arm-none-eabi/lib/thumb/v7e-m+fp/hard\libc.a(libc_a-mallocr.o)
                0x08005d30                _malloc_r
 .text.__malloc_lock
                0x080061a4        0xc C:/ST/STM32CubeCLT_1.16.0/GNU-tools-for-STM32/bin/../lib/gcc/arm-none-eabi/12.3.1/../../../../arm-none-eabi/lib/thumb/v7e-m+fp/hard\libc.a(libc_a-mlock.o)
                0x080061a4                __malloc_lock
 .text.__malloc_unlock
                0x080061b0        0xc C:/ST/STM32CubeCLT_1.16.0/GNU-tools-for-STM32/bin/../lib/gcc/arm-none-eabi/12.3.1/../../../../arm-none-eabi/lib/thumb/v7e-m+fp/hard\libc.a(libc_a-mlock.o)
                0x080061b0                __malloc_unlock
 *fill*         0x080061bc        0x4 
 .text._svfprintf_r
                0x080061c0     0x13bc C:/ST/STM32CubeCLT_1.16.0/GNU-tools-for-STM32/bin/../lib/gcc/arm-none-eabi/12.3.1/../../../../arm-none-eabi/lib/thumb/v7e-m+fp/hard\libc.a(libc_a-svfprintf.o)
                0x080061c0                _svfprintf_r
 .text._fclose_r
                0x0800757c       0xaa C:/ST/STM32CubeCLT_1.16.0/GNU-tools-for-STM32/bin/../lib/gcc/arm-none-eabi/12.3.1/../../../../arm-none-eabi/lib/thumb/v7e-m+fp/hard\libc.a(libc_a-fclose.o)
                0x0800757c                _fclose_r
 *fill*         0x08007626        0x2 
 .text.__sflush_r
                0x08007628      0x110 C:/ST/STM32CubeCLT_1.16.0/GNU-tools-for-STM32/bin/../lib/gcc/arm-none-eabi/12.3.1/../../../../arm-none-eabi/lib/thumb/v7e-m+fp/hard\libc.a(libc_a-fflush.o)
                0x08007628                __sflush_r
 .text._fflush_r
                0x08007738       0x4a C:/ST/STM32CubeCLT_1.16.0/GNU-tools-for-STM32/bin/../lib/gcc/arm-none-eabi/12.3.1/../../../../arm-none-eabi/lib/thumb/v7e-m+fp/hard\libc.a(libc_a-fflush.o)
                0x08007738                _fflush_r
 .text.strncpy  0x08007782       0x26 C:/ST/STM32CubeCLT_1.16.0/GNU-tools-for-STM32/bin/../lib/gcc/arm-none-eabi/12.3.1/../../../../arm-none-eabi/lib/thumb/v7e-m+fp/hard\libc.a(libc_a-strncpy.o)
                0x08007782                strncpy
 .text._localeconv_r
                0x080077a8        0x8 C:/ST/STM32CubeCLT_1.16.0/GNU-tools-for-STM32/bin/../lib/gcc/arm-none-eabi/12.3.1/../../../../arm-none-eabi/lib/thumb/v7e-m+fp/hard\libc.a(libc_a-localeconv.o)
                0x080077a8                _localeconv_r
 .text._sbrk_r  0x080077b0       0x20 C:/ST/STM32CubeCLT_1.16.0/GNU-tools-for-STM32/bin/../lib/gcc/arm-none-eabi/12.3.1/../../../../arm-none-eabi/lib/thumb/v7e-m+fp/hard\libc.a(libc_a-sbrkr.o)
                0x080077b0                _sbrk_r
 .text.__libc_fini_array
                0x080077d0       0x28 C:/ST/STM32CubeCLT_1.16.0/GNU-tools-for-STM32/bin/../lib/gcc/arm-none-eabi/12.3.1/../../../../arm-none-eabi/lib/thumb/v7e-m+fp/hard\libc.a(libc_a-fini.o)
                0x080077d0                __libc_fini_array
 .text.sysconf  0x080077f8       0x18 C:/ST/STM32CubeCLT_1.16.0/GNU-tools-for-STM32/bin/../lib/gcc/arm-none-eabi/12.3.1/../../../../arm-none-eabi/lib/thumb/v7e-m+fp/hard\libc.a(libc_a-sysconf.o)
                0x080077f8                sysconf
 .text.frexp    0x08007810       0x6c C:/ST/STM32CubeCLT_1.16.0/GNU-tools-for-STM32/bin/../lib/gcc/arm-none-eabi/12.3.1/../../../../arm-none-eabi/lib/thumb/v7e-m+fp/hard\libc.a(libm_a-s_frexp.o)
                0x08007810                frexp
 .text.__register_exitproc
                0x0800787c       0x80 C:/ST/STM32CubeCLT_1.16.0/GNU-tools-for-STM32/bin/../lib/gcc/arm-none-eabi/12.3.1/../../../../arm-none-eabi/lib/thumb/v7e-m+fp/hard\libc.a(libc_a-__atexit.o)
                0x0800787c                __register_exitproc
 .text.quorem   0x080078fc      0x110 C:/ST/STM32CubeCLT_1.16.0/GNU-tools-for-STM32/bin/../lib/gcc/arm-none-eabi/12.3.1/../../../../arm-none-eabi/lib/thumb/v7e-m+fp/hard\libc.a(libc_a-dtoa.o)
 *fill*         0x08007a0c        0x4 
 .text._dtoa_r  0x08007a10      0xb58 C:/ST/STM32CubeCLT_1.16.0/GNU-tools-for-STM32/bin/../lib/gcc/arm-none-eabi/12.3.1/../../../../arm-none-eabi/lib/thumb/v7e-m+fp/hard\libc.a(libc_a-dtoa.o)
                0x08007a10                _dtoa_r
 .text._Balloc  0x08008568       0x4a C:/ST/STM32CubeCLT_1.16.0/GNU-tools-for-STM32/bin/../lib/gcc/arm-none-eabi/12.3.1/../../../../arm-none-eabi/lib/thumb/v7e-m+fp/hard\libc.a(libc_a-mprec.o)
                0x08008568                _Balloc
 .text._Bfree   0x080085b2       0x12 C:/ST/STM32CubeCLT_1.16.0/GNU-tools-for-STM32/bin/../lib/gcc/arm-none-eabi/12.3.1/../../../../arm-none-eabi/lib/thumb/v7e-m+fp/hard\libc.a(libc_a-mprec.o)
                0x080085b2                _Bfree
 .text.__multadd
                0x080085c4       0x8c C:/ST/STM32CubeCLT_1.16.0/GNU-tools-for-STM32/bin/../lib/gcc/arm-none-eabi/12.3.1/../../../../arm-none-eabi/lib/thumb/v7e-m+fp/hard\libc.a(libc_a-mprec.o)
                0x080085c4                __multadd
 .text.__hi0bits
                0x08008650       0x3e C:/ST/STM32CubeCLT_1.16.0/GNU-tools-for-STM32/bin/../lib/gcc/arm-none-eabi/12.3.1/../../../../arm-none-eabi/lib/thumb/v7e-m+fp/hard\libc.a(libc_a-mprec.o)
                0x08008650                __hi0bits
 .text.__lo0bits
                0x0800868e       0x5a C:/ST/STM32CubeCLT_1.16.0/GNU-tools-for-STM32/bin/../lib/gcc/arm-none-eabi/12.3.1/../../../../arm-none-eabi/lib/thumb/v7e-m+fp/hard\libc.a(libc_a-mprec.o)
                0x0800868e                __lo0bits
 .text.__i2b    0x080086e8       0x2c C:/ST/STM32CubeCLT_1.16.0/GNU-tools-for-STM32/bin/../lib/gcc/arm-none-eabi/12.3.1/../../../../arm-none-eabi/lib/thumb/v7e-m+fp/hard\libc.a(libc_a-mprec.o)
                0x080086e8                __i2b
 .text.__multiply
                0x08008714      0x154 C:/ST/STM32CubeCLT_1.16.0/GNU-tools-for-STM32/bin/../lib/gcc/arm-none-eabi/12.3.1/../../../../arm-none-eabi/lib/thumb/v7e-m+fp/hard\libc.a(libc_a-mprec.o)
                0x08008714                __multiply
 .text.__pow5mult
                0x08008868       0x80 C:/ST/STM32CubeCLT_1.16.0/GNU-tools-for-STM32/bin/../lib/gcc/arm-none-eabi/12.3.1/../../../../arm-none-eabi/lib/thumb/v7e-m+fp/hard\libc.a(libc_a-mprec.o)
                0x08008868                __pow5mult
 .text.__lshift
                0x080088e8       0xd8 C:/ST/STM32CubeCLT_1.16.0/GNU-tools-for-STM32/bin/../lib/gcc/arm-none-eabi/12.3.1/../../../../arm-none-eabi/lib/thumb/v7e-m+fp/hard\libc.a(libc_a-mprec.o)
                0x080088e8                __lshift
 .text.__mcmp   0x080089c0       0x36 C:/ST/STM32CubeCLT_1.16.0/GNU-tools-for-STM32/bin/../lib/gcc/arm-none-eabi/12.3.1/../../../../arm-none-eabi/lib/thumb/v7e-m+fp/hard\libc.a(libc_a-mprec.o)
                0x080089c0                __mcmp
 *fill*         0x080089f6        0x2 
 .text.__mdiff  0x080089f8      0x128 C:/ST/STM32CubeCLT_1.16.0/GNU-tools-for-STM32/bin/../lib/gcc/arm-none-eabi/12.3.1/../../../../arm-none-eabi/lib/thumb/v7e-m+fp/hard\libc.a(libc_a-mprec.o)
                0x080089f8                __mdiff
 .text.__d2b    0x08008b20       0xb0 C:/ST/STM32CubeCLT_1.16.0/GNU-tools-for-STM32/bin/../lib/gcc/arm-none-eabi/12.3.1/../../../../arm-none-eabi/lib/thumb/v7e-m+fp/hard\libc.a(libc_a-mprec.o)
                0x08008b20                __d2b
 .text.__ssprint_r
                0x08008bd0       0xfa C:/ST/STM32CubeCLT_1.16.0/GNU-tools-for-STM32/bin/../lib/gcc/arm-none-eabi/12.3.1/../../../../arm-none-eabi/lib/thumb/v7e-m+fp/hard\libc.a(libc_a-svfiprintf.o)
                0x08008bd0                __ssprint_r
 .text.memmove  0x08008cca       0x34 C:/ST/STM32CubeCLT_1.16.0/GNU-tools-for-STM32/bin/../lib/gcc/arm-none-eabi/12.3.1/../../../../arm-none-eabi/lib/thumb/v7e-m+fp/hard\libc.a(libc_a-memmove.o)
                0x08008cca                memmove
 *fill*         0x08008cfe        0x2 
 .text.__locale_mb_cur_max
                0x08008d00        0xc C:/ST/STM32CubeCLT_1.16.0/GNU-tools-for-STM32/bin/../lib/gcc/arm-none-eabi/12.3.1/../../../../arm-none-eabi/lib/thumb/v7e-m+fp/hard\libc.a(libc_a-locale.o)
                0x08008d00                __locale_mb_cur_max
 .text.__assert_func
                0x08008d0c       0x3c C:/ST/STM32CubeCLT_1.16.0/GNU-tools-for-STM32/bin/../lib/gcc/arm-none-eabi/12.3.1/../../../../arm-none-eabi/lib/thumb/v7e-m+fp/hard\libc.a(libc_a-assert.o)
                0x08008d0c                __assert_func
 .text._calloc_r
                0x08008d48       0x6a C:/ST/STM32CubeCLT_1.16.0/GNU-tools-for-STM32/bin/../lib/gcc/arm-none-eabi/12.3.1/../../../../arm-none-eabi/lib/thumb/v7e-m+fp/hard\libc.a(libc_a-callocr.o)
                0x08008d48                _calloc_r
 .text.__ascii_mbtowc
                0x08008db2       0x24 C:/ST/STM32CubeCLT_1.16.0/GNU-tools-for-STM32/bin/../lib/gcc/arm-none-eabi/12.3.1/../../../../arm-none-eabi/lib/thumb/v7e-m+fp/hard\libc.a(libc_a-mbtowc_r.o)
                0x08008db2                __ascii_mbtowc
 *fill*         0x08008dd6        0x2 
 .text._realloc_r
                0x08008dd8      0x350 C:/ST/STM32CubeCLT_1.16.0/GNU-tools-for-STM32/bin/../lib/gcc/arm-none-eabi/12.3.1/../../../../arm-none-eabi/lib/thumb/v7e-m+fp/hard\libc.a(libc_a-reallocr.o)
                0x08008dd8                _realloc_r
 .text.__ascii_wctomb
                0x08009128       0x1a C:/ST/STM32CubeCLT_1.16.0/GNU-tools-for-STM32/bin/../lib/gcc/arm-none-eabi/12.3.1/../../../../arm-none-eabi/lib/thumb/v7e-m+fp/hard\libc.a(libc_a-wctomb_r.o)
                0x08009128                __ascii_wctomb
 *fill*         0x08009142        0x2 
 .text.fiprintf
                0x08009144       0x24 C:/ST/STM32CubeCLT_1.16.0/GNU-tools-for-STM32/bin/../lib/gcc/arm-none-eabi/12.3.1/../../../../arm-none-eabi/lib/thumb/v7e-m+fp/hard\libc.a(libc_a-fiprintf.o)
                0x08009144                fiprintf
 .text.__sprint_r
                0x08009168       0x64 C:/ST/STM32CubeCLT_1.16.0/GNU-tools-for-STM32/bin/../lib/gcc/arm-none-eabi/12.3.1/../../../../arm-none-eabi/lib/thumb/v7e-m+fp/hard\libc.a(libc_a-vfiprintf.o)
                0x08009168                __sprint_r
 .text._vfiprintf_r
                0x080091cc      0x910 C:/ST/STM32CubeCLT_1.16.0/GNU-tools-for-STM32/bin/../lib/gcc/arm-none-eabi/12.3.1/../../../../arm-none-eabi/lib/thumb/v7e-m+fp/hard\libc.a(libc_a-vfiprintf.o)
                0x080091cc                _vfiprintf_r
 .text.__sbprintf
                0x08009adc       0x80 C:/ST/STM32CubeCLT_1.16.0/GNU-tools-for-STM32/bin/../lib/gcc/arm-none-eabi/12.3.1/../../../../arm-none-eabi/lib/thumb/v7e-m+fp/hard\libc.a(libc_a-vfiprintf.o)
 .text.__sfvwrite_r
                0x08009b5c      0x298 C:/ST/STM32CubeCLT_1.16.0/GNU-tools-for-STM32/bin/../lib/gcc/arm-none-eabi/12.3.1/../../../../arm-none-eabi/lib/thumb/v7e-m+fp/hard\libc.a(libc_a-fvwrite.o)
                0x08009b5c                __sfvwrite_r
 .text.__swsetup_r
                0x08009df4       0xac C:/ST/STM32CubeCLT_1.16.0/GNU-tools-for-STM32/bin/../lib/gcc/arm-none-eabi/12.3.1/../../../../arm-none-eabi/lib/thumb/v7e-m+fp/hard\libc.a(libc_a-wsetup.o)
                0x08009df4                __swsetup_r
 .text.__fputwc
                0x08009ea0       0x82 C:/ST/STM32CubeCLT_1.16.0/GNU-tools-for-STM32/bin/../lib/gcc/arm-none-eabi/12.3.1/../../../../arm-none-eabi/lib/thumb/v7e-m+fp/hard\libc.a(libc_a-fputwc.o)
                0x08009ea0                __fputwc
 .text._fputwc_r
                0x08009f22       0x52 C:/ST/STM32CubeCLT_1.16.0/GNU-tools-for-STM32/bin/../lib/gcc/arm-none-eabi/12.3.1/../../../../arm-none-eabi/lib/thumb/v7e-m+fp/hard\libc.a(libc_a-fputwc.o)
                0x08009f22                _fputwc_r
 .text.abort    0x08009f74        0xe C:/ST/STM32CubeCLT_1.16.0/GNU-tools-for-STM32/bin/../lib/gcc/arm-none-eabi/12.3.1/../../../../arm-none-eabi/lib/thumb/v7e-m+fp/hard\libc.a(libc_a-abort.o)
                0x08009f74                abort
 *fill*         0x08009f82        0x2 
 .text._wcrtomb_r
                0x08009f84       0x2c C:/ST/STM32CubeCLT_1.16.0/GNU-tools-for-STM32/bin/../lib/gcc/arm-none-eabi/12.3.1/../../../../arm-none-eabi/lib/thumb/v7e-m+fp/hard\libc.a(libc_a-wcrtomb.o)
                0x08009f84                _wcrtomb_r
 .text.__swhatbuf_r
                0x08009fb0       0x50 C:/ST/STM32CubeCLT_1.16.0/GNU-tools-for-STM32/bin/../lib/gcc/arm-none-eabi/12.3.1/../../../../arm-none-eabi/lib/thumb/v7e-m+fp/hard\libc.a(libc_a-makebuf.o)
                0x08009fb0                __swhatbuf_r
 .text.__smakebuf_r
                0x0800a000       0x78 C:/ST/STM32CubeCLT_1.16.0/GNU-tools-for-STM32/bin/../lib/gcc/arm-none-eabi/12.3.1/../../../../arm-none-eabi/lib/thumb/v7e-m+fp/hard\libc.a(libc_a-makebuf.o)
                0x0800a000                __smakebuf_r
 .text.__swbuf_r
                0x0800a078       0x92 C:/ST/STM32CubeCLT_1.16.0/GNU-tools-for-STM32/bin/../lib/gcc/arm-none-eabi/12.3.1/../../../../arm-none-eabi/lib/thumb/v7e-m+fp/hard\libc.a(libc_a-wbuf.o)
                0x0800a078                __swbuf_r
 .text._raise_r
                0x0800a10a       0x52 C:/ST/STM32CubeCLT_1.16.0/GNU-tools-for-STM32/bin/../lib/gcc/arm-none-eabi/12.3.1/../../../../arm-none-eabi/lib/thumb/v7e-m+fp/hard\libc.a(libc_a-signal.o)
                0x0800a10a                _raise_r
 .text.raise    0x0800a15c       0x10 C:/ST/STM32CubeCLT_1.16.0/GNU-tools-for-STM32/bin/../lib/gcc/arm-none-eabi/12.3.1/../../../../arm-none-eabi/lib/thumb/v7e-m+fp/hard\libc.a(libc_a-signal.o)
                0x0800a15c                raise
 .text._fstat_r
                0x0800a16c       0x24 C:/ST/STM32CubeCLT_1.16.0/GNU-tools-for-STM32/bin/../lib/gcc/arm-none-eabi/12.3.1/../../../../arm-none-eabi/lib/thumb/v7e-m+fp/hard\libc.a(libc_a-fstatr.o)
                0x0800a16c                _fstat_r
 .text._isatty_r
                0x0800a190       0x20 C:/ST/STM32CubeCLT_1.16.0/GNU-tools-for-STM32/bin/../lib/gcc/arm-none-eabi/12.3.1/../../../../arm-none-eabi/lib/thumb/v7e-m+fp/hard\libc.a(libc_a-isattyr.o)
                0x0800a190                _isatty_r
 .text._kill_r  0x0800a1b0       0x24 C:/ST/STM32CubeCLT_1.16.0/GNU-tools-for-STM32/bin/../lib/gcc/arm-none-eabi/12.3.1/../../../../arm-none-eabi/lib/thumb/v7e-m+fp/hard\libc.a(libc_a-signalr.o)
                0x0800a1b0                _kill_r
 .text._getpid_r
                0x0800a1d4        0x4 C:/ST/STM32CubeCLT_1.16.0/GNU-tools-for-STM32/bin/../lib/gcc/arm-none-eabi/12.3.1/../../../../arm-none-eabi/lib/thumb/v7e-m+fp/hard\libc.a(libc_a-signalr.o)
                0x0800a1d4                _getpid_r
 *(.glue_7)
 .glue_7        0x0800a1d8        0x0 linker stubs
 *(.glue_7t)
 .glue_7t       0x0800a1d8        0x0 linker stubs
 *(.eh_frame)
 .eh_frame      0x0800a1d8        0x0 C:/ST/STM32CubeCLT_1.16.0/GNU-tools-for-STM32/bin/../lib/gcc/arm-none-eabi/12.3.1/thumb/v7e-m+fp/hard/crtbegin.o
 *(.init)
 .init          0x0800a1d8        0x4 C:/ST/STM32CubeCLT_1.16.0/GNU-tools-for-STM32/bin/../lib/gcc/arm-none-eabi/12.3.1/thumb/v7e-m+fp/hard/crti.o
                0x0800a1d8                _init
 .init          0x0800a1dc        0x8 C:/ST/STM32CubeCLT_1.16.0/GNU-tools-for-STM32/bin/../lib/gcc/arm-none-eabi/12.3.1/thumb/v7e-m+fp/hard/crtn.o
 *(.fini)
 .fini          0x0800a1e4        0x4 C:/ST/STM32CubeCLT_1.16.0/GNU-tools-for-STM32/bin/../lib/gcc/arm-none-eabi/12.3.1/thumb/v7e-m+fp/hard/crti.o
                0x0800a1e4                _fini
 .fini          0x0800a1e8        0x8 C:/ST/STM32CubeCLT_1.16.0/GNU-tools-for-STM32/bin/../lib/gcc/arm-none-eabi/12.3.1/thumb/v7e-m+fp/hard/crtn.o
                0x0800a1f0                        . = ALIGN (0x4)
                0x0800a1f0                        _etext = .

.vfp11_veneer   0x0800a1f0        0x0
 .vfp11_veneer  0x0800a1f0        0x0 linker stubs

.v4_bx          0x0800a1f0        0x0
 .v4_bx         0x0800a1f0        0x0 linker stubs

.iplt           0x0800a1f0        0x0
 .iplt          0x0800a1f0        0x0 C:/ST/STM32CubeCLT_1.16.0/GNU-tools-for-STM32/bin/../lib/gcc/arm-none-eabi/12.3.1/thumb/v7e-m+fp/hard/crtbegin.o

.rodata         0x0800a1f0      0x420
                0x0800a1f0                        . = ALIGN (0x4)
 *(.rodata)
 .rodata        0x0800a1f0        0x3 CMakeFiles/STM32F407ZGT6_TEMPLATE.elf.dir/Core/Src/MPU9250.c.obj
 *(.rodata*)
 *fill*         0x0800a1f3        0x1 
 .rodata.main.str1.4
                0x0800a1f4       0x74 CMakeFiles/STM32F407ZGT6_TEMPLATE.elf.dir/Core/Src/main.c.obj
 .rodata.APBPrescTable
                0x0800a268        0x8 CMakeFiles/STM32F407ZGT6_TEMPLATE.elf.dir/Core/Src/system_stm32f4xx.c.obj
                0x0800a268                APBPrescTable
 .rodata.AHBPrescTable
                0x0800a270       0x10 CMakeFiles/STM32F407ZGT6_TEMPLATE.elf.dir/Core/Src/system_stm32f4xx.c.obj
                0x0800a270                AHBPrescTable
 .rodata.flagBitshiftOffset.0
                0x0800a280        0x8 CMakeFiles/STM32F407ZGT6_TEMPLATE.elf.dir/Drivers/STM32F4xx_HAL_Driver/Src/stm32f4xx_hal_dma.c.obj
 .rodata._svfprintf_r.str1.1
                0x0800a288       0x34 C:/ST/STM32CubeCLT_1.16.0/GNU-tools-for-STM32/bin/../lib/gcc/arm-none-eabi/12.3.1/../../../../arm-none-eabi/lib/thumb/v7e-m+fp/hard\libc.a(libc_a-svfprintf.o)
 .rodata.zeroes.0
                0x0800a2bc       0x10 C:/ST/STM32CubeCLT_1.16.0/GNU-tools-for-STM32/bin/../lib/gcc/arm-none-eabi/12.3.1/../../../../arm-none-eabi/lib/thumb/v7e-m+fp/hard\libc.a(libc_a-svfprintf.o)
 .rodata.blanks.1
                0x0800a2cc       0x10 C:/ST/STM32CubeCLT_1.16.0/GNU-tools-for-STM32/bin/../lib/gcc/arm-none-eabi/12.3.1/../../../../arm-none-eabi/lib/thumb/v7e-m+fp/hard\libc.a(libc_a-svfprintf.o)
 .rodata._dtoa_r.str1.1
                0x0800a2dc       0x76 C:/ST/STM32CubeCLT_1.16.0/GNU-tools-for-STM32/bin/../lib/gcc/arm-none-eabi/12.3.1/../../../../arm-none-eabi/lib/thumb/v7e-m+fp/hard\libc.a(libc_a-dtoa.o)
                                 0x78 (size before relaxing)
 .rodata.__multadd.str1.1
                0x0800a352       0x59 C:/ST/STM32CubeCLT_1.16.0/GNU-tools-for-STM32/bin/../lib/gcc/arm-none-eabi/12.3.1/../../../../arm-none-eabi/lib/thumb/v7e-m+fp/hard\libc.a(libc_a-mprec.o)
                                 0x6a (size before relaxing)
 *fill*         0x0800a3ab        0x1 
 .rodata.p05.0  0x0800a3ac        0xc C:/ST/STM32CubeCLT_1.16.0/GNU-tools-for-STM32/bin/../lib/gcc/arm-none-eabi/12.3.1/../../../../arm-none-eabi/lib/thumb/v7e-m+fp/hard\libc.a(libc_a-mprec.o)
 .rodata.__mprec_bigtens
                0x0800a3b8       0x28 C:/ST/STM32CubeCLT_1.16.0/GNU-tools-for-STM32/bin/../lib/gcc/arm-none-eabi/12.3.1/../../../../arm-none-eabi/lib/thumb/v7e-m+fp/hard\libc.a(libc_a-mprec.o)
                0x0800a3b8                __mprec_bigtens
 .rodata.__mprec_tens
                0x0800a3e0       0xc8 C:/ST/STM32CubeCLT_1.16.0/GNU-tools-for-STM32/bin/../lib/gcc/arm-none-eabi/12.3.1/../../../../arm-none-eabi/lib/thumb/v7e-m+fp/hard\libc.a(libc_a-mprec.o)
                0x0800a3e0                __mprec_tens
 .rodata._setlocale_r.str1.1
                0x0800a4a8        0x8 C:/ST/STM32CubeCLT_1.16.0/GNU-tools-for-STM32/bin/../lib/gcc/arm-none-eabi/12.3.1/../../../../arm-none-eabi/lib/thumb/v7e-m+fp/hard\libc.a(libc_a-locale.o)
                                  0x9 (size before relaxing)
 .rodata.str1.1
                0x0800a4b0        0x2 C:/ST/STM32CubeCLT_1.16.0/GNU-tools-for-STM32/bin/../lib/gcc/arm-none-eabi/12.3.1/../../../../arm-none-eabi/lib/thumb/v7e-m+fp/hard\libc.a(libc_a-locale.o)
 .rodata.__assert_func.str1.1
                0x0800a4b2       0x3c C:/ST/STM32CubeCLT_1.16.0/GNU-tools-for-STM32/bin/../lib/gcc/arm-none-eabi/12.3.1/../../../../arm-none-eabi/lib/thumb/v7e-m+fp/hard\libc.a(libc_a-assert.o)
                                 0x3d (size before relaxing)
 .rodata._ctype_
                0x0800a4ee      0x101 C:/ST/STM32CubeCLT_1.16.0/GNU-tools-for-STM32/bin/../lib/gcc/arm-none-eabi/12.3.1/../../../../arm-none-eabi/lib/thumb/v7e-m+fp/hard\libc.a(libc_a-ctype_.o)
                0x0800a4ee                _ctype_
 .rodata._vfiprintf_r.str1.1
                0x0800a5ef       0x22 C:/ST/STM32CubeCLT_1.16.0/GNU-tools-for-STM32/bin/../lib/gcc/arm-none-eabi/12.3.1/../../../../arm-none-eabi/lib/thumb/v7e-m+fp/hard\libc.a(libc_a-vfiprintf.o)
 .rodata.zeroes.0
                0x0800a5ef       0x10 C:/ST/STM32CubeCLT_1.16.0/GNU-tools-for-STM32/bin/../lib/gcc/arm-none-eabi/12.3.1/../../../../arm-none-eabi/lib/thumb/v7e-m+fp/hard\libc.a(libc_a-vfiprintf.o)
 .rodata.blanks.1
                0x0800a5ff       0x10 C:/ST/STM32CubeCLT_1.16.0/GNU-tools-for-STM32/bin/../lib/gcc/arm-none-eabi/12.3.1/../../../../arm-none-eabi/lib/thumb/v7e-m+fp/hard\libc.a(libc_a-vfiprintf.o)
                0x0800a614                        . = ALIGN (0x4)
 *fill*         0x0800a60f        0x1 

.ARM.extab      0x0800a610        0x0
                0x0800a610                        . = ALIGN (0x4)
 *(.ARM.extab* .gnu.linkonce.armextab.*)
                0x0800a610                        . = ALIGN (0x4)

.ARM            0x0800a610        0x8
                0x0800a610                        . = ALIGN (0x4)
                0x0800a610                        __exidx_start = .
 *(.ARM.exidx*)
 .ARM.exidx     0x0800a610        0x8 C:/ST/STM32CubeCLT_1.16.0/GNU-tools-for-STM32/bin/../lib/gcc/arm-none-eabi/12.3.1/thumb/v7e-m+fp/hard\libgcc.a(_udivmoddi4.o)
 .ARM.exidx     0x0800a618        0x0 C:/ST/STM32CubeCLT_1.16.0/GNU-tools-for-STM32/bin/../lib/gcc/arm-none-eabi/12.3.1/../../../../arm-none-eabi/lib/thumb/v7e-m+fp/hard\libc.a(libc_a-strlen.o)
                                  0x8 (size before relaxing)
 .ARM.exidx     0x0800a618        0x0 C:/ST/STM32CubeCLT_1.16.0/GNU-tools-for-STM32/bin/../lib/gcc/arm-none-eabi/12.3.1/../../../../arm-none-eabi/lib/thumb/v7e-m+fp/hard\libc.a(libc_a-memchr.o)
                                  0x8 (size before relaxing)
                0x0800a618                        __exidx_end = .
                0x0800a618                        . = ALIGN (0x4)

.preinit_array  0x0800a618        0x0
                0x0800a618                        . = ALIGN (0x4)
                0x0800a618                        PROVIDE (__preinit_array_start = .)
 *(.preinit_array*)
                0x0800a618                        PROVIDE (__preinit_array_end = .)
                0x0800a618                        . = ALIGN (0x4)

.init_array     0x0800a618        0x8
                0x0800a618                        . = ALIGN (0x4)
                0x0800a618                        PROVIDE (__init_array_start = .)
 *(SORT_BY_NAME(.init_array.*))
 .init_array.00000
                0x0800a618        0x4 C:/ST/STM32CubeCLT_1.16.0/GNU-tools-for-STM32/bin/../lib/gcc/arm-none-eabi/12.3.1/../../../../arm-none-eabi/lib/thumb/v7e-m+fp/hard\libc.a(libc_a-__call_atexit.o)
 *(.init_array*)
 .init_array    0x0800a61c        0x4 C:/ST/STM32CubeCLT_1.16.0/GNU-tools-for-STM32/bin/../lib/gcc/arm-none-eabi/12.3.1/thumb/v7e-m+fp/hard/crtbegin.o
                0x0800a620                        PROVIDE (__init_array_end = .)
                0x0800a620                        . = ALIGN (0x4)

.fini_array     0x0800a620        0x4
                0x0800a620                        . = ALIGN (0x4)
                0x0800a620                        PROVIDE (__fini_array_start = .)
 *(SORT_BY_NAME(.fini_array.*))
 *(.fini_array*)
 .fini_array    0x0800a620        0x4 C:/ST/STM32CubeCLT_1.16.0/GNU-tools-for-STM32/bin/../lib/gcc/arm-none-eabi/12.3.1/thumb/v7e-m+fp/hard/crtbegin.o
                0x0800a624                        PROVIDE (__fini_array_end = .)
                0x0800a624                        . = ALIGN (0x4)
                0x0800a624                        _sidata = LOADADDR (.data)

.rel.dyn        0x0800a624        0x0
 .rel.iplt      0x0800a624        0x0 C:/ST/STM32CubeCLT_1.16.0/GNU-tools-for-STM32/bin/../lib/gcc/arm-none-eabi/12.3.1/thumb/v7e-m+fp/hard/crtbegin.o

.data           0x20000000      0x6c8 load address 0x0800a624
                0x20000000                        . = ALIGN (0x4)
                0x20000000                        _sdata = .
 *(.data)
 *(.data*)
 .data.mpu_2    0x20000000        0x4 CMakeFiles/STM32F407ZGT6_TEMPLATE.elf.dir/Core/Src/main.c.obj
                0x20000000                mpu_2
 .data.mpu_1    0x20000004        0x4 CMakeFiles/STM32F407ZGT6_TEMPLATE.elf.dir/Core/Src/main.c.obj
                0x20000004                mpu_1
 .data.SystemCoreClock
                0x20000008        0x4 CMakeFiles/STM32F407ZGT6_TEMPLATE.elf.dir/Core/Src/system_stm32f4xx.c.obj
                0x20000008                SystemCoreClock
 .data.uwTickFreq
                0x2000000c        0x1 CMakeFiles/STM32F407ZGT6_TEMPLATE.elf.dir/Drivers/STM32F4xx_HAL_Driver/Src/stm32f4xx_hal.c.obj
                0x2000000c                uwTickFreq
 *fill*         0x2000000d        0x3 
 .data.uwTickPrio
                0x20000010        0x4 CMakeFiles/STM32F407ZGT6_TEMPLATE.elf.dir/Drivers/STM32F4xx_HAL_Driver/Src/stm32f4xx_hal.c.obj
                0x20000010                uwTickPrio
 .data.uxCriticalNesting
                0x20000014        0x4 CMakeFiles/STM32F407ZGT6_TEMPLATE.elf.dir/Middlewares/Third_Party/FreeRTOS/Source/portable/GCC/ARM_CM4F/port.c.obj
 .data.__sglue  0x20000018        0xc C:/ST/STM32CubeCLT_1.16.0/GNU-tools-for-STM32/bin/../lib/gcc/arm-none-eabi/12.3.1/../../../../arm-none-eabi/lib/thumb/v7e-m+fp/hard\libc.a(libc_a-findfp.o)
                0x20000018                __sglue
 .data._impure_ptr
                0x20000024        0x4 C:/ST/STM32CubeCLT_1.16.0/GNU-tools-for-STM32/bin/../lib/gcc/arm-none-eabi/12.3.1/../../../../arm-none-eabi/lib/thumb/v7e-m+fp/hard\libc.a(libc_a-impure.o)
                0x20000024                _impure_ptr
 .data._impure_data
                0x20000028      0x120 C:/ST/STM32CubeCLT_1.16.0/GNU-tools-for-STM32/bin/../lib/gcc/arm-none-eabi/12.3.1/../../../../arm-none-eabi/lib/thumb/v7e-m+fp/hard\libc.a(libc_a-impure.o)
                0x20000028                _impure_data
 .data.__atexit_recursive_mutex
                0x20000148        0x4 C:/ST/STM32CubeCLT_1.16.0/GNU-tools-for-STM32/bin/../lib/gcc/arm-none-eabi/12.3.1/../../../../arm-none-eabi/lib/thumb/v7e-m+fp/hard\libc.a(libc_a-__call_atexit.o)
                0x20000148                __atexit_recursive_mutex
 .data.__malloc_sbrk_base
                0x2000014c        0x4 C:/ST/STM32CubeCLT_1.16.0/GNU-tools-for-STM32/bin/../lib/gcc/arm-none-eabi/12.3.1/../../../../arm-none-eabi/lib/thumb/v7e-m+fp/hard\libc.a(libc_a-mallocr.o)
                0x2000014c                __malloc_sbrk_base
 .data.__malloc_trim_threshold
                0x20000150        0x4 C:/ST/STM32CubeCLT_1.16.0/GNU-tools-for-STM32/bin/../lib/gcc/arm-none-eabi/12.3.1/../../../../arm-none-eabi/lib/thumb/v7e-m+fp/hard\libc.a(libc_a-mallocr.o)
                0x20000150                __malloc_trim_threshold
 .data.__malloc_av_
                0x20000154      0x408 C:/ST/STM32CubeCLT_1.16.0/GNU-tools-for-STM32/bin/../lib/gcc/arm-none-eabi/12.3.1/../../../../arm-none-eabi/lib/thumb/v7e-m+fp/hard\libc.a(libc_a-mallocr.o)
                0x20000154                __malloc_av_
 .data.__global_locale
                0x2000055c      0x16c C:/ST/STM32CubeCLT_1.16.0/GNU-tools-for-STM32/bin/../lib/gcc/arm-none-eabi/12.3.1/../../../../arm-none-eabi/lib/thumb/v7e-m+fp/hard\libc.a(libc_a-locale.o)
                0x2000055c                __global_locale
 *(.RamFunc)
 *(.RamFunc*)
                0x200006c8                        . = ALIGN (0x4)
                0x200006c8                        _edata = .
                0x0800acec                        _siccmram = LOADADDR (.ccmram)

.igot.plt       0x200006c8        0x0 load address 0x0800acec
 .igot.plt      0x200006c8        0x0 C:/ST/STM32CubeCLT_1.16.0/GNU-tools-for-STM32/bin/../lib/gcc/arm-none-eabi/12.3.1/thumb/v7e-m+fp/hard/crtbegin.o

.ccmram         0x10000000        0x0 load address 0x0800acec
                0x10000000                        . = ALIGN (0x4)
                0x10000000                        _sccmram = .
 *(.ccmram)
 *(.ccmram*)
                0x10000000                        . = ALIGN (0x4)
                0x10000000                        _eccmram = .
                0x10000000                        . = ALIGN (0x4)

.bss            0x200006c8      0xc54
                0x200006c8                        _sbss = .
                0x200006c8                        __bss_start__ = _sbss
 *(.bss)
 .bss           0x200006c8       0x1c C:/ST/STM32CubeCLT_1.16.0/GNU-tools-for-STM32/bin/../lib/gcc/arm-none-eabi/12.3.1/thumb/v7e-m+fp/hard/crtbegin.o
 *(.bss*)
 .bss.i         0x200006e4        0x2 CMakeFiles/STM32F407ZGT6_TEMPLATE.elf.dir/Core/Src/MPU9250.c.obj
 *fill*         0x200006e6        0x2 
 .bss.dataBuf   0x200006e8       0x40 CMakeFiles/STM32F407ZGT6_TEMPLATE.elf.dir/Core/Src/MPU9250.c.obj
 .bss.rtos_init_flag
                0x20000728        0x1 CMakeFiles/STM32F407ZGT6_TEMPLATE.elf.dir/Core/Src/func_delay.c.obj
                0x20000728                rtos_init_flag
 *fill*         0x20000729        0x3 
 .bss.hi2c2     0x2000072c       0x54 CMakeFiles/STM32F407ZGT6_TEMPLATE.elf.dir/Core/Src/i2c.c.obj
                0x2000072c                hi2c2
 .bss.hi2c1     0x20000780       0x54 CMakeFiles/STM32F407ZGT6_TEMPLATE.elf.dir/Core/Src/i2c.c.obj
                0x20000780                hi2c1
 .bss.mpu_instance_2
                0x200007d4       0x98 CMakeFiles/STM32F407ZGT6_TEMPLATE.elf.dir/Core/Src/main.c.obj
                0x200007d4                mpu_instance_2
 .bss.mpu_instance_1
                0x2000086c       0x98 CMakeFiles/STM32F407ZGT6_TEMPLATE.elf.dir/Core/Src/main.c.obj
                0x2000086c                mpu_instance_1
 .bss.mpu9250_WhoAmI
                0x20000904        0x1 CMakeFiles/STM32F407ZGT6_TEMPLATE.elf.dir/Core/Src/main.c.obj
                0x20000904                mpu9250_WhoAmI
 .bss.ak8963_WhoAmI
                0x20000905        0x1 CMakeFiles/STM32F407ZGT6_TEMPLATE.elf.dir/Core/Src/main.c.obj
                0x20000905                ak8963_WhoAmI
 *fill*         0x20000906        0x2 
 .bss.hdma_spi1_tx
                0x20000908       0x60 CMakeFiles/STM32F407ZGT6_TEMPLATE.elf.dir/Core/Src/spi.c.obj
                0x20000908                hdma_spi1_tx
 .bss.hdma_spi1_rx
                0x20000968       0x60 CMakeFiles/STM32F407ZGT6_TEMPLATE.elf.dir/Core/Src/spi.c.obj
                0x20000968                hdma_spi1_rx
 .bss.hspi2     0x200009c8       0x58 CMakeFiles/STM32F407ZGT6_TEMPLATE.elf.dir/Core/Src/spi.c.obj
                0x200009c8                hspi2
 .bss.hspi1     0x20000a20       0x58 CMakeFiles/STM32F407ZGT6_TEMPLATE.elf.dir/Core/Src/spi.c.obj
                0x20000a20                hspi1
 .bss.htim6     0x20000a78       0x48 CMakeFiles/STM32F407ZGT6_TEMPLATE.elf.dir/Core/Src/stm32f4xx_hal_timebase_tim.c.obj
                0x20000a78                htim6
 .bss.__sbrk_heap_end
                0x20000ac0        0x4 CMakeFiles/STM32F407ZGT6_TEMPLATE.elf.dir/Core/Src/sysmem.c.obj
 .bss.htim1     0x20000ac4       0x48 CMakeFiles/STM32F407ZGT6_TEMPLATE.elf.dir/Core/Src/tim.c.obj
                0x20000ac4                htim1
 .bss.huart1    0x20000b0c       0x48 CMakeFiles/STM32F407ZGT6_TEMPLATE.elf.dir/Core/Src/usart.c.obj
                0x20000b0c                huart1
 .bss.uwTick    0x20000b54        0x4 CMakeFiles/STM32F407ZGT6_TEMPLATE.elf.dir/Drivers/STM32F4xx_HAL_Driver/Src/stm32f4xx_hal.c.obj
                0x20000b54                uwTick
 .bss.uxSchedulerSuspended
                0x20000b58        0x4 CMakeFiles/STM32F407ZGT6_TEMPLATE.elf.dir/Middlewares/Third_Party/FreeRTOS/Source/tasks.c.obj
 .bss.xNextTaskUnblockTime
                0x20000b5c        0x4 CMakeFiles/STM32F407ZGT6_TEMPLATE.elf.dir/Middlewares/Third_Party/FreeRTOS/Source/tasks.c.obj
 .bss.xNumOfOverflows
                0x20000b60        0x4 CMakeFiles/STM32F407ZGT6_TEMPLATE.elf.dir/Middlewares/Third_Party/FreeRTOS/Source/tasks.c.obj
 .bss.xYieldPending
                0x20000b64        0x4 CMakeFiles/STM32F407ZGT6_TEMPLATE.elf.dir/Middlewares/Third_Party/FreeRTOS/Source/tasks.c.obj
 .bss.xPendedTicks
                0x20000b68        0x4 CMakeFiles/STM32F407ZGT6_TEMPLATE.elf.dir/Middlewares/Third_Party/FreeRTOS/Source/tasks.c.obj
 .bss.xSchedulerRunning
                0x20000b6c        0x4 CMakeFiles/STM32F407ZGT6_TEMPLATE.elf.dir/Middlewares/Third_Party/FreeRTOS/Source/tasks.c.obj
 .bss.uxTopReadyPriority
                0x20000b70        0x4 CMakeFiles/STM32F407ZGT6_TEMPLATE.elf.dir/Middlewares/Third_Party/FreeRTOS/Source/tasks.c.obj
 .bss.xTickCount
                0x20000b74        0x4 CMakeFiles/STM32F407ZGT6_TEMPLATE.elf.dir/Middlewares/Third_Party/FreeRTOS/Source/tasks.c.obj
 .bss.uxCurrentNumberOfTasks
                0x20000b78        0x4 CMakeFiles/STM32F407ZGT6_TEMPLATE.elf.dir/Middlewares/Third_Party/FreeRTOS/Source/tasks.c.obj
 .bss.xSuspendedTaskList
                0x20000b7c       0x14 CMakeFiles/STM32F407ZGT6_TEMPLATE.elf.dir/Middlewares/Third_Party/FreeRTOS/Source/tasks.c.obj
 .bss.xPendingReadyList
                0x20000b90       0x14 CMakeFiles/STM32F407ZGT6_TEMPLATE.elf.dir/Middlewares/Third_Party/FreeRTOS/Source/tasks.c.obj
 .bss.pxOverflowDelayedTaskList
                0x20000ba4        0x4 CMakeFiles/STM32F407ZGT6_TEMPLATE.elf.dir/Middlewares/Third_Party/FreeRTOS/Source/tasks.c.obj
 .bss.pxDelayedTaskList
                0x20000ba8        0x4 CMakeFiles/STM32F407ZGT6_TEMPLATE.elf.dir/Middlewares/Third_Party/FreeRTOS/Source/tasks.c.obj
 .bss.pxReadyTasksLists
                0x20000bac      0x460 CMakeFiles/STM32F407ZGT6_TEMPLATE.elf.dir/Middlewares/Third_Party/FreeRTOS/Source/tasks.c.obj
 .bss.pxCurrentTCB
                0x2000100c        0x4 CMakeFiles/STM32F407ZGT6_TEMPLATE.elf.dir/Middlewares/Third_Party/FreeRTOS/Source/tasks.c.obj
                0x2000100c                pxCurrentTCB
 .bss.__sf      0x20001010      0x138 C:/ST/STM32CubeCLT_1.16.0/GNU-tools-for-STM32/bin/../lib/gcc/arm-none-eabi/12.3.1/../../../../arm-none-eabi/lib/thumb/v7e-m+fp/hard\libc.a(libc_a-findfp.o)
                0x20001010                __sf
 .bss.__stdio_exit_handler
                0x20001148        0x4 C:/ST/STM32CubeCLT_1.16.0/GNU-tools-for-STM32/bin/../lib/gcc/arm-none-eabi/12.3.1/../../../../arm-none-eabi/lib/thumb/v7e-m+fp/hard\libc.a(libc_a-findfp.o)
                0x20001148                __stdio_exit_handler
 .bss.errno     0x2000114c        0x4 C:/ST/STM32CubeCLT_1.16.0/GNU-tools-for-STM32/bin/../lib/gcc/arm-none-eabi/12.3.1/../../../../arm-none-eabi/lib/thumb/v7e-m+fp/hard\libc.a(libc_a-reent.o)
                0x2000114c                errno
 .bss.__lock___malloc_recursive_mutex
                0x20001150        0x1 C:/ST/STM32CubeCLT_1.16.0/GNU-tools-for-STM32/bin/../lib/gcc/arm-none-eabi/12.3.1/../../../../arm-none-eabi/lib/thumb/v7e-m+fp/hard\libc.a(libc_a-lock.o)
                0x20001150                __lock___malloc_recursive_mutex
 .bss.__lock___atexit_recursive_mutex
                0x20001151        0x1 C:/ST/STM32CubeCLT_1.16.0/GNU-tools-for-STM32/bin/../lib/gcc/arm-none-eabi/12.3.1/../../../../arm-none-eabi/lib/thumb/v7e-m+fp/hard\libc.a(libc_a-lock.o)
                0x20001151                __lock___atexit_recursive_mutex
 .bss.__lock___sfp_recursive_mutex
                0x20001152        0x1 C:/ST/STM32CubeCLT_1.16.0/GNU-tools-for-STM32/bin/../lib/gcc/arm-none-eabi/12.3.1/../../../../arm-none-eabi/lib/thumb/v7e-m+fp/hard\libc.a(libc_a-lock.o)
                0x20001152                __lock___sfp_recursive_mutex
 *fill*         0x20001153        0x1 
 .bss.__atexit  0x20001154        0x4 C:/ST/STM32CubeCLT_1.16.0/GNU-tools-for-STM32/bin/../lib/gcc/arm-none-eabi/12.3.1/../../../../arm-none-eabi/lib/thumb/v7e-m+fp/hard\libc.a(libc_a-__call_atexit.o)
                0x20001154                __atexit
 .bss.__malloc_current_mallinfo
                0x20001158       0x28 C:/ST/STM32CubeCLT_1.16.0/GNU-tools-for-STM32/bin/../lib/gcc/arm-none-eabi/12.3.1/../../../../arm-none-eabi/lib/thumb/v7e-m+fp/hard\libc.a(libc_a-mallocr.o)
                0x20001158                __malloc_current_mallinfo
 .bss.__malloc_max_total_mem
                0x20001180        0x4 C:/ST/STM32CubeCLT_1.16.0/GNU-tools-for-STM32/bin/../lib/gcc/arm-none-eabi/12.3.1/../../../../arm-none-eabi/lib/thumb/v7e-m+fp/hard\libc.a(libc_a-mallocr.o)
                0x20001180                __malloc_max_total_mem
 .bss.__malloc_max_sbrked_mem
                0x20001184        0x4 C:/ST/STM32CubeCLT_1.16.0/GNU-tools-for-STM32/bin/../lib/gcc/arm-none-eabi/12.3.1/../../../../arm-none-eabi/lib/thumb/v7e-m+fp/hard\libc.a(libc_a-mallocr.o)
                0x20001184                __malloc_max_sbrked_mem
 .bss.__malloc_top_pad
                0x20001188        0x4 C:/ST/STM32CubeCLT_1.16.0/GNU-tools-for-STM32/bin/../lib/gcc/arm-none-eabi/12.3.1/../../../../arm-none-eabi/lib/thumb/v7e-m+fp/hard\libc.a(libc_a-mallocr.o)
                0x20001188                __malloc_top_pad
 .bss.__atexit0
                0x2000118c      0x190 C:/ST/STM32CubeCLT_1.16.0/GNU-tools-for-STM32/bin/../lib/gcc/arm-none-eabi/12.3.1/../../../../arm-none-eabi/lib/thumb/v7e-m+fp/hard\libc.a(libc_a-__atexit.o)
                0x2000118c                __atexit0
 *(COMMON)
                0x2000131c                        . = ALIGN (0x4)
                0x2000131c                        _ebss = .
                0x2000131c                        __bss_end__ = _ebss

._user_heap_stack
                0x2000131c      0x604
                0x20001320                        . = ALIGN (0x8)
 *fill*         0x2000131c        0x4 
                [!provide]                        PROVIDE (end = .)
                0x20001320                        PROVIDE (_end = .)
                0x20001520                        . = (. + _Min_Heap_Size)
 *fill*         0x20001320      0x200 
                0x20001920                        . = (. + _Min_Stack_Size)
 *fill*         0x20001520      0x400 
                0x20001920                        . = ALIGN (0x8)

/DISCARD/
 libc.a(*)
 libm.a(*)
 libgcc.a(*)

.ARM.attributes
                0x00000000       0x30
 *(.ARM.attributes)
 .ARM.attributes
                0x00000000       0x22 C:/ST/STM32CubeCLT_1.16.0/GNU-tools-for-STM32/bin/../lib/gcc/arm-none-eabi/12.3.1/thumb/v7e-m+fp/hard/crti.o
 .ARM.attributes
                0x00000022       0x34 C:/ST/STM32CubeCLT_1.16.0/GNU-tools-for-STM32/bin/../lib/gcc/arm-none-eabi/12.3.1/thumb/v7e-m+fp/hard/crtbegin.o
 .ARM.attributes
                0x00000056       0x34 CMakeFiles/STM32F407ZGT6_TEMPLATE.elf.dir/Core/Src/MPU9250.c.obj
 .ARM.attributes
                0x0000008a       0x34 CMakeFiles/STM32F407ZGT6_TEMPLATE.elf.dir/Core/Src/dma.c.obj
 .ARM.attributes
                0x000000be       0x34 CMakeFiles/STM32F407ZGT6_TEMPLATE.elf.dir/Core/Src/func_delay.c.obj
 .ARM.attributes
                0x000000f2       0x34 CMakeFiles/STM32F407ZGT6_TEMPLATE.elf.dir/Core/Src/gpio.c.obj
 .ARM.attributes