Archive member included to satisfy reference by file (symbol)

C:/ST/STM32CubeCLT_1.16.0/GNU-tools-for-STM32/bin/../lib/gcc/arm-none-eabi/12.3.1/thumb/v7e-m/nofp\libgcc.a(_arm_muldf3.o)
                              CMakeFiles/STM32F407ZGT6_TEMPLATE.elf.dir/Core/Src/MPU9250.c.obj (__aeabi_dmul)
C:/ST/STM32CubeCLT_1.16.0/GNU-tools-for-STM32/bin/../lib/gcc/arm-none-eabi/12.3.1/thumb/v7e-m/nofp\libgcc.a(_arm_addsubdf3.o)
                              CMakeFiles/STM32F407ZGT6_TEMPLATE.elf.dir/Core/Src/MPU9250.c.obj (__aeabi_dadd)
C:/ST/STM32CubeCLT_1.16.0/GNU-tools-for-STM32/bin/../lib/gcc/arm-none-eabi/12.3.1/thumb/v7e-m/nofp\libgcc.a(_arm_muldivdf3.o)
                              CMakeFiles/STM32F407ZGT6_TEMPLATE.elf.dir/Core/Src/MPU9250.c.obj (__aeabi_ddiv)
C:/ST/STM32CubeCLT_1.16.0/GNU-tools-for-STM32/bin/../lib/gcc/arm-none-eabi/12.3.1/thumb/v7e-m/nofp\libgcc.a(_arm_truncdfsf2.o)
                              CMakeFiles/STM32F407ZGT6_TEMPLATE.elf.dir/Core/Src/MPU9250.c.obj (__aeabi_d2f)
C:/ST/STM32CubeCLT_1.16.0/GNU-tools-for-STM32/bin/../lib/gcc/arm-none-eabi/12.3.1/thumb/v7e-m/nofp\libgcc.a(_arm_addsubsf3.o)
                              CMakeFiles/STM32F407ZGT6_TEMPLATE.elf.dir/Core/Src/MPU9250.c.obj (__aeabi_i2f)
C:/ST/STM32CubeCLT_1.16.0/GNU-tools-for-STM32/bin/../lib/gcc/arm-none-eabi/12.3.1/thumb/v7e-m/nofp\libgcc.a(_aeabi_uldivmod.o)
                              CMakeFiles/STM32F407ZGT6_TEMPLATE.elf.dir/Drivers/STM32F4xx_HAL_Driver/Src/stm32f4xx_hal_rcc.c.obj (__aeabi_uldivmod)
C:/ST/STM32CubeCLT_1.16.0/GNU-tools-for-STM32/bin/../lib/gcc/arm-none-eabi/12.3.1/thumb/v7e-m/nofp\libgcc.a(_udivmoddi4.o)
                              C:/ST/STM32CubeCLT_1.16.0/GNU-tools-for-STM32/bin/../lib/gcc/arm-none-eabi/12.3.1/thumb/v7e-m/nofp\libgcc.a(_aeabi_uldivmod.o) (__udivmoddi4)
C:/ST/STM32CubeCLT_1.16.0/GNU-tools-for-STM32/bin/../lib/gcc/arm-none-eabi/12.3.1/thumb/v7e-m/nofp\libgcc.a(_dvmd_tls.o)
                              C:/ST/STM32CubeCLT_1.16.0/GNU-tools-for-STM32/bin/../lib/gcc/arm-none-eabi/12.3.1/thumb/v7e-m/nofp\libgcc.a(_aeabi_uldivmod.o) (__aeabi_ldiv0)
C:/ST/STM32CubeCLT_1.16.0/GNU-tools-for-STM32/bin/../lib/gcc/arm-none-eabi/12.3.1/../../../../arm-none-eabi/lib/thumb/v7e-m/nofp\libg.a(libc_a-exit.o)
                              C:/ST/STM32CubeCLT_1.16.0/GNU-tools-for-STM32/bin/../lib/gcc/arm-none-eabi/12.3.1/../../../../arm-none-eabi/lib/thumb/v7e-m/nofp/crt0.o (exit)
C:/ST/STM32CubeCLT_1.16.0/GNU-tools-for-STM32/bin/../lib/gcc/arm-none-eabi/12.3.1/../../../../arm-none-eabi/lib/thumb/v7e-m/nofp\libg.a(libc_a-findfp.o)
                              C:/ST/STM32CubeCLT_1.16.0/GNU-tools-for-STM32/bin/../lib/gcc/arm-none-eabi/12.3.1/../../../../arm-none-eabi/lib/thumb/v7e-m/nofp\libg.a(libc_a-exit.o) (__stdio_exit_handler)
C:/ST/STM32CubeCLT_1.16.0/GNU-tools-for-STM32/bin/../lib/gcc/arm-none-eabi/12.3.1/../../../../arm-none-eabi/lib/thumb/v7e-m/nofp\libg.a(libc_a-fwalk.o)
                              C:/ST/STM32CubeCLT_1.16.0/GNU-tools-for-STM32/bin/../lib/gcc/arm-none-eabi/12.3.1/../../../../arm-none-eabi/lib/thumb/v7e-m/nofp\libg.a(libc_a-findfp.o) (_fwalk_sglue)
C:/ST/STM32CubeCLT_1.16.0/GNU-tools-for-STM32/bin/../lib/gcc/arm-none-eabi/12.3.1/../../../../arm-none-eabi/lib/thumb/v7e-m/nofp\libg.a(libc_a-snprintf.o)
                              CMakeFiles/STM32F407ZGT6_TEMPLATE.elf.dir/Core/Src/main.c.obj (snprintf)
C:/ST/STM32CubeCLT_1.16.0/GNU-tools-for-STM32/bin/../lib/gcc/arm-none-eabi/12.3.1/../../../../arm-none-eabi/lib/thumb/v7e-m/nofp\libg.a(libc_a-stdio.o)
                              C:/ST/STM32CubeCLT_1.16.0/GNU-tools-for-STM32/bin/../lib/gcc/arm-none-eabi/12.3.1/../../../../arm-none-eabi/lib/thumb/v7e-m/nofp\libg.a(libc_a-findfp.o) (__sread)
C:/ST/STM32CubeCLT_1.16.0/GNU-tools-for-STM32/bin/../lib/gcc/arm-none-eabi/12.3.1/../../../../arm-none-eabi/lib/thumb/v7e-m/nofp\libg.a(libc_a-memset.o)
                              C:/ST/STM32CubeCLT_1.16.0/GNU-tools-for-STM32/bin/../lib/gcc/arm-none-eabi/12.3.1/../../../../arm-none-eabi/lib/thumb/v7e-m/nofp/crt0.o (memset)
C:/ST/STM32CubeCLT_1.16.0/GNU-tools-for-STM32/bin/../lib/gcc/arm-none-eabi/12.3.1/../../../../arm-none-eabi/lib/thumb/v7e-m/nofp\libg.a(libc_a-closer.o)
                              C:/ST/STM32CubeCLT_1.16.0/GNU-tools-for-STM32/bin/../lib/gcc/arm-none-eabi/12.3.1/../../../../arm-none-eabi/lib/thumb/v7e-m/nofp\libg.a(libc_a-stdio.o) (_close_r)
C:/ST/STM32CubeCLT_1.16.0/GNU-tools-for-STM32/bin/../lib/gcc/arm-none-eabi/12.3.1/../../../../arm-none-eabi/lib/thumb/v7e-m/nofp\libg.a(libc_a-reent.o)
                              C:/ST/STM32CubeCLT_1.16.0/GNU-tools-for-STM32/bin/../lib/gcc/arm-none-eabi/12.3.1/../../../../arm-none-eabi/lib/thumb/v7e-m/nofp\libg.a(libc_a-closer.o) (errno)
C:/ST/STM32CubeCLT_1.16.0/GNU-tools-for-STM32/bin/../lib/gcc/arm-none-eabi/12.3.1/../../../../arm-none-eabi/lib/thumb/v7e-m/nofp\libg.a(libc_a-impure.o)
[...]
Memory Configuration

Name             Origin             Length             Attributes
CCMRAM           0x10000000         0x00010000         xrw
RAM              0x20000000         0x00020000         xrw
FLASH            0x08000000         0x00100000         xr
*default*        0x00000000         0xffffffff

Linker script and memory map

LOAD C:/ST/STM32CubeCLT_1.16.0/GNU-tools-for-STM32/bin/../lib/gcc/arm-none-eabi/12.3.1/thumb/v7e-m/nofp/crti.o
LOAD C:/ST/STM32CubeCLT_1.16.0/GNU-tools-for-STM32/bin/../lib/gcc/arm-none-eabi/12.3.1/thumb/v7e-m/nofp/crtbegin.o
LOAD C:/ST/STM32CubeCLT_1.16.0/GNU-tools-for-STM32/bin/../lib/gcc/arm-none-eabi/12.3.1/../../../../arm-none-eabi/lib/thumb/v7e-m/nofp/crt0.o
LOAD CMakeFiles/STM32F407ZGT6_TEMPLATE.elf.dir/Core/Src/MPU9250.c.obj
LOAD CMakeFiles/STM32F407ZGT6_TEMPLATE.elf.dir/Core/Src/main.c.obj
LOAD CMakeFiles/STM32F407ZGT6_TEMPLATE.elf.dir/Core/Src/stm32f4xx_hal_msp.c.obj
LOAD CMakeFiles/STM32F407ZGT6_TEMPLATE.elf.dir/Core/Src/stm32f4xx_it.c.obj
LOAD CMakeFiles/STM32F407ZGT6_TEMPLATE.elf.dir/Core/Src/syscalls.c.obj
LOAD CMakeFiles/STM32F407ZGT6_TEMPLATE.elf.dir/Core/Src/sysmem.c.obj
LOAD CMakeFiles/STM32F407ZGT6_TEMPLATE.elf.dir/Core/Src/system_stm32f4xx.c.obj
LOAD CMakeFiles/STM32F407ZGT6_TEMPLATE.elf.dir/Core/Startup/startup_stm32f407zgtx.s.obj
LOAD CMakeFiles/STM32F407ZGT6_TEMPLATE.elf.dir/Drivers/STM32F4xx_HAL_Driver/Src/stm32f4xx_hal.c.obj
LOAD CMakeFiles/STM32F407ZGT6_TEMPLATE.elf.dir/Drivers/STM32F4xx_HAL_Driver/Src/stm32f4xx_hal_cortex.c.obj
LOAD CMakeFiles/STM32F407ZGT6_TEMPLATE.elf.dir/Drivers/STM32F4xx_HAL_Driver/Src/stm32f4xx_hal_dma.c.obj
LOAD CMakeFiles/STM32F407ZGT6_TEMPLATE.elf.dir/Drivers/STM32F4xx_HAL_Driver/Src/stm32f4xx_hal_dma_ex.c.obj
LOAD CMakeFiles/STM32F407ZGT6_TEMPLATE.elf.dir/Drivers/STM32F4xx_HAL_Driver/Src/stm32f4xx_hal_exti.c.obj
LOAD CMakeFiles/STM32F407ZGT6_TEMPLATE.elf.dir/Drivers/STM32F4xx_HAL_Driver/Src/stm32f4xx_hal_flash.c.obj
LOAD CMakeFiles/STM32F407ZGT6_TEMPLATE.elf.dir/Drivers/STM32F4xx_HAL_Driver/Src/stm32f4xx_hal_flash_ex.c.obj
LOAD CMakeFiles/STM32F407ZGT6_TEMPLATE.elf.dir/Drivers/STM32F4xx_HAL_Driver/Src/stm32f4xx_hal_flash_ramfunc.c.obj
LOAD CMakeFiles/STM32F407ZGT6_TEMPLATE.elf.dir/Drivers/STM32F4xx_HAL_Driver/Src/stm32f4xx_hal_gpio.c.obj
LOAD CMakeFiles/STM32F407ZGT6_TEMPLATE.elf.dir/Drivers/STM32F4xx_HAL_Driver/Src/stm32f4xx_hal_i2c.c.obj
LOAD CMakeFiles/STM32F407ZGT6_TEMPLATE.elf.dir/Drivers/STM32F4xx_HAL_Driver/Src/stm32f4xx_hal_i2c_ex.c.obj
LOAD CMakeFiles/STM32F407ZGT6_TEMPLATE.elf.dir/Drivers/STM32F4xx_HAL_Driver/Src/stm32f4xx_hal_pwr.c.obj
LOAD CMakeFiles/STM32F407ZGT6_TEMPLATE.elf.dir/Drivers/STM32F4xx_HAL_Driver/Src/stm32f4xx_hal_pwr_ex.c.obj
LOAD CMakeFiles/STM32F407ZGT6_TEMPLATE.elf.dir/Drivers/STM32F4xx_HAL_Driver/Src/stm32f4xx_hal_rcc.c.obj
LOAD CMakeFiles/STM32F407ZGT6_TEMPLATE.elf.dir/Drivers/STM32F4xx_HAL_Driver/Src/stm32f4xx_hal_rcc_ex.c.obj
LOAD CMakeFiles/STM32F407ZGT6_TEMPLATE.elf.dir/Drivers/STM32F4xx_HAL_Driver/Src/stm32f4xx_hal_spi.c.obj
LOAD CMakeFiles/STM32F407ZGT6_TEMPLATE.elf.dir/Drivers/STM32F4xx_HAL_Driver/Src/stm32f4xx_hal_tim.c.obj
LOAD CMakeFiles/STM32F407ZGT6_TEMPLATE.elf.dir/Drivers/STM32F4xx_HAL_Driver/Src/stm32f4xx_hal_tim_ex.c.obj
LOAD CMakeFiles/STM32F407ZGT6_TEMPLATE.elf.dir/Drivers/STM32F4xx_HAL_Driver/Src/stm32f4xx_hal_uart.c.obj
START GROUP
LOAD C:/ST/STM32CubeCLT_1.16.0/GNU-tools-for-STM32/bin/../lib/gcc/arm-none-eabi/12.3.1/thumb/v7e-m/nofp\libgcc.a
LOAD C:/ST/STM32CubeCLT_1.16.0/GNU-tools-for-STM32/bin/../lib/gcc/arm-none-eabi/12.3.1/../../../../arm-none-eabi/lib/thumb/v7e-m/nofp\libg.a
LOAD C:/ST/STM32CubeCLT_1.16.0/GNU-tools-for-STM32/bin/../lib/gcc/arm-none-eabi/12.3.1/../../../../arm-none-eabi/lib/thumb/v7e-m/nofp\libc.a
END GROUP
LOAD C:/ST/STM32CubeCLT_1.16.0/GNU-tools-for-STM32/bin/../lib/gcc/arm-none-eabi/12.3.1/thumb/v7e-m/nofp/crtend.o
LOAD C:/ST/STM32CubeCLT_1.16.0/GNU-tools-for-STM32/bin/../lib/gcc/arm-none-eabi/12.3.1/thumb/v7e-m/nofp/crtn.o
                0x20020000                        _estack = (ORIGIN (RAM) + LENGTH (RAM))
                0x00000200                        _Min_Heap_Size = 0x200
                0x00000400                        _Min_Stack_Size = 0x400

.isr_vector     0x08000000      0x188
                0x08000000                        . = ALIGN (0x4)
 *(.isr_vector)
 .isr_vector    0x08000000      0x188 CMakeFiles/STM32F407ZGT6_TEMPLATE.elf.dir/Core/Startup/startup_stm32f407zgtx.s.obj
                0x08000000                g_pfnVectors
                0x08000188                        . = ALIGN (0x4)

.text           0x08000190     0x970c
                0x08000190                        . = ALIGN (0x4)
 *(.text)
 .text          0x08000190       0x40 C:/ST/STM32CubeCLT_1.16.0/GNU-tools-for-STM32/bin/../lib/gcc/arm-none-eabi/12.3.1/thumb/v7e-m/nofp/crtbegin.o
 .text          0x080001d0      0x378 C:/ST/STM32CubeCLT_1.16.0/GNU-tools-for-STM32/bin/../lib/gcc/arm-none-eabi/12.3.1/thumb/v7e-m/nofp\libgcc.a(_arm_addsubdf3.o)
                0x080001d0                __aeabi_drsub
                0x080001d8                __aeabi_dsub
                0x080001d8                __subdf3
                0x080001dc                __aeabi_dadd
                0x080001dc                __adddf3
                0x08000454                __floatunsidf
                0x08000454                __aeabi_ui2d
                0x08000474                __floatsidf
                0x08000474                __aeabi_i2d
                0x08000498                __aeabi_f2d
                0x08000498                __extendsfdf2
                0x080004dc                __floatundidf
                0x080004dc                __aeabi_ul2d
                0x080004ec                __floatdidf
                0x080004ec                __aeabi_l2d
 .text          0x08000548      0x424 C:/ST/STM32CubeCLT_1.16.0/GNU-tools-for-STM32/bin/../lib/gcc/arm-none-eabi/12.3.1/thumb/v7e-m/nofp\libgcc.a(_arm_muldivdf3.o)
                0x08000548                __aeabi_dmul
                0x08000548                __muldf3
                0x0800079c                __divdf3
                0x0800079c                __aeabi_ddiv
 .text          0x0800096c       0xa0 C:/ST/STM32CubeCLT_1.16.0/GNU-tools-for-STM32/bin/../lib/gcc/arm-none-eabi/12.3.1/thumb/v7e-m/nofp\libgcc.a(_arm_truncdfsf2.o)
                0x0800096c                __truncdfsf2
                0x0800096c                __aeabi_d2f
 .text          0x08000a0c      0x21c C:/ST/STM32CubeCLT_1.16.0/GNU-tools-for-STM32/bin/../lib/gcc/arm-none-eabi/12.3.1/thumb/v7e-m/nofp\libgcc.a(_arm_addsubsf3.o)
                0x08000a0c                __aeabi_frsub
                0x08000a14                __subsf3
                0x08000a14                __aeabi_fsub
                0x08000a18                __aeabi_fadd
                0x08000a18                __addsf3
                0x08000b78                __aeabi_ui2f
                0x08000b78                __floatunsisf
                0x08000b80                __aeabi_i2f
                0x08000b80                __floatsisf
                0x08000b9c                __aeabi_ul2f
                0x08000b9c                __floatundisf
                0x08000bac                __aeabi_l2f
                0x08000bac                __floatdisf
 .text          0x08000c28       0x30 C:/ST/STM32CubeCLT_1.16.0/GNU-tools-for-STM32/bin/../lib/gcc/arm-none-eabi/12.3.1/thumb/v7e-m/nofp\libgcc.a(_aeabi_uldivmod.o)
                0x08000c28                __aeabi_uldivmod
 .text          0x08000c58      0x2bc C:/ST/STM32CubeCLT_1.16.0/GNU-tools-for-STM32/bin/../lib/gcc/arm-none-eabi/12.3.1/thumb/v7e-m/nofp\libgcc.a(_udivmoddi4.o)
                0x08000c58                __udivmoddi4
 .text          0x08000f14        0x4 C:/ST/STM32CubeCLT_1.16.0/GNU-tools-for-STM32/bin/../lib/gcc/arm-none-eabi/12.3.1/thumb/v7e-m/nofp\libgcc.a(_dvmd_tls.o)
                0x08000f14                __aeabi_idiv0
                0x08000f14                __aeabi_ldiv0
 .text          0x08000f18       0x10 C:/ST/STM32CubeCLT_1.16.0/GNU-tools-for-STM32/bin/../lib/gcc/arm-none-eabi/12.3.1/../../../../arm-none-eabi/lib/thumb/v7e-m/nofp\libg.a(libc_a-strlen.o)
                0x08000f18                strlen
 *fill*         0x08000f28        0x8 
 .text          0x08000f30       0xa0 C:/ST/STM32CubeCLT_1.16.0/GNU-tools-for-STM32/bin/../lib/gcc/arm-none-eabi/12.3.1/../../../../arm-none-eabi/lib/thumb/v7e-m/nofp\libg.a(libc_a-memchr.o)
                0x08000f30                memchr
 .text          0x08000fd0      0x110 C:/ST/STM32CubeCLT_1.16.0/GNU-tools-for-STM32/bin/../lib/gcc/arm-none-eabi/12.3.1/thumb/v7e-m/nofp\libgcc.a(_arm_cmpdf2.o)
                0x08000fd0                __gtdf2
                0x08000fd0                __gedf2
                0x08000fd8                __ltdf2
                0x08000fd8                __ledf2
                0x08000fe0                __nedf2
                0x08000fe0                __eqdf2
                0x08000fe0                __cmpdf2
                0x0800105c                __aeabi_cdrcmple
                0x0800106c                __aeabi_cdcmpeq
                0x0800106c                __aeabi_cdcmple
                0x0800107c                __aeabi_dcmpeq
                0x08001090                __aeabi_dcmplt
                0x080010a4                __aeabi_dcmple
                0x080010b8                __aeabi_dcmpge
                0x080010cc                __aeabi_dcmpgt
 .text          0x080010e0       0x2c C:/ST/STM32CubeCLT_1.16.0/GNU-tools-for-STM32/bin/../lib/gcc/arm-none-eabi/12.3.1/thumb/v7e-m/nofp\libgcc.a(_arm_unorddf2.o)
                0x080010e0                __unorddf2
                0x080010e0                __aeabi_dcmpun
 .text          0x0800110c       0x50 C:/ST/STM32CubeCLT_1.16.0/GNU-tools-for-STM32/bin/../lib/gcc/arm-none-eabi/12.3.1/thumb/v7e-m/nofp\libgcc.a(_arm_fixdfsi.o)
                0x0800110c                __aeabi_d2iz
                0x0800110c                __fixdfsi
 *(.text*)
 .text.spi_w_byte
                0x0800115c       0x46 CMakeFiles/STM32F407ZGT6_TEMPLATE.elf.dir/Core/Src/MPU9250.c.obj
 .text.MPU9250_ENABLE
                0x080011a2       0x10 CMakeFiles/STM32F407ZGT6_TEMPLATE.elf.dir/Core/Src/MPU9250.c.obj
                0x080011a2                MPU9250_ENABLE
 .text.MPU9250_DISENABLE
                0x080011b2       0x10 CMakeFiles/STM32F407ZGT6_TEMPLATE.elf.dir/Core/Src/MPU9250.c.obj
                0x080011b2                MPU9250_DISENABLE
 *fill*         0x080011c2        0x2 
 .text.spi_r_bytes
                0x080011c4       0x54 CMakeFiles/STM32F407ZGT6_TEMPLATE.elf.dir/Core/Src/MPU9250.c.obj
 .text.mpu_r_reg
                0x08001218        0xe CMakeFiles/STM32F407ZGT6_TEMPLATE.elf.dir/Core/Src/MPU9250.c.obj
 *fill*         0x08001226        0x2 
 .text.spi_w_bytes
                0x08001228       0x84 CMakeFiles/STM32F407ZGT6_TEMPLATE.elf.dir/Core/Src/MPU9250.c.obj
 .text.mpu_w_reg
                0x080012ac       0x1c CMakeFiles/STM32F407ZGT6_TEMPLATE.elf.dir/Core/Src/MPU9250.c.obj
 .text.ak8963_r_reg
                0x080012c8       0x38 CMakeFiles/STM32F407ZGT6_TEMPLATE.elf.dir/Core/Src/MPU9250.c.obj
 .text.ak8963_w_reg
                0x08001300       0x30 CMakeFiles/STM32F407ZGT6_TEMPLATE.elf.dir/Core/Src/MPU9250.c.obj
 .text.mpu_r_WhoAmI
                0x08001330       0x18 CMakeFiles/STM32F407ZGT6_TEMPLATE.elf.dir/Core/Src/MPU9250.c.obj
                0x08001330                mpu_r_WhoAmI
 .text.mpu_r_ak8963_WhoAmI
                0x08001348       0x18 CMakeFiles/STM32F407ZGT6_TEMPLATE.elf.dir/Core/Src/MPU9250.c.obj
                0x08001348                mpu_r_ak8963_WhoAmI
 .text.MPU9250_StructInit
                0x08001360       0x6e CMakeFiles/STM32F407ZGT6_TEMPLATE.elf.dir/Core/Src/MPU9250.c.obj
                0x08001360                MPU9250_StructInit
 .text.MPU9250_Init
                0x080013ce       0xfe CMakeFiles/STM32F407ZGT6_TEMPLATE.elf.dir/Core/Src/MPU9250.c.obj
                0x080013ce                MPU9250_Init
 *fill*         0x080014cc        0x4 
 .text.MPU9250_ReadAccel
                0x080014d0       0xa4 CMakeFiles/STM32F407ZGT6_TEMPLATE.elf.dir/Core/Src/MPU9250.c.obj
                0x080014d0                MPU9250_ReadAccel
 *fill*         0x08001574        0x4 
 .text.MPU9250_ReadGyro
                0x08001578       0x9c CMakeFiles/STM32F407ZGT6_TEMPLATE.elf.dir/Core/Src/MPU9250.c.obj
                0x08001578                MPU9250_ReadGyro
 *fill*         0x08001614        0x4 
 .text.MPU9250_ReadMag
                0x08001618      0x230 CMakeFiles/STM32F407ZGT6_TEMPLATE.elf.dir/Core/Src/MPU9250.c.obj
                0x08001618                MPU9250_ReadMag
 .text.MPU9250_ReadData
                0x08001848       0x16 CMakeFiles/STM32F407ZGT6_TEMPLATE.elf.dir/Core/Src/MPU9250.c.obj
                0x08001848                MPU9250_ReadData
 *fill*         0x0800185e        0x2 
 .text.MX_GPIO_Init
                0x08001860       0xf4 CMakeFiles/STM32F407ZGT6_TEMPLATE.elf.dir/Core/Src/main.c.obj
 .text.MX_DMA_Init
                0x08001954       0x44 CMakeFiles/STM32F407ZGT6_TEMPLATE.elf.dir/Core/Src/main.c.obj
 .text.Error_Handler
                0x08001998        0x4 CMakeFiles/STM32F407ZGT6_TEMPLATE.elf.dir/Core/Src/main.c.obj
                0x08001998                Error_Handler
 .text.MX_USART1_UART_Init
                0x0800199c       0x34 CMakeFiles/STM32F407ZGT6_TEMPLATE.elf.dir/Core/Src/main.c.obj
 .text.MX_I2C1_Init
                0x080019d0       0x38 CMakeFiles/STM32F407ZGT6_TEMPLATE.elf.dir/Core/Src/main.c.obj
 .text.MX_I2C2_Init
                0x08001a08       0x38 CMakeFiles/STM32F407ZGT6_TEMPLATE.elf.dir/Core/Src/main.c.obj
 .text.MX_SPI1_Init
                0x08001a40       0x40 CMakeFiles/STM32F407ZGT6_TEMPLATE.elf.dir/Core/Src/main.c.obj
 .text.MX_SPI2_Init
                0x08001a80       0x40 CMakeFiles/STM32F407ZGT6_TEMPLATE.elf.dir/Core/Src/main.c.obj
 .text.SystemClock_Config
                0x08001ac0       0xac CMakeFiles/STM32F407ZGT6_TEMPLATE.elf.dir/Core/Src/main.c.obj
                0x08001ac0                SystemClock_Config
 .text.main     0x08001b6c      0x354 CMakeFiles/STM32F407ZGT6_TEMPLATE.elf.dir/Core/Src/main.c.obj
                0x08001b6c                main
 .text.HAL_MspInit
                0x08001ec0       0x38 CMakeFiles/STM32F407ZGT6_TEMPLATE.elf.dir/Core/Src/stm32f4xx_hal_msp.c.obj
                0x08001ec0                HAL_MspInit
 .text.HAL_I2C_MspInit
                0x08001ef8       0xe4 CMakeFiles/STM32F407ZGT6_TEMPLATE.elf.dir/Core/Src/stm32f4xx_hal_msp.c.obj
                0x08001ef8                HAL_I2C_MspInit
 .text.HAL_SPI_MspInit
                0x08001fdc      0x16c CMakeFiles/STM32F407ZGT6_TEMPLATE.elf.dir/Core/Src/stm32f4xx_hal_msp.c.obj
                0x08001fdc                HAL_SPI_MspInit
 .text.HAL_UART_MspInit
                0x08002148       0x74 CMakeFiles/STM32F407ZGT6_TEMPLATE.elf.dir/Core/Src/stm32f4xx_hal_msp.c.obj
                0x08002148                HAL_UART_MspInit
 .text.NMI_Handler
                0x080021bc        0x2 CMakeFiles/STM32F407ZGT6_TEMPLATE.elf.dir/Core/Src/stm32f4xx_it.c.obj
                0x080021bc                NMI_Handler
 .text.HardFault_Handler
                0x080021be        0x2 CMakeFiles/STM32F407ZGT6_TEMPLATE.elf.dir/Core/Src/stm32f4xx_it.c.obj
                0x080021be                HardFault_Handler
 .text.MemManage_Handler
                0x080021c0        0x2 CMakeFiles/STM32F407ZGT6_TEMPLATE.elf.dir/Core/Src/stm32f4xx_it.c.obj
                0x080021c0                MemManage_Handler
 .text.BusFault_Handler
                0x080021c2        0x2 CMakeFiles/STM32F407ZGT6_TEMPLATE.elf.dir/Core/Src/stm32f4xx_it.c.obj
                0x080021c2                BusFault_Handler
 .text.UsageFault_Handler
                0x080021c4        0x2 CMakeFiles/STM32F407ZGT6_TEMPLATE.elf.dir/Core/Src/stm32f4xx_it.c.obj
                0x080021c4                UsageFault_Handler
 .text.SVC_Handler
                0x080021c6        0x2 CMakeFiles/STM32F407ZGT6_TEMPLATE.elf.dir/Core/Src/stm32f4xx_it.c.obj
                0x080021c6                SVC_Handler
 .text.DebugMon_Handler
                0x080021c8        0x2 CMakeFiles/STM32F407ZGT6_TEMPLATE.elf.dir/Core/Src/stm32f4xx_it.c.obj
                0x080021c8                DebugMon_Handler
 .text.PendSV_Handler
                0x080021ca        0x2 CMakeFiles/STM32F407ZGT6_TEMPLATE.elf.dir/Core/Src/stm32f4xx_it.c.obj
                0x080021ca                PendSV_Handler
 .text.SysTick_Handler
                0x080021cc        0x8 CMakeFiles/STM32F407ZGT6_TEMPLATE.elf.dir/Core/Src/stm32f4xx_it.c.obj
                0x080021cc                SysTick_Handler
 .text.I2C1_EV_IRQHandler
                0x080021d4       0x10 CMakeFiles/STM32F407ZGT6_TEMPLATE.elf.dir/Core/Src/stm32f4xx_it.c.obj
                0x080021d4                I2C1_EV_IRQHandler
 .text.I2C1_ER_IRQHandler
                0x080021e4       0x10 CMakeFiles/STM32F407ZGT6_TEMPLATE.elf.dir/Core/Src/stm32f4xx_it.c.obj
                0x080021e4                I2C1_ER_IRQHandler
 .text.DMA2_Stream0_IRQHandler
                0x080021f4       0x10 CMakeFiles/STM32F407ZGT6_TEMPLATE.elf.dir/Core/Src/stm32f4xx_it.c.obj
                0x080021f4                DMA2_Stream0_IRQHandler
 .text.DMA2_Stream3_IRQHandler
                0x08002204       0x10 CMakeFiles/STM32F407ZGT6_TEMPLATE.elf.dir/Core/Src/stm32f4xx_it.c.obj
                0x08002204                DMA2_Stream3_IRQHandler
 .text._getpid  0x08002214        0x4 CMakeFiles/STM32F407ZGT6_TEMPLATE.elf.dir/Core/Src/syscalls.c.obj
                0x08002214                _getpid
 .text._kill    0x08002218       0x10 CMakeFiles/STM32F407ZGT6_TEMPLATE.elf.dir/Core/Src/syscalls.c.obj
                0x08002218                _kill
 .text._exit    0x08002228        0xc CMakeFiles/STM32F407ZGT6_TEMPLATE.elf.dir/Core/Src/syscalls.c.obj
                0x08002228                _exit
 .text._read    0x08002234       0x20 CMakeFiles/STM32F407ZGT6_TEMPLATE.elf.dir/Core/Src/syscalls.c.obj
                0x08002234                _read
 .text._write   0x08002254       0x1c CMakeFiles/STM32F407ZGT6_TEMPLATE.elf.dir/Core/Src/syscalls.c.obj
                0x08002254                _write
 .text._close   0x08002270        0x6 CMakeFiles/STM32F407ZGT6_TEMPLATE.elf.dir/Core/Src/syscalls.c.obj
                0x08002270                _close
 .text._fstat   0x08002276        0xa CMakeFiles/STM32F407ZGT6_TEMPLATE.elf.dir/Core/Src/syscalls.c.obj
                0x08002276                _fstat
 .text._isatty  0x08002280        0x4 CMakeFiles/STM32F407ZGT6_TEMPLATE.elf.dir/Core/Src/syscalls.c.obj
                0x08002280                _isatty
 .text._lseek   0x08002284        0x4 CMakeFiles/STM32F407ZGT6_TEMPLATE.elf.dir/Core/Src/syscalls.c.obj
                0x08002284                _lseek
 .text._sbrk    0x08002288       0x48 CMakeFiles/STM32F407ZGT6_TEMPLATE.elf.dir/Core/Src/sysmem.c.obj
                0x08002288                _sbrk
 .text.SystemInit
                0x080022d0        0x2 CMakeFiles/STM32F407ZGT6_TEMPLATE.elf.dir/Core/Src/system_stm32f4xx.c.obj
                0x080022d0                SystemInit
 *fill*         0x080022d2        0x2 
 .text.Reset_Handler
                0x080022d4       0x50 CMakeFiles/STM32F407ZGT6_TEMPLATE.elf.dir/Core/Startup/startup_stm32f407zgtx.s.obj
                0x080022d4                Reset_Handler
 .text.Default_Handler
                0x08002324        0x2 CMakeFiles/STM32F407ZGT6_TEMPLATE.elf.dir/Core/Startup/startup_stm32f407zgtx.s.obj
                0x08002324                RTC_Alarm_IRQHandler
                0x08002324                HASH_RNG_IRQHandler
                0x08002324                EXTI2_IRQHandler
                0x08002324                TIM8_CC_IRQHandler
                0x08002324                TIM1_CC_IRQHandler
                0x08002324                DMA2_Stream5_IRQHandler
                0x08002324                DMA1_Stream5_IRQHandler
                0x08002324                PVD_IRQHandler
                0x08002324                SDIO_IRQHandler
                0x08002324                TAMP_STAMP_IRQHandler
                0x08002324                CAN2_RX1_IRQHandler
                0x08002324                EXTI3_IRQHandler
                0x08002324                TIM8_TRG_COM_TIM14_IRQHandler
                0x08002324                TIM1_UP_TIM10_IRQHandler
                0x08002324                TIM8_UP_TIM13_IRQHandler
                0x08002324                I2C3_ER_IRQHandler
                0x08002324                EXTI0_IRQHandler
                0x08002324                I2C2_EV_IRQHandler
                0x08002324                DMA1_Stream2_IRQHandler
                0x08002324                CAN1_RX0_IRQHandler
                0x08002324                FPU_IRQHandler
                0x08002324                OTG_HS_WKUP_IRQHandler
                0x08002324                CAN2_SCE_IRQHandler
                0x08002324                DMA2_Stream2_IRQHandler
                0x08002324                SPI1_IRQHandler
                0x08002324                TIM6_DAC_IRQHandler
                0x08002324                TIM1_BRK_TIM9_IRQHandler
                0x08002324                DCMI_IRQHandler
                0x08002324                CAN2_RX0_IRQHandler
                0x08002324                USART6_IRQHandler
                0x08002324                USART3_IRQHandler
                0x08002324                CAN1_RX1_IRQHandler
                0x08002324                UART5_IRQHandler
                0x08002324                TIM4_IRQHandler
                0x08002324                DMA1_Stream6_IRQHandler
                0x08002324                DMA1_Stream1_IRQHandler
                0x08002324                UART4_IRQHandler
                0x08002324                TIM3_IRQHandler
                0x08002324                RCC_IRQHandler
                0x08002324                TIM8_BRK_TIM12_IRQHandler
                0x08002324                Default_Handler
                0x08002324                EXTI15_10_IRQHandler
                0x08002324                ADC_IRQHandler
                0x08002324                DMA1_Stream7_IRQHandler
                0x08002324                TIM7_IRQHandler
                0x08002324                CAN2_TX_IRQHandler
                0x08002324                TIM5_IRQHandler
                0x08002324                DMA2_Stream7_IRQHandler
                0x08002324                I2C3_EV_IRQHandler
                0x08002324                EXTI9_5_IRQHandler
                0x08002324                RTC_WKUP_IRQHandler
                0x08002324                ETH_WKUP_IRQHandler
                0x08002324                SPI2_IRQHandler
                0x08002324                OTG_HS_EP1_IN_IRQHandler
                0x08002324                DMA1_Stream0_IRQHandler
                0x08002324                CAN1_TX_IRQHandler
                0x08002324                EXTI4_IRQHandler
                0x08002324                FSMC_IRQHandler
                0x08002324                ETH_IRQHandler
                0x08002324                OTG_HS_EP1_OUT_IRQHandler
                0x08002324                WWDG_IRQHandler
                0x08002324                TIM2_IRQHandler
                0x08002324                OTG_FS_WKUP_IRQHandler
                0x08002324                TIM1_TRG_COM_TIM11_IRQHandler
                0x08002324                OTG_HS_IRQHandler
                0x08002324                EXTI1_IRQHandler
                0x08002324                USART2_IRQHandler
                0x08002324                I2C2_ER_IRQHandler
                0x08002324                DMA2_Stream1_IRQHandler
                0x08002324                CAN1_SCE_IRQHandler
                0x08002324                FLASH_IRQHandler
                0x08002324                DMA2_Stream4_IRQHandler
                0x08002324                USART1_IRQHandler
                0x08002324                OTG_FS_IRQHandler
                0x08002324                SPI3_IRQHandler
                0x08002324                DMA1_Stream4_IRQHandler
                0x08002324                DMA2_Stream6_IRQHandler
                0x08002324                DMA1_Stream3_IRQHandler
 *fill*         0x08002326        0x2 
 .text.HAL_InitTick
                0x08002328       0x4c CMakeFiles/STM32F407ZGT6_TEMPLATE.elf.dir/Drivers/STM32F4xx_HAL_Driver/Src/stm32f4xx_hal.c.obj
                0x08002328                HAL_InitTick
 .text.HAL_Init
                0x08002374       0x34 CMakeFiles/STM32F407ZGT6_TEMPLATE.elf.dir/Drivers/STM32F4xx_HAL_Driver/Src/stm32f4xx_hal.c.obj
                0x08002374                HAL_Init
 .text.HAL_IncTick
                0x080023a8       0x18 CMakeFiles/STM32F407ZGT6_TEMPLATE.elf.dir/Drivers/STM32F4xx_HAL_Driver/Src/stm32f4xx_hal.c.obj
                0x080023a8                HAL_IncTick
 .text.HAL_GetTick
                0x080023c0        0xc CMakeFiles/STM32F407ZGT6_TEMPLATE.elf.dir/Drivers/STM32F4xx_HAL_Driver/Src/stm32f4xx_hal.c.obj
                0x080023c0                HAL_GetTick
 .text.HAL_Delay
                0x080023cc       0x28 CMakeFiles/STM32F407ZGT6_TEMPLATE.elf.dir/Drivers/STM32F4xx_HAL_Driver/Src/stm32f4xx_hal.c.obj
                0x080023cc                HAL_Delay
 .text.__NVIC_EnableIRQ
                0x080023f4       0x1c CMakeFiles/STM32F407ZGT6_TEMPLATE.elf.dir/Drivers/STM32F4xx_HAL_Driver/Src/stm32f4xx_hal_cortex.c.obj
 .text.__NVIC_SetPriority
                0x08002410       0x28 CMakeFiles/STM32F407ZGT6_TEMPLATE.elf.dir/Drivers/STM32F4xx_HAL_Driver/Src/stm32f4xx_hal_cortex.c.obj
 .text.NVIC_EncodePriority
                0x08002438       0x3e CMakeFiles/STM32F407ZGT6_TEMPLATE.elf.dir/Drivers/STM32F4xx_HAL_Driver/Src/stm32f4xx_hal_cortex.c.obj
 *fill*         0x08002476        0x2 
 .text.HAL_NVIC_SetPriorityGrouping
                0x08002478       0x24 CMakeFiles/STM32F407ZGT6_TEMPLATE.elf.dir/Drivers/STM32F4xx_HAL_Driver/Src/stm32f4xx_hal_cortex.c.obj
                0x08002478                HAL_NVIC_SetPriorityGrouping
 .text.HAL_NVIC_SetPriority
                0x0800249c       0x20 CMakeFiles/STM32F407ZGT6_TEMPLATE.elf.dir/Drivers/STM32F4xx_HAL_Driver/Src/stm32f4xx_hal_cortex.c.obj
                0x0800249c                HAL_NVIC_SetPriority
 .text.HAL_NVIC_EnableIRQ
                0x080024bc        0x8 CMakeFiles/STM32F407ZGT6_TEMPLATE.elf.dir/Drivers/STM32F4xx_HAL_Driver/Src/stm32f4xx_hal_cortex.c.obj
                0x080024bc                HAL_NVIC_EnableIRQ
 .text.HAL_SYSTICK_Config
                0x080024c4       0x28 CMakeFiles/STM32F407ZGT6_TEMPLATE.elf.dir/Drivers/STM32F4xx_HAL_Driver/Src/stm32f4xx_hal_cortex.c.obj
                0x080024c4                HAL_SYSTICK_Config
 .text.DMA_CalcBaseAndBitshift
                0x080024ec       0x40 CMakeFiles/STM32F407ZGT6_TEMPLATE.elf.dir/Drivers/STM32F4xx_HAL_Driver/Src/stm32f4xx_hal_dma.c.obj
 .text.DMA_CheckFifoParam
                0x0800252c       0x8e CMakeFiles/STM32F407ZGT6_TEMPLATE.elf.dir/Drivers/STM32F4xx_HAL_Driver/Src/stm32f4xx_hal_dma.c.obj
 *fill*         0x080025ba        0x2 
 .text.HAL_DMA_Init
                0x080025bc       0xcc CMakeFiles/STM32F407ZGT6_TEMPLATE.elf.dir/Drivers/STM32F4xx_HAL_Driver/Src/stm32f4xx_hal_dma.c.obj
                0x080025bc                HAL_DMA_Init
 .text.HAL_DMA_Abort_IT
                0x08002688       0x26 CMakeFiles/STM32F407ZGT6_TEMPLATE.elf.dir/Drivers/STM32F4xx_HAL_Driver/Src/stm32f4xx_hal_dma.c.obj
                0x08002688                HAL_DMA_Abort_IT
 *fill*         0x080026ae        0x2 
 .text.HAL_DMA_IRQHandler
                0x080026b0      0x1dc CMakeFiles/STM32F407ZGT6_TEMPLATE.elf.dir/Drivers/STM32F4xx_HAL_Driver/Src/stm32f4xx_hal_dma.c.obj
                0x080026b0                HAL_DMA_IRQHandler
 .text.HAL_DMA_GetState
                0x0800288c        0x6 CMakeFiles/STM32F407ZGT6_TEMPLATE.elf.dir/Drivers/STM32F4xx_HAL_Driver/Src/stm32f4xx_hal_dma.c.obj
                0x0800288c                HAL_DMA_GetState
 *fill*         0x08002892        0x2 
 .text.HAL_GPIO_Init
                0x08002894      0x1f4 CMakeFiles/STM32F407ZGT6_TEMPLATE.elf.dir/Drivers/STM32F4xx_HAL_Driver/Src/stm32f4xx_hal_gpio.c.obj
                0x08002894                HAL_GPIO_Init
 .text.HAL_GPIO_WritePin
                0x08002a88        0xc CMakeFiles/STM32F407ZGT6_TEMPLATE.elf.dir/Drivers/STM32F4xx_HAL_Driver/Src/stm32f4xx_hal_gpio.c.obj
                0x08002a88                HAL_GPIO_WritePin
 .text.I2C_Flush_DR
                0x08002a94       0x10 CMakeFiles/STM32F407ZGT6_TEMPLATE.elf.dir/Drivers/STM32F4xx_HAL_Driver/Src/stm32f4xx_hal_i2c.c.obj
 .text.I2C_Master_SB
                0x08002aa4       0xa8 CMakeFiles/STM32F407ZGT6_TEMPLATE.elf.dir/Drivers/STM32F4xx_HAL_Driver/Src/stm32f4xx_hal_i2c.c.obj
 .text.I2C_Master_ADD10
                0x08002b4c       0x2a CMakeFiles/STM32F407ZGT6_TEMPLATE.elf.dir/Drivers/STM32F4xx_HAL_Driver/Src/stm32f4xx_hal_i2c.c.obj
 *fill*         0x08002b76        0x2 
 .text.I2C_Master_ADDR
                0x08002b78      0x230 CMakeFiles/STM32F407ZGT6_TEMPLATE.elf.dir/Drivers/STM32F4xx_HAL_Driver/Src/stm32f4xx_hal_i2c.c.obj
 .text.I2C_SlaveTransmit_BTF
                0x08002da8       0x20 CMakeFiles/STM32F407ZGT6_TEMPLATE.elf.dir/Drivers/STM32F4xx_HAL_Driver/Src/stm32f4xx_hal_i2c.c.obj
 .text.I2C_SlaveReceive_BTF
                0x08002dc8       0x20 CMakeFiles/STM32F407ZGT6_TEMPLATE.elf.dir/Drivers/STM32F4xx_HAL_Driver/Src/stm32f4xx_hal_i2c.c.obj
 .text.I2C_WaitOnSTOPRequestThroughIT
                0x08002de8       0x48 CMakeFiles/STM32F407ZGT6_TEMPLATE.elf.dir/Drivers/STM32F4xx_HAL_Driver/Src/stm32f4xx_hal_i2c.c.obj
 .text.I2C_ConvertOtherXferOptions
                0x08002e30       0x1e CMakeFiles/STM32F407ZGT6_TEMPLATE.elf.dir/Drivers/STM32F4xx_HAL_Driver/Src/stm32f4xx_hal_i2c.c.obj
 *fill*         0x08002e4e        0x2 
 .text.HAL_I2C_Init
                0x08002e50      0x1bc CMakeFiles/STM32F407ZGT6_TEMPLATE.elf.dir/Drivers/STM32F4xx_HAL_Driver/Src/stm32f4xx_hal_i2c.c.obj
                0x08002e50                HAL_I2C_Init
 .text.HAL_I2C_MasterTxCpltCallback
                0x0800300c        0x2 CMakeFiles/STM32F407ZGT6_TEMPLATE.elf.dir/Drivers/STM32F4xx_HAL_Driver/Src/stm32f4xx_hal_i2c.c.obj
                0x0800300c                HAL_I2C_MasterTxCpltCallback
 .text.HAL_I2C_MasterRxCpltCallback
                0x0800300e        0x2 CMakeFiles/STM32F407ZGT6_TEMPLATE.elf.dir/Drivers/STM32F4xx_HAL_Driver/Src/stm32f4xx_hal_i2c.c.obj
                0x0800300e                HAL_I2C_MasterRxCpltCallback
 .text.HAL_I2C_SlaveTxCpltCallback
                0x08003010        0x2 CMakeFiles/STM32F407ZGT6_TEMPLATE.elf.dir/Drivers/STM32F4xx_HAL_Driver/Src/stm32f4xx_hal_i2c.c.obj
                0x08003010                HAL_I2C_SlaveTxCpltCallback
 .text.I2C_SlaveTransmit_TXE
                0x08003012       0x4c CMakeFiles/STM32F407ZGT6_TEMPLATE.elf.dir/Drivers/STM32F4xx_HAL_Driver/Src/stm32f4xx_hal_i2c.c.obj
 .text.HAL_I2C_SlaveRxCpltCallback
                0x0800305e        0x2 CMakeFiles/STM32F407ZGT6_TEMPLATE.elf.dir/Drivers/STM32F4xx_HAL_Driver/Src/stm32f4xx_hal_i2c.c.obj
                0x0800305e                HAL_I2C_SlaveRxCpltCallback
 .text.I2C_SlaveReceive_RXNE
                0x08003060       0x4c CMakeFiles/STM32F407ZGT6_TEMPLATE.elf.dir/Drivers/STM32F4xx_HAL_Driver/Src/stm32f4xx_hal_i2c.c.obj
 .text.HAL_I2C_AddrCallback
                0x080030ac        0x2 CMakeFiles/STM32F407ZGT6_TEMPLATE.elf.dir/Drivers/STM32F4xx_HAL_Driver/Src/stm32f4xx_hal_i2c.c.obj
                0x080030ac                HAL_I2C_AddrCallback
 .text.I2C_Slave_ADDR
                0x080030ae       0x5a CMakeFiles/STM32F407ZGT6_TEMPLATE.elf.dir/Drivers/STM32F4xx_HAL_Driver/Src/stm32f4xx_hal_i2c.c.obj
 .text.HAL_I2C_ListenCpltCallback
                0x08003108        0x2 CMakeFiles/STM32F407ZGT6_TEMPLATE.elf.dir/Drivers/STM32F4xx_HAL_Driver/Src/stm32f4xx_hal_i2c.c.obj
                0x08003108                HAL_I2C_ListenCpltCallback
 *fill*         0x0800310a        0x2 
 .text.I2C_Slave_AF
                0x0800310c       0xa0 CMakeFiles/STM32F407ZGT6_TEMPLATE.elf.dir/Drivers/STM32F4xx_HAL_Driver/Src/stm32f4xx_hal_i2c.c.obj
 .text.HAL_I2C_MemTxCpltCallback
                0x080031ac        0x2 CMakeFiles/STM32F407ZGT6_TEMPLATE.elf.dir/Drivers/STM32F4xx_HAL_Driver/Src/stm32f4xx_hal_i2c.c.obj
                0x080031ac                HAL_I2C_MemTxCpltCallback
 .text.I2C_MasterTransmit_BTF
                0x080031ae       0x9e CMakeFiles/STM32F407ZGT6_TEMPLATE.elf.dir/Drivers/STM32F4xx_HAL_Driver/Src/stm32f4xx_hal_i2c.c.obj
 .text.I2C_MemoryTransmit_TXE_BTF
                0x0800324c       0xc4 CMakeFiles/STM32F407ZGT6_TEMPLATE.elf.dir/Drivers/STM32F4xx_HAL_Driver/Src/stm32f4xx_hal_i2c.c.obj
 .text.I2C_MasterTransmit_TXE
                0x08003310       0xd4 CMakeFiles/STM32F407ZGT6_TEMPLATE.elf.dir/Drivers/STM32F4xx_HAL_Driver/Src/stm32f4xx_hal_i2c.c.obj
 .text.HAL_I2C_MemRxCpltCallback
                0x080033e4        0x2 CMakeFiles/STM32F407ZGT6_TEMPLATE.elf.dir/Drivers/STM32F4xx_HAL_Driver/Src/stm32f4xx_hal_i2c.c.obj
                0x080033e4                HAL_I2C_MemRxCpltCallback
 .text.I2C_MasterReceive_BTF
                0x080033e6      0x140 CMakeFiles/STM32F407ZGT6_TEMPLATE.elf.dir/Drivers/STM32F4xx_HAL_Driver/Src/stm32f4xx_hal_i2c.c.obj
 .text.HAL_I2C_ErrorCallback
                0x08003526        0x2 CMakeFiles/STM32F407ZGT6_TEMPLATE.elf.dir/Drivers/STM32F4xx_HAL_Driver/Src/stm32f4xx_hal_i2c.c.obj
                0x08003526                HAL_I2C_ErrorCallback
 .text.I2C_MasterReceive_RXNE
                0x08003528      0x106 CMakeFiles/STM32F407ZGT6_TEMPLATE.elf.dir/Drivers/STM32F4xx_HAL_Driver/Src/stm32f4xx_hal_i2c.c.obj
 .text.HAL_I2C_AbortCpltCallback
                0x0800362e        0x2 CMakeFiles/STM32F407ZGT6_TEMPLATE.elf.dir/Drivers/STM32F4xx_HAL_Driver/Src/stm32f4xx_hal_i2c.c.obj
                0x0800362e                HAL_I2C_AbortCpltCallback
 .text.I2C_DMAAbort
                0x08003630       0xe4 CMakeFiles/STM32F407ZGT6_TEMPLATE.elf.dir/Drivers/STM32F4xx_HAL_Driver/Src/stm32f4xx_hal_i2c.c.obj
 .text.I2C_ITError
                0x08003714      0x178 CMakeFiles/STM32F407ZGT6_TEMPLATE.elf.dir/Drivers/STM32F4xx_HAL_Driver/Src/stm32f4xx_hal_i2c.c.obj
 .text.I2C_Slave_STOPF
                0x0800388c      0x18c CMakeFiles/STM32F407ZGT6_TEMPLATE.elf.dir/Drivers/STM32F4xx_HAL_Driver/Src/stm32f4xx_hal_i2c.c.obj
 .text.HAL_I2C_EV_IRQHandler
                0x08003a18      0x1a0 CMakeFiles/STM32F407ZGT6_TEMPLATE.elf.dir/Drivers/STM32F4xx_HAL_Driver/Src/stm32f4xx_hal_i2c.c.obj
                0x08003a18                HAL_I2C_EV_IRQHandler
 .text.HAL_I2C_ER_IRQHandler
                0x08003bb8       0xbc CMakeFiles/STM32F407ZGT6_TEMPLATE.elf.dir/Drivers/STM32F4xx_HAL_Driver/Src/stm32f4xx_hal_i2c.c.obj
                0x08003bb8                HAL_I2C_ER_IRQHandler
 .text.HAL_RCC_OscConfig
                0x08003c74      0x3f8 CMakeFiles/STM32F407ZGT6_TEMPLATE.elf.dir/Drivers/STM32F4xx_HAL_Driver/Src/stm32f4xx_hal_rcc.c.obj
                0x08003c74                HAL_RCC_OscConfig
 .text.HAL_RCC_GetSysClockFreq
                0x0800406c       0xdc CMakeFiles/STM32F407ZGT6_TEMPLATE.elf.dir/Drivers/STM32F4xx_HAL_Driver/Src/stm32f4xx_hal_rcc.c.obj
                0x0800406c                HAL_RCC_GetSysClockFreq
 .text.HAL_RCC_ClockConfig
                0x08004148      0x160 CMakeFiles/STM32F407ZGT6_TEMPLATE.elf.dir/Drivers/STM32F4xx_HAL_Driver/Src/stm32f4xx_hal_rcc.c.obj
                0x08004148                HAL_RCC_ClockConfig
 .text.HAL_RCC_GetHCLKFreq
                0x080042a8        0xc CMakeFiles/STM32F407ZGT6_TEMPLATE.elf.dir/Drivers/STM32F4xx_HAL_Driver/Src/stm32f4xx_hal_rcc.c.obj
                0x080042a8                HAL_RCC_GetHCLKFreq
 .text.HAL_RCC_GetPCLK1Freq
                0x080042b4       0x20 CMakeFiles/STM32F407ZGT6_TEMPLATE.elf.dir/Drivers/STM32F4xx_HAL_Driver/Src/stm32f4xx_hal_rcc.c.obj
                0x080042b4                HAL_RCC_GetPCLK1Freq
 .text.HAL_RCC_GetPCLK2Freq
                0x080042d4       0x20 CMakeFiles/STM32F407ZGT6_TEMPLATE.elf.dir/Drivers/STM32F4xx_HAL_Driver/Src/stm32f4xx_hal_rcc.c.obj
                0x080042d4                HAL_RCC_GetPCLK2Freq
 .text.SPI_WaitFlagStateUntilTimeout
                0x080042f4       0xc8 CMakeFiles/STM32F407ZGT6_TEMPLATE.elf.dir/Drivers/STM32F4xx_HAL_Driver/Src/stm32f4xx_hal_spi.c.obj
 .text.SPI_EndRxTxTransaction
                0x080043bc       0x80 CMakeFiles/STM32F407ZGT6_TEMPLATE.elf.dir/Drivers/STM32F4xx_HAL_Driver/Src/stm32f4xx_hal_spi.c.obj
 .text.SPI_EndRxTransaction
                0x0800443c       0x8c CMakeFiles/STM32F407ZGT6_TEMPLATE.elf.dir/Drivers/STM32F4xx_HAL_Driver/Src/stm32f4xx_hal_spi.c.obj
 .text.HAL_SPI_Init
                0x080044c8       0xbe CMakeFiles/STM32F407ZGT6_TEMPLATE.elf.dir/Drivers/STM32F4xx_HAL_Driver/Src/stm32f4xx_hal_spi.c.obj
                0x080044c8                HAL_SPI_Init
 .text.HAL_SPI_Transmit
                0x08004586      0x1c4 CMakeFiles/STM32F407ZGT6_TEMPLATE.elf.dir/Drivers/STM32F4xx_HAL_Driver/Src/stm32f4xx_hal_spi.c.obj
                0x08004586                HAL_SPI_Transmit
 .text.HAL_SPI_TransmitReceive
                0x0800474a      0x254 CMakeFiles/STM32F407ZGT6_TEMPLATE.elf.dir/Drivers/STM32F4xx_HAL_Driver/Src/stm32f4xx_hal_spi.c.obj
                0x0800474a                HAL_SPI_TransmitReceive
 .text.HAL_SPI_Receive
                0x0800499e      0x188 CMakeFiles/STM32F407ZGT6_TEMPLATE.elf.dir/Drivers/STM32F4xx_HAL_Driver/Src/stm32f4xx_hal_spi.c.obj
                0x0800499e                HAL_SPI_Receive
 .text.HAL_SPI_GetState
                0x08004b26        0x6 CMakeFiles/STM32F407ZGT6_TEMPLATE.elf.dir/Drivers/STM32F4xx_HAL_Driver/Src/stm32f4xx_hal_spi.c.obj
                0x08004b26                HAL_SPI_GetState
 .text.UART_EndRxTransfer
                0x08004b2c       0x5c CMakeFiles/STM32F407ZGT6_TEMPLATE.elf.dir/Drivers/STM32F4xx_HAL_Driver/Src/stm32f4xx_hal_uart.c.obj
 .text.UART_SetConfig
                0x08004b88      0x110 CMakeFiles/STM32F407ZGT6_TEMPLATE.elf.dir/Drivers/STM32F4xx_HAL_Driver/Src/stm32f4xx_hal_uart.c.obj
 .text.UART_WaitOnFlagUntilTimeout
                0x08004c98       0x86 CMakeFiles/STM32F407ZGT6_TEMPLATE.elf.dir/Drivers/STM32F4xx_HAL_Driver/Src/stm32f4xx_hal_uart.c.obj
 .text.HAL_UART_Init
                0x08004d1e       0x60 CMakeFiles/STM32F407ZGT6_TEMPLATE.elf.dir/Drivers/STM32F4xx_HAL_Driver/Src/stm32f4xx_hal_uart.c.obj
                0x08004d1e                HAL_UART_Init
 .text.HAL_UART_Transmit
                0x08004d7e       0xcc CMakeFiles/STM32F407ZGT6_TEMPLATE.elf.dir/Drivers/STM32F4xx_HAL_Driver/Src/stm32f4xx_hal_uart.c.obj
                0x08004d7e                HAL_UART_Transmit
 *fill*         0x08004e4a        0x2 
 .text.std      0x08004e4c       0x6c C:/ST/STM32CubeCLT_1.16.0/GNU-tools-for-STM32/bin/../lib/gcc/arm-none-eabi/12.3.1/../../../../arm-none-eabi/lib/thumb/v7e-m/nofp\libg.a(libc_a-findfp.o)
 .text.stdio_exit_handler
                0x08004eb8       0x18 C:/ST/STM32CubeCLT_1.16.0/GNU-tools-for-STM32/bin/../lib/gcc/arm-none-eabi/12.3.1/../../../../arm-none-eabi/lib/thumb/v7e-m/nofp\libg.a(libc_a-findfp.o)
 .text.cleanup_stdio
                0x08004ed0       0x40 C:/ST/STM32CubeCLT_1.16.0/GNU-tools-for-STM32/bin/../lib/gcc/arm-none-eabi/12.3.1/../../../../arm-none-eabi/lib/thumb/v7e-m/nofp\libg.a(libc_a-findfp.o)
 .text.global_stdio_init.part.0
                0x08004f10       0x3c C:/ST/STM32CubeCLT_1.16.0/GNU-tools-for-STM32/bin/../lib/gcc/arm-none-eabi/12.3.1/../../../../arm-none-eabi/lib/thumb/v7e-m/nofp\libg.a(libc_a-findfp.o)
 .text.__sfp_lock_acquire
                0x08004f4c        0xc C:/ST/STM32CubeCLT_1.16.0/GNU-tools-for-STM32/bin/../lib/gcc/arm-none-eabi/12.3.1/../../../../arm-none-eabi/lib/thumb/v7e-m/nofp\libg.a(libc_a-findfp.o)
                0x08004f4c                __sfp_lock_acquire
 .text.__sfp_lock_release
                0x08004f58        0xc C:/ST/STM32CubeCLT_1.16.0/GNU-tools-for-STM32/bin/../lib/gcc/arm-none-eabi/12.3.1/../../../../arm-none-eabi/lib/thumb/v7e-m/nofp\libg.a(libc_a-findfp.o)
                0x08004f58                __sfp_lock_release
 .text.__sinit  0x08004f64       0x30 C:/ST/STM32CubeCLT_1.16.0/GNU-tools-for-STM32/bin/../lib/gcc/arm-none-eabi/12.3.1/../../../../arm-none-eabi/lib/thumb/v7e-m/nofp\libg.a(libc_a-findfp.o)
                0x08004f64                __sinit
 .text._fwalk_sglue
                0x08004f94       0x3c C:/ST/STM32CubeCLT_1.16.0/GNU-tools-for-STM32/bin/../lib/gcc/arm-none-eabi/12.3.1/../../../../arm-none-eabi/lib/thumb/v7e-m/nofp\libg.a(libc_a-fwalk.o)
                0x08004f94                _fwalk_sglue
 .text.snprintf
                0x08004fd0       0x68 C:/ST/STM32CubeCLT_1.16.0/GNU-tools-for-STM32/bin/../lib/gcc/arm-none-eabi/12.3.1/../../../../arm-none-eabi/lib/thumb/v7e-m/nofp\libg.a(libc_a-snprintf.o)
                0x08004fd0                snprintf
 .text.__sread  0x08005038       0x22 C:/ST/STM32CubeCLT_1.16.0/GNU-tools-for-STM32/bin/../lib/gcc/arm-none-eabi/12.3.1/../../../../arm-none-eabi/lib/thumb/v7e-m/nofp\libg.a(libc_a-stdio.o)
                0x08005038                __sread
 .text.__swrite
                0x0800505a       0x38 C:/ST/STM32CubeCLT_1.16.0/GNU-tools-for-STM32/bin/../lib/gcc/arm-none-eabi/12.3.1/../../../../arm-none-eabi/lib/thumb/v7e-m/nofp\libg.a(libc_a-stdio.o)
                0x0800505a                __swrite
 .text.__sseek  0x08005092       0x24 C:/ST/STM32CubeCLT_1.16.0/GNU-tools-for-STM32/bin/../lib/gcc/arm-none-eabi/12.3.1/../../../../arm-none-eabi/lib/thumb/v7e-m/nofp\libg.a(libc_a-stdio.o)
                0x08005092                __sseek
 .text.__sclose
                0x080050b6        0x8 C:/ST/STM32CubeCLT_1.16.0/GNU-tools-for-STM32/bin/../lib/gcc/arm-none-eabi/12.3.1/../../../../arm-none-eabi/lib/thumb/v7e-m/nofp\libg.a(libc_a-stdio.o)
                0x080050b6                __sclose
 .text.memset   0x080050be       0x10 C:/ST/STM32CubeCLT_1.16.0/GNU-tools-for-STM32/bin/../lib/gcc/arm-none-eabi/12.3.1/../../../../arm-none-eabi/lib/thumb/v7e-m/nofp\libg.a(libc_a-memset.o)
                0x080050be                memset
 *fill*         0x080050ce        0x2 
 .text._close_r
                0x080050d0       0x20 C:/ST/STM32CubeCLT_1.16.0/GNU-tools-for-STM32/bin/../lib/gcc/arm-none-eabi/12.3.1/../../../../arm-none-eabi/lib/thumb/v7e-m/nofp\libg.a(libc_a-closer.o)
                0x080050d0                _close_r
 .text._lseek_r
                0x080050f0       0x24 C:/ST/STM32CubeCLT_1.16.0/GNU-tools-for-STM32/bin/../lib/gcc/arm-none-eabi/12.3.1/../../../../arm-none-eabi/lib/thumb/v7e-m/nofp\libg.a(libc_a-lseekr.o)
                0x080050f0                _lseek_r
 .text._read_r  0x08005114       0x24 C:/ST/STM32CubeCLT_1.16.0/GNU-tools-for-STM32/bin/../lib/gcc/arm-none-eabi/12.3.1/../../../../arm-none-eabi/lib/thumb/v7e-m/nofp\libg.a(libc_a-readr.o)
                0x08005114                _read_r
 .text._write_r
                0x08005138       0x24 C:/ST/STM32CubeCLT_1.16.0/GNU-tools-for-STM32/bin/../lib/gcc/arm-none-eabi/12.3.1/../../../../arm-none-eabi/lib/thumb/v7e-m/nofp\libg.a(libc_a-writer.o)
                0x08005138                _write_r
 .text.__errno  0x0800515c        0xc C:/ST/STM32CubeCLT_1.16.0/GNU-tools-for-STM32/bin/../lib/gcc/arm-none-eabi/12.3.1/../../../../arm-none-eabi/lib/thumb/v7e-m/nofp\libg.a(libc_a-errno.o)
                0x0800515c                __errno
 .text.__libc_init_array
                0x08005168       0x48 C:/ST/STM32CubeCLT_1.16.0/GNU-tools-for-STM32/bin/../lib/gcc/arm-none-eabi/12.3.1/../../../../arm-none-eabi/lib/thumb/v7e-m/nofp\libg.a(libc_a-init.o)
                0x08005168                __libc_init_array
 .text.__retarget_lock_init_recursive
                0x080051b0        0x2 C:/ST/STM32CubeCLT_1.16.0/GNU-tools-for-STM32/bin/../lib/gcc/arm-none-eabi/12.3.1/../../../../arm-none-eabi/lib/thumb/v7e-m/nofp\libg.a(libc_a-lock.o)
                0x080051b0                __retarget_lock_init_recursive
 .text.__retarget_lock_close_recursive
                0x080051b2        0x2 C:/ST/STM32CubeCLT_1.16.0/GNU-tools-for-STM32/bin/../lib/gcc/arm-none-eabi/12.3.1/../../../../arm-none-eabi/lib/thumb/v7e-m/nofp\libg.a(libc_a-lock.o)
                0x080051b2                __retarget_lock_close_recursive
 .text.__retarget_lock_acquire_recursive
                0x080051b4        0x2 C:/ST/STM32CubeCLT_1.16.0/GNU-tools-for-STM32/bin/../lib/gcc/arm-none-eabi/12.3.1/../../../../arm-none-eabi/lib/thumb/v7e-m/nofp\libg.a(libc_a-lock.o)
                0x080051b4                __retarget_lock_acquire_recursive
 .text.__retarget_lock_release_recursive
                0x080051b6        0x2 C:/ST/STM32CubeCLT_1.16.0/GNU-tools-for-STM32/bin/../lib/gcc/arm-none-eabi/12.3.1/../../../../arm-none-eabi/lib/thumb/v7e-m/nofp\libg.a(libc_a-lock.o)
                0x080051b6                __retarget_lock_release_recursive
 .text.memcpy   0x080051b8       0x1c C:/ST/STM32CubeCLT_1.16.0/GNU-tools-for-STM32/bin/../lib/gcc/arm-none-eabi/12.3.1/../../../../arm-none-eabi/lib/thumb/v7e-m/nofp\libg.a(libc_a-memcpy-stub.o)
                0x080051b8                memcpy
 .text.startup.register_fini
                0x080051d4       0x14 C:/ST/STM32CubeCLT_1.16.0/GNU-tools-for-STM32/bin/../lib/gcc/arm-none-eabi/12.3.1/../../../../arm-none-eabi/lib/thumb/v7e-m/nofp\libg.a(libc_a-__call_atexit.o)
 .text.atexit   0x080051e8        0xc C:/ST/STM32CubeCLT_1.16.0/GNU-tools-for-STM32/bin/../lib/gcc/arm-none-eabi/12.3.1/../../../../arm-none-eabi/lib/thumb/v7e-m/nofp\libg.a(libc_a-atexit.o)
                0x080051e8                atexit
 .text._malloc_trim_r
                0x080051f4       0xac C:/ST/STM32CubeCLT_1.16.0/GNU-tools-for-STM32/bin/../lib/gcc/arm-none-eabi/12.3.1/../../../../arm-none-eabi/lib/thumb/v7e-m/nofp\libg.a(libc_a-freer.o)
                0x080051f4                _malloc_trim_r
 .text._free_r  0x080052a0      0x180 C:/ST/STM32CubeCLT_1.16.0/GNU-tools-for-STM32/bin/../lib/gcc/arm-none-eabi/12.3.1/../../../../arm-none-eabi/lib/thumb/v7e-m/nofp\libg.a(libc_a-freer.o)
                0x080052a0                _free_r
 .text._malloc_r
                0x08005420      0x474 C:/ST/STM32CubeCLT_1.16.0/GNU-tools-for-STM32/bin/../lib/gcc/arm-none-eabi/12.3.1/../../../../arm-none-eabi/lib/thumb/v7e-m/nofp\libg.a(libc_a-mallocr.o)
                0x08005420                _malloc_r
 .text.__malloc_lock
                0x08005894        0xc C:/ST/STM32CubeCLT_1.16.0/GNU-tools-for-STM32/bin/../lib/gcc/arm-none-eabi/12.3.1/../../../../arm-none-eabi/lib/thumb/v7e-m/nofp\libg.a(libc_a-mlock.o)
                0x08005894                __malloc_lock
 .text.__malloc_unlock
                0x080058a0        0xc C:/ST/STM32CubeCLT_1.16.0/GNU-tools-for-STM32/bin/../lib/gcc/arm-none-eabi/12.3.1/../../../../arm-none-eabi/lib/thumb/v7e-m/nofp\libg.a(libc_a-mlock.o)
                0x080058a0                __malloc_unlock
 .text._svfprintf_r
                0x080058ac     0x1388 C:/ST/STM32CubeCLT_1.16.0/GNU-tools-for-STM32/bin/../lib/gcc/arm-none-eabi/12.3.1/../../../../arm-none-eabi/lib/thumb/v7e-m/nofp\libg.a(libc_a-svfprintf.o)
                0x080058ac                _svfprintf_r
 .text._fclose_r
                0x08006c34       0xaa C:/ST/STM32CubeCLT_1.16.0/GNU-tools-for-STM32/bin/../lib/gcc/arm-none-eabi/12.3.1/../../../../arm-none-eabi/lib/thumb/v7e-m/nofp\libg.a(libc_a-fclose.o)
                0x08006c34                _fclose_r
 *fill*         0x08006cde        0x2 
 .text.__sflush_r
                0x08006ce0      0x108 C:/ST/STM32CubeCLT_1.16.0/GNU-tools-for-STM32/bin/../lib/gcc/arm-none-eabi/12.3.1/../../../../arm-none-eabi/lib/thumb/v7e-m/nofp\libg.a(libc_a-fflush.o)
                0x08006ce0                __sflush_r
 .text._fflush_r
                0x08006de8       0x4a C:/ST/STM32CubeCLT_1.16.0/GNU-tools-for-STM32/bin/../lib/gcc/arm-none-eabi/12.3.1/../../../../arm-none-eabi/lib/thumb/v7e-m/nofp\libg.a(libc_a-fflush.o)
                0x08006de8                _fflush_r
 .text.strncpy  0x08006e32       0x26 C:/ST/STM32CubeCLT_1.16.0/GNU-tools-for-STM32/bin/../lib/gcc/arm-none-eabi/12.3.1/../../../../arm-none-eabi/lib/thumb/v7e-m/nofp\libg.a(libc_a-strncpy.o)
                0x08006e32                strncpy
 .text._localeconv_r
                0x08006e58        0x8 C:/ST/STM32CubeCLT_1.16.0/GNU-tools-for-STM32/bin/../lib/gcc/arm-none-eabi/12.3.1/../../../../arm-none-eabi/lib/thumb/v7e-m/nofp\libg.a(libc_a-localeconv.o)
                0x08006e58                _localeconv_r
 .text._sbrk_r  0x08006e60       0x20 C:/ST/STM32CubeCLT_1.16.0/GNU-tools-for-STM32/bin/../lib/gcc/arm-none-eabi/12.3.1/../../../../arm-none-eabi/lib/thumb/v7e-m/nofp\libg.a(libc_a-sbrkr.o)
                0x08006e60                _sbrk_r
 .text.__libc_fini_array
                0x08006e80       0x28 C:/ST/STM32CubeCLT_1.16.0/GNU-tools-for-STM32/bin/../lib/gcc/arm-none-eabi/12.3.1/../../../../arm-none-eabi/lib/thumb/v7e-m/nofp\libg.a(libc_a-fini.o)
                0x08006e80                __libc_fini_array
 .text.sysconf  0x08006ea8       0x18 C:/ST/STM32CubeCLT_1.16.0/GNU-tools-for-STM32/bin/../lib/gcc/arm-none-eabi/12.3.1/../../../../arm-none-eabi/lib/thumb/v7e-m/nofp\libg.a(libc_a-sysconf.o)
                0x08006ea8                sysconf
 .text.frexp    0x08006ec0       0x68 C:/ST/STM32CubeCLT_1.16.0/GNU-tools-for-STM32/bin/../lib/gcc/arm-none-eabi/12.3.1/../../../../arm-none-eabi/lib/thumb/v7e-m/nofp\libg.a(libm_a-s_frexp.o)
                0x08006ec0                frexp
 .text.__register_exitproc
                0x08006f28       0x80 C:/ST/STM32CubeCLT_1.16.0/GNU-tools-for-STM32/bin/../lib/gcc/arm-none-eabi/12.3.1/../../../../arm-none-eabi/lib/thumb/v7e-m/nofp\libg.a(libc_a-__atexit.o)
                0x08006f28                __register_exitproc
 .text.quorem   0x08006fa8      0x110 C:/ST/STM32CubeCLT_1.16.0/GNU-tools-for-STM32/bin/../lib/gcc/arm-none-eabi/12.3.1/../../../../arm-none-eabi/lib/thumb/v7e-m/nofp\libg.a(libc_a-dtoa.o)
 .text._dtoa_r  0x080070b8      0xb58 C:/ST/STM32CubeCLT_1.16.0/GNU-tools-for-STM32/bin/../lib/gcc/arm-none-eabi/12.3.1/../../../../arm-none-eabi/lib/thumb/v7e-m/nofp\libg.a(libc_a-dtoa.o)
                0x080070b8                _dtoa_r
 .text._Balloc  0x08007c10       0x4a C:/ST/STM32CubeCLT_1.16.0/GNU-tools-for-STM32/bin/../lib/gcc/arm-none-eabi/12.3.1/../../../../arm-none-eabi/lib/thumb/v7e-m/nofp\libg.a(libc_a-mprec.o)
                0x08007c10                _Balloc
 .text._Bfree   0x08007c5a       0x12 C:/ST/STM32CubeCLT_1.16.0/GNU-tools-for-STM32/bin/../lib/gcc/arm-none-eabi/12.3.1/../../../../arm-none-eabi/lib/thumb/v7e-m/nofp\libg.a(libc_a-mprec.o)
                0x08007c5a                _Bfree
 .text.__multadd
                0x08007c6c       0x8c C:/ST/STM32CubeCLT_1.16.0/GNU-tools-for-STM32/bin/../lib/gcc/arm-none-eabi/12.3.1/../../../../arm-none-eabi/lib/thumb/v7e-m/nofp\libg.a(libc_a-mprec.o)
                0x08007c6c                __multadd
 .text.__hi0bits
                0x08007cf8       0x3e C:/ST/STM32CubeCLT_1.16.0/GNU-tools-for-STM32/bin/../lib/gcc/arm-none-eabi/12.3.1/../../../../arm-none-eabi/lib/thumb/v7e-m/nofp\libg.a(libc_a-mprec.o)
                0x08007cf8                __hi0bits
 .text.__lo0bits
                0x08007d36       0x5a C:/ST/STM32CubeCLT_1.16.0/GNU-tools-for-STM32/bin/../lib/gcc/arm-none-eabi/12.3.1/../../../../arm-none-eabi/lib/thumb/v7e-m/nofp\libg.a(libc_a-mprec.o)
                0x08007d36                __lo0bits
 .text.__i2b    0x08007d90       0x2c C:/ST/STM32CubeCLT_1.16.0/GNU-tools-for-STM32/bin/../lib/gcc/arm-none-eabi/12.3.1/../../../../arm-none-eabi/lib/thumb/v7e-m/nofp\libg.a(libc_a-mprec.o)
                0x08007d90                __i2b
 .text.__multiply
                0x08007dbc      0x154 C:/ST/STM32CubeCLT_1.16.0/GNU-tools-for-STM32/bin/../lib/gcc/arm-none-eabi/12.3.1/../../../../arm-none-eabi/lib/thumb/v7e-m/nofp\libg.a(libc_a-mprec.o)
                0x08007dbc                __multiply
 .text.__pow5mult
                0x08007f10       0x80 C:/ST/STM32CubeCLT_1.16.0/GNU-tools-for-STM32/bin/../lib/gcc/arm-none-eabi/12.3.1/../../../../arm-none-eabi/lib/thumb/v7e-m/nofp\libg.a(libc_a-mprec.o)
                0x08007f10                __pow5mult
 .text.__lshift
                0x08007f90       0xd8 C:/ST/STM32CubeCLT_1.16.0/GNU-tools-for-STM32/bin/../lib/gcc/arm-none-eabi/12.3.1/../../../../arm-none-eabi/lib/thumb/v7e-m/nofp\libg.a(libc_a-mprec.o)
                0x08007f90                __lshift
 .text.__mcmp   0x08008068       0x36 C:/ST/STM32CubeCLT_1.16.0/GNU-tools-for-STM32/bin/../lib/gcc/arm-none-eabi/12.3.1/../../../../arm-none-eabi/lib/thumb/v7e-m/nofp\libg.a(libc_a-mprec.o)
                0x08008068                __mcmp
 *fill*         0x0800809e        0x2 
 .text.__mdiff  0x080080a0      0x124 C:/ST/STM32CubeCLT_1.16.0/GNU-tools-for-STM32/bin/../lib/gcc/arm-none-eabi/12.3.1/../../../../arm-none-eabi/lib/thumb/v7e-m/nofp\libg.a(libc_a-mprec.o)
                0x080080a0                __mdiff
 .text.__d2b    0x080081c4       0xb0 C:/ST/STM32CubeCLT_1.16.0/GNU-tools-for-STM32/bin/../lib/gcc/arm-none-eabi/12.3.1/../../../../arm-none-eabi/lib/thumb/v7e-m/nofp\libg.a(libc_a-mprec.o)
                0x080081c4                __d2b
 .text.__ssprint_r
                0x08008274       0xfa C:/ST/STM32CubeCLT_1.16.0/GNU-tools-for-STM32/bin/../lib/gcc/arm-none-eabi/12.3.1/../../../../arm-none-eabi/lib/thumb/v7e-m/nofp\libg.a(libc_a-svfiprintf.o)
                0x08008274                __ssprint_r
 .text.memmove  0x0800836e       0x34 C:/ST/STM32CubeCLT_1.16.0/GNU-tools-for-STM32/bin/../lib/gcc/arm-none-eabi/12.3.1/../../../../arm-none-eabi/lib/thumb/v7e-m/nofp\libg.a(libc_a-memmove.o)
                0x0800836e                memmove
 *fill*         0x080083a2        0x2 
 .text.__locale_mb_cur_max
                0x080083a4        0xc C:/ST/STM32CubeCLT_1.16.0/GNU-tools-for-STM32/bin/../lib/gcc/arm-none-eabi/12.3.1/../../../../arm-none-eabi/lib/thumb/v7e-m/nofp\libg.a(libc_a-locale.o)
                0x080083a4                __locale_mb_cur_max
 .text.__assert_func
                0x080083b0       0x3c C:/ST/STM32CubeCLT_1.16.0/GNU-tools-for-STM32/bin/../lib/gcc/arm-none-eabi/12.3.1/../../../../arm-none-eabi/lib/thumb/v7e-m/nofp\libg.a(libc_a-assert.o)
                0x080083b0                __assert_func
 .text._calloc_r
                0x080083ec       0x6a C:/ST/STM32CubeCLT_1.16.0/GNU-tools-for-STM32/bin/../lib/gcc/arm-none-eabi/12.3.1/../../../../arm-none-eabi/lib/thumb/v7e-m/nofp\libg.a(libc_a-callocr.o)
                0x080083ec                _calloc_r
 .text.__ascii_mbtowc
                0x08008456       0x24 C:/ST/STM32CubeCLT_1.16.0/GNU-tools-for-STM32/bin/../lib/gcc/arm-none-eabi/12.3.1/../../../../arm-none-eabi/lib/thumb/v7e-m/nofp\libg.a(libc_a-mbtowc_r.o)
                0x08008456                __ascii_mbtowc
 *fill*         0x0800847a        0x2 
 .text._realloc_r
                0x0800847c      0x350 C:/ST/STM32CubeCLT_1.16.0/GNU-tools-for-STM32/bin/../lib/gcc/arm-none-eabi/12.3.1/../../../../arm-none-eabi/lib/thumb/v7e-m/nofp\libg.a(libc_a-reallocr.o)
                0x0800847c                _realloc_r
 .text.__ascii_wctomb
                0x080087cc       0x1a C:/ST/STM32CubeCLT_1.16.0/GNU-tools-for-STM32/bin/../lib/gcc/arm-none-eabi/12.3.1/../../../../arm-none-eabi/lib/thumb/v7e-m/nofp\libg.a(libc_a-wctomb_r.o)
                0x080087cc                __ascii_wctomb
 *fill*         0x080087e6        0x2 
 .text.fiprintf
                0x080087e8       0x24 C:/ST/STM32CubeCLT_1.16.0/GNU-tools-for-STM32/bin/../lib/gcc/arm-none-eabi/12.3.1/../../../../arm-none-eabi/lib/thumb/v7e-m/nofp\libg.a(libc_a-fiprintf.o)
                0x080087e8                fiprintf
 .text.__sprint_r
                0x0800880c       0x64 C:/ST/STM32CubeCLT_1.16.0/GNU-tools-for-STM32/bin/../lib/gcc/arm-none-eabi/12.3.1/../../../../arm-none-eabi/lib/thumb/v7e-m/nofp\libg.a(libc_a-vfiprintf.o)
                0x0800880c                __sprint_r
 .text._vfiprintf_r
                0x08008870      0x918 C:/ST/STM32CubeCLT_1.16.0/GNU-tools-for-STM32/bin/../lib/gcc/arm-none-eabi/12.3.1/../../../../arm-none-eabi/lib/thumb/v7e-m/nofp\libg.a(libc_a-vfiprintf.o)
                0x08008870                _vfiprintf_r
 .text.__sbprintf
                0x08009188       0x80 C:/ST/STM32CubeCLT_1.16.0/GNU-tools-for-STM32/bin/../lib/gcc/arm-none-eabi/12.3.1/../../../../arm-none-eabi/lib/thumb/v7e-m/nofp\libg.a(libc_a-vfiprintf.o)
 .text.__sfvwrite_r
                0x08009208      0x298 C:/ST/STM32CubeCLT_1.16.0/GNU-tools-for-STM32/bin/../lib/gcc/arm-none-eabi/12.3.1/../../../../arm-none-eabi/lib/thumb/v7e-m/nofp\libg.a(libc_a-fvwrite.o)
                0x08009208                __sfvwrite_r
 .text.__swsetup_r
                0x080094a0       0xac C:/ST/STM32CubeCLT_1.16.0/GNU-tools-for-STM32/bin/../lib/gcc/arm-none-eabi/12.3.1/../../../../arm-none-eabi/lib/thumb/v7e-m/nofp\libg.a(libc_a-wsetup.o)
                0x080094a0                __swsetup_r
 .text.__fputwc
                0x0800954c       0x82 C:/ST/STM32CubeCLT_1.16.0/GNU-tools-for-STM32/bin/../lib/gcc/arm-none-eabi/12.3.1/../../../../arm-none-eabi/lib/thumb/v7e-m/nofp\libg.a(libc_a-fputwc.o)
                0x0800954c                __fputwc
 .text._fputwc_r
                0x080095ce       0x52 C:/ST/STM32CubeCLT_1.16.0/GNU-tools-for-STM32/bin/../lib/gcc/arm-none-eabi/12.3.1/../../../../arm-none-eabi/lib/thumb/v7e-m/nofp\libg.a(libc_a-fputwc.o)
                0x080095ce                _fputwc_r
 .text.abort    0x08009620        0xe C:/ST/STM32CubeCLT_1.16.0/GNU-tools-for-STM32/bin/../lib/gcc/arm-none-eabi/12.3.1/../../../../arm-none-eabi/lib/thumb/v7e-m/nofp\libg.a(libc_a-abort.o)
                0x08009620                abort
 *fill*         0x0800962e        0x2 
 .text._wcrtomb_r
                0x08009630       0x2c C:/ST/STM32CubeCLT_1.16.0/GNU-tools-for-STM32/bin/../lib/gcc/arm-none-eabi/12.3.1/../../../../arm-none-eabi/lib/thumb/v7e-m/nofp\libg.a(libc_a-wcrtomb.o)
                0x08009630                _wcrtomb_r
 .text.__swhatbuf_r
                0x0800965c       0x50 C:/ST/STM32CubeCLT_1.16.0/GNU-tools-for-STM32/bin/../lib/gcc/arm-none-eabi/12.3.1/../../../../arm-none-eabi/lib/thumb/v7e-m/nofp\libg.a(libc_a-makebuf.o)
                0x0800965c                __swhatbuf_r
 .text.__smakebuf_r
                0x080096ac       0x78 C:/ST/STM32CubeCLT_1.16.0/GNU-tools-for-STM32/bin/../lib/gcc/arm-none-eabi/12.3.1/../../../../arm-none-eabi/lib/thumb/v7e-m/nofp\libg.a(libc_a-makebuf.o)
                0x080096ac                __smakebuf_r
 .text.__swbuf_r
                0x08009724       0x92 C:/ST/STM32CubeCLT_1.16.0/GNU-tools-for-STM32/bin/../lib/gcc/arm-none-eabi/12.3.1/../../../../arm-none-eabi/lib/thumb/v7e-m/nofp\libg.a(libc_a-wbuf.o)
                0x08009724                __swbuf_r
 .text._raise_r
                0x080097b6       0x52 C:/ST/STM32CubeCLT_1.16.0/GNU-tools-for-STM32/bin/../lib/gcc/arm-none-eabi/12.3.1/../../../../arm-none-eabi/lib/thumb/v7e-m/nofp\libg.a(libc_a-signal.o)
                0x080097b6                _raise_r
 .text.raise    0x08009808       0x10 C:/ST/STM32CubeCLT_1.16.0/GNU-tools-for-STM32/bin/../lib/gcc/arm-none-eabi/12.3.1/../../../../arm-none-eabi/lib/thumb/v7e-m/nofp\libg.a(libc_a-signal.o)
                0x08009808                raise
 .text._fstat_r
                0x08009818       0x24 C:/ST/STM32CubeCLT_1.16.0/GNU-tools-for-STM32/bin/../lib/gcc/arm-none-eabi/12.3.1/../../../../arm-none-eabi/lib/thumb/v7e-m/nofp\libg.a(libc_a-fstatr.o)
                0x08009818                _fstat_r
 .text._isatty_r
                0x0800983c       0x20 C:/ST/STM32CubeCLT_1.16.0/GNU-tools-for-STM32/bin/../lib/gcc/arm-none-eabi/12.3.1/../../../../arm-none-eabi/lib/thumb/v7e-m/nofp\libg.a(libc_a-isattyr.o)
                0x0800983c                _isatty_r
 .text._kill_r  0x0800985c       0x24 C:/ST/STM32CubeCLT_1.16.0/GNU-tools-for-STM32/bin/../lib/gcc/arm-none-eabi/12.3.1/../../../../arm-none-eabi/lib/thumb/v7e-m/nofp\libg.a(libc_a-signalr.o)
                0x0800985c                _kill_r
 .text._getpid_r
                0x08009880        0x4 C:/ST/STM32CubeCLT_1.16.0/GNU-tools-for-STM32/bin/../lib/gcc/arm-none-eabi/12.3.1/../../../../arm-none-eabi/lib/thumb/v7e-m/nofp\libg.a(libc_a-signalr.o)
                0x08009880                _getpid_r
 *(.glue_7)
 .glue_7        0x08009884        0x0 linker stubs
 *(.glue_7t)
 .glue_7t       0x08009884        0x0 linker stubs
 *(.eh_frame)
 .eh_frame      0x08009884        0x0 C:/ST/STM32CubeCLT_1.16.0/GNU-tools-for-STM32/bin/../lib/gcc/arm-none-eabi/12.3.1/thumb/v7e-m/nofp/crtbegin.o
 *(.init)
 .init          0x08009884        0x4 C:/ST/STM32CubeCLT_1.16.0/GNU-tools-for-STM32/bin/../lib/gcc/arm-none-eabi/12.3.1/thumb/v7e-m/nofp/crti.o
                0x08009884                _init
 .init          0x08009888        0x8 C:/ST/STM32CubeCLT_1.16.0/GNU-tools-for-STM32/bin/../lib/gcc/arm-none-eabi/12.3.1/thumb/v7e-m/nofp/crtn.o
 *(.fini)
 .fini          0x08009890        0x4 C:/ST/STM32CubeCLT_1.16.0/GNU-tools-for-STM32/bin/../lib/gcc/arm-none-eabi/12.3.1/thumb/v7e-m/nofp/crti.o
                0x08009890                _fini
 .fini          0x08009894        0x8 C:/ST/STM32CubeCLT_1.16.0/GNU-tools-for-STM32/bin/../lib/gcc/arm-none-eabi/12.3.1/thumb/v7e-m/nofp/crtn.o
                0x0800989c                        . = ALIGN (0x4)
                0x0800989c                        _etext = .

.vfp11_veneer   0x0800989c        0x0
 .vfp11_veneer  0x0800989c        0x0 linker stubs

.v4_bx          0x0800989c        0x0
 .v4_bx         0x0800989c        0x0 linker stubs

.iplt           0x0800989c        0x0
 .iplt          0x0800989c        0x0 C:/ST/STM32CubeCLT_1.16.0/GNU-tools-for-STM32/bin/../lib/gcc/arm-none-eabi/12.3.1/thumb/v7e-m/nofp/crtbegin.o

.rodata         0x080098a0      0x458
                0x080098a0                        . = ALIGN (0x4)
 *(.rodata)
 .rodata        0x080098a0        0x3 CMakeFiles/STM32F407ZGT6_TEMPLATE.elf.dir/Core/Src/MPU9250.c.obj
 *(.rodata*)
 *fill*         0x080098a3        0x1 
 .rodata.main.str1.4
                0x080098a4       0xac CMakeFiles/STM32F407ZGT6_TEMPLATE.elf.dir/Core/Src/main.c.obj
 .rodata.APBPrescTable
                0x08009950        0x8 CMakeFiles/STM32F407ZGT6_TEMPLATE.elf.dir/Core/Src/system_stm32f4xx.c.obj
                0x08009950                APBPrescTable
 .rodata.AHBPrescTable
                0x08009958       0x10 CMakeFiles/STM32F407ZGT6_TEMPLATE.elf.dir/Core/Src/system_stm32f4xx.c.obj
                0x08009958                AHBPrescTable
 .rodata.flagBitshiftOffset.0
                0x08009968        0x8 CMakeFiles/STM32F407ZGT6_TEMPLATE.elf.dir/Drivers/STM32F4xx_HAL_Driver/Src/stm32f4xx_hal_dma.c.obj
 .rodata._svfprintf_r.str1.1
                0x08009970       0x34 C:/ST/STM32CubeCLT_1.16.0/GNU-tools-for-STM32/bin/../lib/gcc/arm-none-eabi/12.3.1/../../../../arm-none-eabi/lib/thumb/v7e-m/nofp\libg.a(libc_a-svfprintf.o)
 .rodata.zeroes.0
                0x080099a4       0x10 C:/ST/STM32CubeCLT_1.16.0/GNU-tools-for-STM32/bin/../lib/gcc/arm-none-eabi/12.3.1/../../../../arm-none-eabi/lib/thumb/v7e-m/nofp\libg.a(libc_a-svfprintf.o)
 .rodata.blanks.1
                0x080099b4       0x10 C:/ST/STM32CubeCLT_1.16.0/GNU-tools-for-STM32/bin/../lib/gcc/arm-none-eabi/12.3.1/../../../../arm-none-eabi/lib/thumb/v7e-m/nofp\libg.a(libc_a-svfprintf.o)
 .rodata._dtoa_r.str1.1
                0x080099c4       0x76 C:/ST/STM32CubeCLT_1.16.0/GNU-tools-for-STM32/bin/../lib/gcc/arm-none-eabi/12.3.1/../../../../arm-none-eabi/lib/thumb/v7e-m/nofp\libg.a(libc_a-dtoa.o)
                                 0x78 (size before relaxing)
 .rodata.__multadd.str1.1
                0x08009a3a       0x59 C:/ST/STM32CubeCLT_1.16.0/GNU-tools-for-STM32/bin/../lib/gcc/arm-none-eabi/12.3.1/../../../../arm-none-eabi/lib/thumb/v7e-m/nofp\libg.a(libc_a-mprec.o)
                                 0x6a (size before relaxing)
 *fill*         0x08009a93        0x1 
 .rodata.p05.0  0x08009a94        0xc C:/ST/STM32CubeCLT_1.16.0/GNU-tools-for-STM32/bin/../lib/gcc/arm-none-eabi/12.3.1/../../../../arm-none-eabi/lib/thumb/v7e-m/nofp\libg.a(libc_a-mprec.o)
 .rodata.__mprec_bigtens
                0x08009aa0       0x28 C:/ST/STM32CubeCLT_1.16.0/GNU-tools-for-STM32/bin/../lib/gcc/arm-none-eabi/12.3.1/../../../../arm-none-eabi/lib/thumb/v7e-m/nofp\libg.a(libc_a-mprec.o)
                0x08009aa0                __mprec_bigtens
 .rodata.__mprec_tens
                0x08009ac8       0xc8 C:/ST/STM32CubeCLT_1.16.0/GNU-tools-for-STM32/bin/../lib/gcc/arm-none-eabi/12.3.1/../../../../arm-none-eabi/lib/thumb/v7e-m/nofp\libg.a(libc_a-mprec.o)
                0x08009ac8                __mprec_tens
 .rodata._setlocale_r.str1.1
                0x08009b90        0x8 C:/ST/STM32CubeCLT_1.16.0/GNU-tools-for-STM32/bin/../lib/gcc/arm-none-eabi/12.3.1/../../../../arm-none-eabi/lib/thumb/v7e-m/nofp\libg.a(libc_a-locale.o)
                                  0x9 (size before relaxing)
 .rodata.str1.1
                0x08009b98        0x2 C:/ST/STM32CubeCLT_1.16.0/GNU-tools-for-STM32/bin/../lib/gcc/arm-none-eabi/12.3.1/../../../../arm-none-eabi/lib/thumb/v7e-m/nofp\libg.a(libc_a-locale.o)
 .rodata.__assert_func.str1.1
                0x08009b9a       0x3c C:/ST/STM32CubeCLT_1.16.0/GNU-tools-for-STM32/bin/../lib/gcc/arm-none-eabi/12.3.1/../../../../arm-none-eabi/lib/thumb/v7e-m/nofp\libg.a(libc_a-assert.o)
                                 0x3d (size before relaxing)
 .rodata._ctype_
                0x08009bd6      0x101 C:/ST/STM32CubeCLT_1.16.0/GNU-tools-for-STM32/bin/../lib/gcc/arm-none-eabi/12.3.1/../../../../arm-none-eabi/lib/thumb/v7e-m/nofp\libg.a(libc_a-ctype_.o)
                0x08009bd6                _ctype_
 .rodata._vfiprintf_r.str1.1
                0x08009cd7       0x22 C:/ST/STM32CubeCLT_1.16.0/GNU-tools-for-STM32/bin/../lib/gcc/arm-none-eabi/12.3.1/../../../../arm-none-eabi/lib/thumb/v7e-m/nofp\libg.a(libc_a-vfiprintf.o)
 .rodata.zeroes.0
                0x08009cd7       0x10 C:/ST/STM32CubeCLT_1.16.0/GNU-tools-for-STM32/bin/../lib/gcc/arm-none-eabi/12.3.1/../../../../arm-none-eabi/lib/thumb/v7e-m/nofp\libg.a(libc_a-vfiprintf.o)
 .rodata.blanks.1
                0x08009ce7       0x10 C:/ST/STM32CubeCLT_1.16.0/GNU-tools-for-STM32/bin/../lib/gcc/arm-none-eabi/12.3.1/../../../../arm-none-eabi/lib/thumb/v7e-m/nofp\libg.a(libc_a-vfiprintf.o)
                0x08009cfc                        . = ALIGN (0x4)
 *fill*         0x08009cf7        0x1 

.ARM.extab      0x08009cf8        0x0
                0x08009cf8                        . = ALIGN (0x4)
 *(.ARM.extab* .gnu.linkonce.armextab.*)
                0x08009cf8                        . = ALIGN (0x4)

.ARM            0x08009cf8        0x8
                0x08009cf8                        . = ALIGN (0x4)
                0x08009cf8                        __exidx_start = .
 *(.ARM.exidx*)
 .ARM.exidx     0x08009cf8        0x8 C:/ST/STM32CubeCLT_1.16.0/GNU-tools-for-STM32/bin/../lib/gcc/arm-none-eabi/12.3.1/thumb/v7e-m/nofp\libgcc.a(_udivmoddi4.o)
 .ARM.exidx     0x08009d00        0x0 C:/ST/STM32CubeCLT_1.16.0/GNU-tools-for-STM32/bin/../lib/gcc/arm-none-eabi/12.3.1/../../../../arm-none-eabi/lib/thumb/v7e-m/nofp\libg.a(libc_a-strlen.o)
                                  0x8 (size before relaxing)
 .ARM.exidx     0x08009d00        0x0 C:/ST/STM32CubeCLT_1.16.0/GNU-tools-for-STM32/bin/../lib/gcc/arm-none-eabi/12.3.1/../../../../arm-none-eabi/lib/thumb/v7e-m/nofp\libg.a(libc_a-memchr.o)
                                  0x8 (size before relaxing)
                0x08009d00                        __exidx_end = .
                0x08009d00                        . = ALIGN (0x4)

.preinit_array  0x08009d00        0x0
                0x08009d00                        . = ALIGN (0x4)
                0x08009d00                        PROVIDE (__preinit_array_start = .)
 *(.preinit_array*)
                0x08009d00                        PROVIDE (__preinit_array_end = .)
                0x08009d00                        . = ALIGN (0x4)

.init_array     0x08009d00        0x8
                0x08009d00                        . = ALIGN (0x4)
                0x08009d00                        PROVIDE (__init_array_start = .)
 *(SORT_BY_NAME(.init_array.*))
 .init_array.00000
                0x08009d00        0x4 C:/ST/STM32CubeCLT_1.16.0/GNU-tools-for-STM32/bin/../lib/gcc/arm-none-eabi/12.3.1/../../../../arm-none-eabi/lib/thumb/v7e-m/nofp\libg.a(libc_a-__call_atexit.o)
 *(.init_array*)
 .init_array    0x08009d04        0x4 C:/ST/STM32CubeCLT_1.16.0/GNU-tools-for-STM32/bin/../lib/gcc/arm-none-eabi/12.3.1/thumb/v7e-m/nofp/crtbegin.o
                0x08009d08                        PROVIDE (__init_array_end = .)
                0x08009d08                        . = ALIGN (0x4)

.fini_array     0x08009d08        0x4
                0x08009d08                        . = ALIGN (0x4)
                0x08009d08                        PROVIDE (__fini_array_start = .)
 *(SORT_BY_NAME(.fini_array.*))
 *(.fini_array*)
 .fini_array    0x08009d08        0x4 C:/ST/STM32CubeCLT_1.16.0/GNU-tools-for-STM32/bin/../lib/gcc/arm-none-eabi/12.3.1/thumb/v7e-m/nofp/crtbegin.o
                0x08009d0c                        PROVIDE (__fini_array_end = .)
                0x08009d0c                        . = ALIGN (0x4)
                0x08009d0c                        _sidata = LOADADDR (.data)

.rel.dyn        0x08009d0c        0x0
 .rel.iplt      0x08009d0c        0x0 C:/ST/STM32CubeCLT_1.16.0/GNU-tools-for-STM32/bin/../lib/gcc/arm-none-eabi/12.3.1/thumb/v7e-m/nofp/crtbegin.o

.data           0x20000000      0x6c8 load address 0x08009d0c
                0x20000000                        . = ALIGN (0x4)
                0x20000000                        _sdata = .
 *(.data)
 *(.data*)
 .data.mpu_2    0x20000000        0x4 CMakeFiles/STM32F407ZGT6_TEMPLATE.elf.dir/Core/Src/main.c.obj
                0x20000000                mpu_2
 .data.mpu_1    0x20000004        0x4 CMakeFiles/STM32F407ZGT6_TEMPLATE.elf.dir/Core/Src/main.c.obj
                0x20000004                mpu_1
 .data.SystemCoreClock
                0x20000008        0x4 CMakeFiles/STM32F407ZGT6_TEMPLATE.elf.dir/Core/Src/system_stm32f4xx.c.obj
                0x20000008                SystemCoreClock
 .data.uwTickFreq
                0x2000000c        0x1 CMakeFiles/STM32F407ZGT6_TEMPLATE.elf.dir/Drivers/STM32F4xx_HAL_Driver/Src/stm32f4xx_hal.c.obj
                0x2000000c                uwTickFreq
 *fill*         0x2000000d        0x3 
 .data.uwTickPrio
                0x20000010        0x4 CMakeFiles/STM32F407ZGT6_TEMPLATE.elf.dir/Drivers/STM32F4xx_HAL_Driver/Src/stm32f4xx_hal.c.obj
                0x20000010                uwTickPrio
 .data.__sglue  0x20000014        0xc C:/ST/STM32CubeCLT_1.16.0/GNU-tools-for-STM32/bin/../lib/gcc/arm-none-eabi/12.3.1/../../../../arm-none-eabi/lib/thumb/v7e-m/nofp\libg.a(libc_a-findfp.o)
                0x20000014                __sglue
 .data._impure_ptr
                0x20000020        0x4 C:/ST/STM32CubeCLT_1.16.0/GNU-tools-for-STM32/bin/../lib/gcc/arm-none-eabi/12.3.1/../../../../arm-none-eabi/lib/thumb/v7e-m/nofp\libg.a(libc_a-impure.o)
                0x20000020                _impure_ptr
 *fill*         0x20000024        0x4 
 .data._impure_data
                0x20000028      0x120 C:/ST/STM32CubeCLT_1.16.0/GNU-tools-for-STM32/bin/../lib/gcc/arm-none-eabi/12.3.1/../../../../arm-none-eabi/lib/thumb/v7e-m/nofp\libg.a(libc_a-impure.o)
                0x20000028                _impure_data
 .data.__atexit_recursive_mutex
                0x20000148        0x4 C:/ST/STM32CubeCLT_1.16.0/GNU-tools-for-STM32/bin/../lib/gcc/arm-none-eabi/12.3.1/../../../../arm-none-eabi/lib/thumb/v7e-m/nofp\libg.a(libc_a-__call_atexit.o)
                0x20000148                __atexit_recursive_mutex
 .data.__malloc_sbrk_base
                0x2000014c        0x4 C:/ST/STM32CubeCLT_1.16.0/GNU-tools-for-STM32/bin/../lib/gcc/arm-none-eabi/12.3.1/../../../../arm-none-eabi/lib/thumb/v7e-m/nofp\libg.a(libc_a-mallocr.o)
                0x2000014c                __malloc_sbrk_base
 .data.__malloc_trim_threshold
                0x20000150        0x4 C:/ST/STM32CubeCLT_1.16.0/GNU-tools-for-STM32/bin/../lib/gcc/arm-none-eabi/12.3.1/../../../../arm-none-eabi/lib/thumb/v7e-m/nofp\libg.a(libc_a-mallocr.o)
                0x20000150                __malloc_trim_threshold
 .data.__malloc_av_
                0x20000154      0x408 C:/ST/STM32CubeCLT_1.16.0/GNU-tools-for-STM32/bin/../lib/gcc/arm-none-eabi/12.3.1/../../../../arm-none-eabi/lib/thumb/v7e-m/nofp\libg.a(libc_a-mallocr.o)
                0x20000154                __malloc_av_
 .data.__global_locale
                0x2000055c      0x16c C:/ST/STM32CubeCLT_1.16.0/GNU-tools-for-STM32/bin/../lib/gcc/arm-none-eabi/12.3.1/../../../../arm-none-eabi/lib/thumb/v7e-m/nofp\libg.a(libc_a-locale.o)
                0x2000055c                __global_locale
 *(.RamFunc)
 *(.RamFunc*)
                0x200006c8                        . = ALIGN (0x4)
                0x200006c8                        _edata = .
                0x0800a3d4                        _siccmram = LOADADDR (.ccmram)

.igot.plt       0x200006c8        0x0 load address 0x0800a3d4
 .igot.plt      0x200006c8        0x0 C:/ST/STM32CubeCLT_1.16.0/GNU-tools-for-STM32/bin/../lib/gcc/arm-none-eabi/12.3.1/thumb/v7e-m/nofp/crtbegin.o

.ccmram         0x10000000        0x0 load address 0x0800a3d4
                0x10000000                        . = ALIGN (0x4)
                0x10000000                        _sccmram = .
 *(.ccmram)
 *(.ccmram*)
                0x10000000                        . = ALIGN (0x4)
                0x10000000                        _eccmram = .
                0x10000000                        . = ALIGN (0x4)

.bss            0x200006c8      0x6d8
                0x200006c8                        _sbss = .
                0x200006c8                        __bss_start__ = _sbss
 *(.bss)
 .bss           0x200006c8       0x1c C:/ST/STM32CubeCLT_1.16.0/GNU-tools-for-STM32/bin/../lib/gcc/arm-none-eabi/12.3.1/thumb/v7e-m/nofp/crtbegin.o
 *(.bss*)
 .bss.i         0x200006e4        0x2 CMakeFiles/STM32F407ZGT6_TEMPLATE.elf.dir/Core/Src/MPU9250.c.obj
 *fill*         0x200006e6        0x2 
 .bss.dataBuf   0x200006e8       0x10 CMakeFiles/STM32F407ZGT6_TEMPLATE.elf.dir/Core/Src/MPU9250.c.obj
 .bss.mpu_instance_2
                0x200006f8       0x98 CMakeFiles/STM32F407ZGT6_TEMPLATE.elf.dir/Core/Src/main.c.obj
                0x200006f8                mpu_instance_2
 .bss.mpu_instance_1
                0x20000790       0x98 CMakeFiles/STM32F407ZGT6_TEMPLATE.elf.dir/Core/Src/main.c.obj
                0x20000790                mpu_instance_1
 .bss.mpu9250_WhoAmI
                0x20000828        0x1 CMakeFiles/STM32F407ZGT6_TEMPLATE.elf.dir/Core/Src/main.c.obj
                0x20000828                mpu9250_WhoAmI
 .bss.ak8963_WhoAmI
                0x20000829        0x1 CMakeFiles/STM32F407ZGT6_TEMPLATE.elf.dir/Core/Src/main.c.obj
                0x20000829                ak8963_WhoAmI
 *fill*         0x2000082a        0x2 
 .bss.huart1    0x2000082c       0x48 CMakeFiles/STM32F407ZGT6_TEMPLATE.elf.dir/Core/Src/main.c.obj
                0x2000082c                huart1
 .bss.hdma_spi1_tx
                0x20000874       0x60 CMakeFiles/STM32F407ZGT6_TEMPLATE.elf.dir/Core/Src/main.c.obj
                0x20000874                hdma_spi1_tx
 .bss.hdma_spi1_rx
                0x200008d4       0x60 CMakeFiles/STM32F407ZGT6_TEMPLATE.elf.dir/Core/Src/main.c.obj
                0x200008d4                hdma_spi1_rx
 .bss.hspi2     0x20000934       0x58 CMakeFiles/STM32F407ZGT6_TEMPLATE.elf.dir/Core/Src/main.c.obj
                0x20000934                hspi2
 .bss.hspi1     0x2000098c       0x58 CMakeFiles/STM32F407ZGT6_TEMPLATE.elf.dir/Core/Src/main.c.obj
                0x2000098c                hspi1
 .bss.hi2c2     0x200009e4       0x54 CMakeFiles/STM32F407ZGT6_TEMPLATE.elf.dir/Core/Src/main.c.obj
                0x200009e4                hi2c2
 .bss.hi2c1     0x20000a38       0x54 CMakeFiles/STM32F407ZGT6_TEMPLATE.elf.dir/Core/Src/main.c.obj
                0x20000a38                hi2c1
 .bss.__sbrk_heap_end
                0x20000a8c        0x4 CMakeFiles/STM32F407ZGT6_TEMPLATE.elf.dir/Core/Src/sysmem.c.obj
 .bss.uwTick    0x20000a90        0x4 CMakeFiles/STM32F407ZGT6_TEMPLATE.elf.dir/Drivers/STM32F4xx_HAL_Driver/Src/stm32f4xx_hal.c.obj
                0x20000a90                uwTick
 .bss.__sf      0x20000a94      0x138 C:/ST/STM32CubeCLT_1.16.0/GNU-tools-for-STM32/bin/../lib/gcc/arm-none-eabi/12.3.1/../../../../arm-none-eabi/lib/thumb/v7e-m/nofp\libg.a(libc_a-findfp.o)
                0x20000a94                __sf
 .bss.__stdio_exit_handler
                0x20000bcc        0x4 C:/ST/STM32CubeCLT_1.16.0/GNU-tools-for-STM32/bin/../lib/gcc/arm-none-eabi/12.3.1/../../../../arm-none-eabi/lib/thumb/v7e-m/nofp\libg.a(libc_a-findfp.o)
                0x20000bcc                __stdio_exit_handler
 .bss.errno     0x20000bd0        0x4 C:/ST/STM32CubeCLT_1.16.0/GNU-tools-for-STM32/bin/../lib/gcc/arm-none-eabi/12.3.1/../../../../arm-none-eabi/lib/thumb/v7e-m/nofp\libg.a(libc_a-reent.o)
                0x20000bd0                errno
 .bss.__lock___malloc_recursive_mutex
                0x20000bd4        0x1 C:/ST/STM32CubeCLT_1.16.0/GNU-tools-for-STM32/bin/../lib/gcc/arm-none-eabi/12.3.1/../../../../arm-none-eabi/lib/thumb/v7e-m/nofp\libg.a(libc_a-lock.o)
                0x20000bd4                __lock___malloc_recursive_mutex
 .bss.__lock___atexit_recursive_mutex
                0x20000bd5        0x1 C:/ST/STM32CubeCLT_1.16.0/GNU-tools-for-STM32/bin/../lib/gcc/arm-none-eabi/12.3.1/../../../../arm-none-eabi/lib/thumb/v7e-m/nofp\libg.a(libc_a-lock.o)
                0x20000bd5                __lock___atexit_recursive_mutex
 .bss.__lock___sfp_recursive_mutex
                0x20000bd6        0x1 C:/ST/STM32CubeCLT_1.16.0/GNU-tools-for-STM32/bin/../lib/gcc/arm-none-eabi/12.3.1/../../../../arm-none-eabi/lib/thumb/v7e-m/nofp\libg.a(libc_a-lock.o)
                0x20000bd6                __lock___sfp_recursive_mutex
 *fill*         0x20000bd7        0x1 
 .bss.__atexit  0x20000bd8        0x4 C:/ST/STM32CubeCLT_1.16.0/GNU-tools-for-STM32/bin/../lib/gcc/arm-none-eabi/12.3.1/../../../../arm-none-eabi/lib/thumb/v7e-m/nofp\libg.a(libc_a-__call_atexit.o)
                0x20000bd8                __atexit
 .bss.__malloc_current_mallinfo
                0x20000bdc       0x28 C:/ST/STM32CubeCLT_1.16.0/GNU-tools-for-STM32/bin/../lib/gcc/arm-none-eabi/12.3.1/../../../../arm-none-eabi/lib/thumb/v7e-m/nofp\libg.a(libc_a-mallocr.o)
                0x20000bdc                __malloc_current_mallinfo
 .bss.__malloc_max_total_mem
                0x20000c04        0x4 C:/ST/STM32CubeCLT_1.16.0/GNU-tools-for-STM32/bin/../lib/gcc/arm-none-eabi/12.3.1/../../../../arm-none-eabi/lib/thumb/v7e-m/nofp\libg.a(libc_a-mallocr.o)
                0x20000c04                __malloc_max_total_mem
 .bss.__malloc_max_sbrked_mem
                0x20000c08        0x4 C:/ST/STM32CubeCLT_1.16.0/GNU-tools-for-STM32/bin/../lib/gcc/arm-none-eabi/12.3.1/../../../../arm-none-eabi/lib/thumb/v7e-m/nofp\libg.a(libc_a-mallocr.o)
                0x20000c08                __malloc_max_sbrked_mem
 .bss.__malloc_top_pad
                0x20000c0c        0x4 C:/ST/STM32CubeCLT_1.16.0/GNU-tools-for-STM32/bin/../lib/gcc/arm-none-eabi/12.3.1/../../../../arm-none-eabi/lib/thumb/v7e-m/nofp\libg.a(libc_a-mallocr.o)
                0x20000c0c                __malloc_top_pad
 .bss.__atexit0
                0x20000c10      0x190 C:/ST/STM32CubeCLT_1.16.0/GNU-tools-for-STM32/bin/../lib/gcc/arm-none-eabi/12.3.1/../../../../arm-none-eabi/lib/thumb/v7e-m/nofp\libg.a(libc_a-__atexit.o)
                0x20000c10                __atexit0
 *(COMMON)
                0x20000da0                        . = ALIGN (0x4)
                0x20000da0                        _ebss = .
                0x20000da0                        __bss_end__ = _ebss

._user_heap_stack
                0x20000da0      0x600
                0x20000da0                        . = ALIGN (0x8)
                [!provide]                        PROVIDE (end = .)
                0x20000da0                        PROVIDE (_end = .)
                0x20000fa0                        . = (. + _Min_Heap_Size)
 *fill*         0x20000da0      0x200 
                0x200013a0                        . = (. + _Min_Stack_Size)
 *fill*         0x20000fa0      0x400 
                0x200013a0                        . = ALIGN (0x8)

/DISCARD/
 libc.a(*)
 libm.a(*)
 libgcc.a(*)

.ARM.attributes
                0x00000000       0x2a
 *(.ARM.attributes)
 .ARM.attributes
                0x00000000       0x1e C:/ST/STM32CubeCLT_1.16.0/GNU-tools-for-STM32/bin/../lib/gcc/arm-none-eabi/12.3.1/thumb/v7e-m/nofp/crti.o
 .ARM.attributes
                0x0000001e       0x2e C:/ST/STM32CubeCLT_1.16.0/GNU-tools-for-STM32/bin/../lib/gcc/arm-none-eabi/12.3.1/thumb/v7e-m/nofp/crtbegin.o
 .ARM.attributes
                0x0000004c       0x2e CMakeFiles/STM32F407ZGT6_TEMPLATE.elf.dir/Core/Src/MPU9250.c.obj
 .ARM.attributes
                0x0000007a       0x2e CMakeFiles/STM32F407ZGT6_TEMPLATE.elf.dir/Core/Src/main.c.obj
 .ARM.attributes
                0x000000a8       0x2e CMakeFiles/STM32F407ZGT6_TEMPLATE.elf.dir/Core/Src/stm32f4xx_hal_msp.c.obj
 .ARM.attributes
                0x000000d6       0x2e CMakeFiles/STM32F407ZGT6_TEMPLATE.elf.dir/Core/Src/stm32f4xx_it.c.obj
 .ARM.attributes
                0x00000104       0x2e CMakeFiles/STM32F407ZGT6_TEMPLATE.elf.dir/Core/Src/syscalls.c.obj
 .ARM.attributes
                0x00000132       0x2e CMakeFiles/STM32F407ZGT6_TEMPLATE.elf.dir/Core/Src/sysmem.c.obj
 .ARM.attributes
                0x00000160       0x2e CMakeFiles/STM32F407ZGT6_TEMPLATE.elf.dir/Core/Src/system_stm32f4xx.c.obj
 .ARM.attributes
                0x0000018e       0x21 CMakeFiles/STM32F407ZGT6_TEMPLATE.elf.dir/Core/Startup/startup_stm32f407zgtx.s.obj
 .ARM.attributes
                0x000001af       0x2e CMakeFiles/STM32F407ZGT6_TEMPLATE.elf.dir/Drivers/STM32F4xx_HAL_Driver/Src/stm32f4xx_hal.c.obj
 .ARM.attributes
                0x000001dd       0x2e CMakeFiles/STM32F407ZGT6_TEMPLATE.elf.dir/Drivers/STM32F4xx_HAL_Driver/Src/stm32f4xx_hal_cortex.c.obj
 .ARM.attributes
                0x0000020b       0x2e CMakeFiles/STM32F407ZGT6_TEMPLATE.elf.dir/Drivers/STM32F4xx_HAL_Driver/Src/stm32f4xx_hal_dma.c.obj
 .ARM.attributes
                0x00000239       0x2e CMakeFiles/STM32F407ZGT6_TEMPLATE.elf.dir/Drivers/STM32F4xx_HAL_Driver/Src/stm32f4xx_hal_gpio.c.obj
 .ARM.attributes
                0x00000267       0x2e CMakeFiles/STM32F407ZGT6_TEMPLATE.elf.dir/Drivers/STM32F4xx_HAL_Driver/Src/stm32f4xx_hal_i2c.c.obj
 .ARM.attributes
                0x00000295       0x2e CMakeFiles/STM32F407ZGT6_TEMPLATE.elf.dir/Drivers/STM32F4xx_HAL_Driver/Src/stm32f4xx_hal_rcc.c.obj
 .ARM.attributes
                0x000002c3       0x2e CMakeFiles/STM32F407ZGT6_TEMPLATE.elf.dir/Drivers/STM32F4xx_HAL_Driver/Src/stm32f4xx_hal_spi.c.obj
 .ARM.attributes
                0x000002f1       0x2e CMakeFiles/STM32F407ZGT6_TEMPLATE.elf.dir/Drivers/STM32F4xx_HAL_Driver/Src/stm32f4xx_hal_uart.c.obj
 .ARM.attributes
                0x0000031f       0x1e C:/ST/STM32CubeCLT_1.16.0/GNU-tools-for-STM32/bin/../lib/gcc/arm-none-eabi/12.3.1/thumb/v7e-m/nofp\libgcc.a(_arm_addsubdf3.o)
 .ARM.attributes
                0x0000033d       0x1e C:/ST/STM32CubeCLT_1.16.0/GNU-tools-for-STM32/bin/../lib/gcc/arm-none-eabi/12.3.1/thumb/v7e-m/nofp\libgcc.a(_arm_muldivdf3.o)
 .ARM.attributes
                0x0000035b       0x1e C:/ST/STM32CubeCLT_1.16.0/GNU-tools-for-STM32/bin/../lib/gcc/arm-none-eabi/12.3.1/thumb/v7e-m/nofp\libgcc.a(_arm_truncdfsf2.o)
 .ARM.attributes
                0x00000379       0x1e C:/ST/STM32CubeCLT_1.16.0/GNU-tools-for-STM32/bin/../lib/gcc/arm-none-eabi/12.3.1/thumb/v7e-m/nofp\libgcc.a(_arm_addsubsf3.o)
 .ARM.attributes
                0x00000397       0x1e C:/ST/STM32CubeCLT_1.16.0/GNU-tools-for-STM32/bin/../lib/gcc/arm-none-eabi/12.3.1/thumb/v7e-m/nofp\libgcc.a(_aeabi_uldivmod.o)
 .ARM.attributes
                0x000003b5       0x2e C:/ST/STM32CubeCLT_1.16.0/GNU-tools-for-STM32/bin/../lib/gcc/arm-none-eabi/12.3.1/thumb/v7e-m/nofp\libgcc.a(_udivmoddi4.o)
 .ARM.attributes
                0x000003e3       0x1e C:/ST/STM32CubeCLT_1.16.0/GNU-tools-for-STM32/bin/../lib/gcc/arm-none-eabi/12.3.1/thumb/v7e-m/nofp\libgcc.a(_dvmd_tls.o)
 .ARM.attributes
                0x00000401       0x2e C:/ST/STM32CubeCLT_1.16.0/GNU-tools-for-STM32/bin/../lib/gcc/arm-none-eabi/12.3.1/../../../../arm-none-eabi/lib/thumb/v7e-m/nofp\libg.a(libc_a-findfp.o)
 .ARM.attributes
                0x0000042f       0x2e C:/ST/STM32CubeCLT_1.16.0/GNU-tools-for-STM32/bin/../lib/gcc/arm-none-eabi/12.3.1/../../../../arm-none-eabi/lib/thumb/v7e-m/nofp\libg.a(libc_a-fwalk.o)
 .ARM.attributes
                0x0000045d       0x2e C:/ST/STM32CubeCLT_1.16.0/GNU-tools-for-STM32/bin/../lib/gcc/arm-none-eabi/12.3.1/../../../../arm-none-eabi/lib/thumb/v7e-m/nofp\libg.a(libc_a-snprintf.o)
 .ARM.attributes
                0x0000048b       0x2e C:/ST/STM32CubeCLT_1.16.0/GNU-tools-for-STM32/bin/../lib/gcc/arm-none-eabi/12.3.1/../../../../arm-none-eabi/lib/thumb/v7e-m/nofp\libg.a(libc_a-stdio.o)
 .ARM.attributes
                0x000004b9       0x2e C:/ST/STM32CubeCLT_1.16.0/GNU-tools-for-STM32/bin/../lib/gcc/arm-none-eabi/12.3.1/../../../../arm-none-eabi/lib/thumb/v7e-m/nofp\libg.a(libc_a-memset.o)
 .ARM.attributes
                0x000004e7       0x2e C:/ST/STM32CubeCLT_1.16.0/GNU-tools-for-STM32/bin/../lib/gcc/arm-none-eabi/12.3.1/../../../../arm-none-eabi/lib/thumb/v7e-m/nofp\libg.a(libc_a-closer.o)
 .ARM.attributes
                0x00000515       0x2e C:/ST/STM32CubeCLT_1.16.0/GNU-tools-for-STM32/bin/../lib/gcc/arm-none-eabi/12.3.1/../../../../arm-none-eabi/lib/thumb/v7e-m/nofp\libg.a(libc_a-reent.o)
 .ARM.attributes
                0x00000543       0x2e C:/ST/STM32CubeCLT_1.16.0/GNU-tools-for-STM32/bin/../lib/gcc/arm-none-eabi/12.3.1/../../../../arm-none-eabi/lib/thumb/v7e-m/nofp\libg.a(libc_a-impure.o)
 .ARM.attributes
                0x00000571       0x2e C:/ST/STM32CubeCLT_1.16.0/GNU-tools-for-STM32/bin/../lib/gcc/arm-none-eabi/12.3.1/../../../../arm-none-eabi/lib/thumb/v7e-m/nofp\libg.a(libc_a-lseekr.o)
 .ARM.attributes
                0x0000059f       0x2e C:/ST/STM32CubeCLT_1.16.0/GNU-tools-for-STM32/bin/../lib/gcc/arm-none-eabi/12.3.1/../../../../arm-none-eabi/lib/thumb/v7e-m/nofp\libg.a(libc_a-readr.o)
 .ARM.attributes
                0x000005cd       0x2e C:/ST/STM32CubeCLT_1.16.0/GNU-tools-for-STM32/bin/../lib/gcc/arm-none-eabi/12.3.1/../../../../arm-none-eabi/lib/thumb/v7e-m/nofp\libg.a(libc_a-writer.o)
 .ARM.attributes
                0x000005fb       0x2e C:/ST/STM32CubeCLT_1.16.0/GNU-tools-for-STM32/bin/../lib/gcc/arm-none-eabi/12.3.1/../../../../arm-none-eabi/lib/thumb/v7e-m/nofp\libg.a(libc_a-errno.o)
 .ARM.attributes
                0x00000629       0x2e C:/ST/STM32CubeCLT_1.16.0/GNU-tools-for-STM32/bin/../lib/gcc/arm-none-eabi/12.3.1/../../../../arm-none-eabi/lib/thumb/v7e-m/nofp\libg.a(libc_a-init.o)
 .ARM.attributes
                0x00000657       0x2e C:/ST/STM32CubeCLT_1.16.0/GNU-tools-for-STM32/bin/../lib/gcc/arm-none-eabi/12.3.1/../../../../arm-none-eabi/lib/thumb/v7e-m/nofp\libg.a(libc_a-lock.o)
 .ARM.attributes
                0x00000685       0x2e C:/ST/STM32CubeCLT_1.16.0/GNU-tools-for-STM32/bin/../lib/gcc/arm-none-eabi/12.3.1/../../../../arm-none-eabi/lib/thumb/v7e-m/nofp\libg.a(libc_a-memcpy-stub.o)
 .ARM.attributes
                0x000006b3       0x17 C:/ST/STM32CubeCLT_1.16.0/GNU-tools-for-STM32/bin/../lib/gcc/arm-none-eabi/12.3.1/../../../../arm-none-eabi/lib/thumb/v7e-m/nofp\libg.a(libc_a-strlen.o)
 .ARM.attributes
                0x000006ca       0x2e C:/ST/STM32CubeCLT_1.16.0/GNU-tools-for-STM32/bin/../lib/gcc/arm-none-eabi/12.3.1/../../../../arm-none-eabi/lib/thumb/v7e-m/nofp\libg.a(libc_a-__call_atexit.o)
 .ARM.attributes
                0x000006f8       0x2e C:/ST/STM32CubeCLT_1.16.0/GNU-tools-for-STM32/bin/../lib/gcc/arm-none-eabi/12.3.1/../../../../arm-none-eabi/lib/thumb/v7e-m/nofp\libg.a(libc_a-atexit.o)
 .ARM.attributes
                0x00000726       0x2e C:/ST/STM32CubeCLT_1.16.0/GNU-tools-for-STM32/bin/../lib/gcc/arm-none-eabi/12.3.1/../../../../arm-none-eabi/lib/thumb/v7e-m/nofp\libg.a(libc_a-freer.o)
 .ARM.attributes
                0x00000754       0x2e C:/ST/STM32CubeCLT_1.16.0/GNU-tools-for-STM32/bin/../lib/gcc/arm-none-eabi/12.3.1/../../../../arm-none-eabi/lib/thumb/v7e-m/nofp\libg.a(libc_a-mallocr.o)
 .ARM.attributes
                0x00000782       0x2e C:/ST/STM32CubeCLT_1.16.0/GNU-tools-for-STM32/bin/../lib/gcc/arm-none-eabi/12.3.1/../../../../arm-none-eabi/lib/thumb/v7e-m/nofp\libg.a(libc_a-mlock.o)
 .ARM.attributes
                0x000007b0       0x2e C:/ST/STM32CubeCLT_1.16.0/GNU-tools-for-STM32/bin/../lib/gcc/arm-none-eabi/12.3.1/../../../../arm-none-eabi/lib/thumb/v7e-m/nofp\libg.a(libc_a-svfprintf.o)
 .ARM.attributes
                0x000007de       0x2e C:/ST/STM32CubeCLT_1.16.0/GNU-tools-for-STM32/bin/../lib/gcc/arm-none-eabi/12.3.1/../../../../arm-none-eabi/lib/thumb/v7e-m/nofp\libg.a(libc_a-fclose.o)
 .ARM.attributes
                0x0000080c       0x2e C:/ST/STM32CubeCLT_1.16.0/GNU-tools-for-STM32/bin/../lib/gcc/arm-none-eabi/12.3.1/../../../../arm-none-eabi/lib/thumb/v7e-m/nofp\libg.a(libc_a-fflush.o)
 .ARM.attributes
                0x0000083a       0x2e C:/ST/STM32CubeCLT_1.16.0/GNU-tools-for-STM32/bin/../lib/gcc/arm-none-eabi/12.3.1/../../../../arm-none-eabi/lib/thumb/v7e-m/nofp\libg.a(libc_a-strncpy.o)
 .ARM.attributes
                0x00000868       0x2e C:/ST/STM32CubeCLT_1.16.0/GNU-tools-for-STM32/bin/../lib/gcc/arm-none-eabi/12.3.1/../../../../arm-none-eabi/lib/thumb/v7e-m/nofp\libg.a(libc_a-localeconv.o)
 .ARM.attributes
                0x00000896       0x2e C:/ST/STM32CubeCLT_1.16.0/GNU-tools-for-STM32/bin/../lib/gcc/arm-none-eabi/12.3.1/../../../../arm-none-eabi/lib/thumb/v7e-m/nofp\libg.a(libc_a-sbrkr.o)
 .ARM.attributes
                0x000008c4       0x2e C:/ST/STM32CubeCLT_1.16.0/GNU-tools-for-STM32/bin/../lib/gcc/arm-none-eabi/12.3.1/../../../../arm-none-eabi/lib/thumb/v7e-m/nofp\libg.a(libc_a-fini.o)
 .ARM.attributes
                0x000008f2       0x2e C:/ST/STM32CubeCLT_1.16.0/GNU-tools-for-STM32/bin/../lib/gcc/arm-none-eabi/12.3.1/../../../../arm-none-eabi/lib/thumb/v7e-m/nofp\libg.a(libc_a-sysconf.o)
 .ARM.attributes
                0x00000920       0x1c C:/ST/STM32CubeCLT_1.16.0/GNU-tools-for-STM32/bin/../lib/gcc/arm-none-eabi/12.3.1/../../../../arm-none-eabi/lib/thumb/v7e-m/nofp\libg.a(libc_a-memchr.o)
 .ARM.attributes
                0x0000093c       0x2e C:/ST/STM32CubeCLT_1.16.0/GNU-tools-for-STM32/bin/../lib/gcc/arm-none-eabi/12.3.1/../../../../arm-none-eabi/lib/thumb/v7e-m/nofp\libg.a(libm_a-s_frexp.o)
 .ARM.attributes
                0x0000096a       0x2e C:/ST/STM32CubeCLT_1.16.0/GNU-tools-for-STM32/bin/../lib/gcc/arm-none-eabi/12.3.1/../../../../arm-none-eabi/lib/thumb/v7e-m/nofp\libg.a(libc_a-__atexit.o)
 .ARM.attributes
                0x00000998       0x2e C:/ST/STM32CubeCLT_1.16.0/GNU-tools-for-STM32/bin/../lib/gcc/arm-none-eabi/12.3.1/../../../../arm-none-eabi/lib/thumb/v7e-m/nofp\libg.a(libc_a-dtoa.o)
 .ARM.attributes
                0x000009c6       0x2e C:/ST/STM32CubeCLT_1.16.0/GNU-tools-for-STM32/bin/../lib/gcc/arm-none-eabi/12.3.1/../../../../arm-none-eabi/lib/thumb/v7e-m/nofp\libg.a(libc_a-mprec.o)
 .ARM.attributes
                0x000009f4       0x2e C:/ST/STM32CubeCLT_1.16.0/GNU-tools-for-STM32/bin/../lib/gcc/arm-none-eabi/12.3.1/../../../../arm-none-eabi/lib/thumb/v7e-m/nofp\libg.a(libc_a-svfiprintf.o)
 .ARM.attributes
                0x00000a22       0x2e C:/ST/STM32CubeCLT_1.16.0/GNU-tools-for-STM32/bin/../lib/gcc/arm-none-eabi/12.3.1/../../../../arm-none-eabi/lib/thumb/v7e-m/nofp\libg.a(libc_a-memmove.o)
 .ARM.attributes
                0x00000a50       0x2e C:/ST/STM32CubeCLT_1.16.0/GNU-tools-for-STM32/bin/../lib/gcc/arm-none-eabi/12.3.1/../../../../arm-none-eabi/lib/thumb/v7e-m/nofp\libg.a(libc_a-locale.o)
 .ARM.attributes
                0x00000a7e       0x2e C:/ST/STM32CubeCLT_1.16.0/GNU-tools-for-STM32/bin/../lib/gcc/arm-none-eabi/12.3.1/../../../../arm-none-eabi/lib/thumb/v7e-m/nofp\libg.a(libc_a-assert.o)
 .ARM.attributes
                0x00000aac       0x2e C:/ST/STM32CubeCLT_1.16.0/GNU-tools-for-STM32/bin/../lib/gcc/arm-none-eabi/12.3.1/../../../../arm-none-eabi/lib/thumb/v7e-m/nofp\libg.a(libc_a-callocr.o)
 .ARM.attributes
                0x00000ada       0x2e C:/ST/STM32CubeCLT_1.16.0/GNU-tools-for-STM32/bin/../lib/gcc/arm-none-eabi/12.3.1/../../../../arm-none-eabi/lib/thumb/v7e-m/nofp\libg.a(libc_a-mbtowc_r.o)
 .ARM.attributes
                0x00000b08       0x2e C:/ST/STM32CubeCLT_1.16.0/GNU-tools-for-STM32/bin/../lib/gcc/arm-none-eabi/12.3.1/../../../../arm-none-eabi/lib/thumb/v7e-m/nofp\libg.a(libc_a-reallocr.o)
 .ARM.attributes
                0x00000b36       0x2e C:/ST/STM32CubeCLT_1.16.0/GNU-tools-for-STM32/bin/../lib/gcc/arm-none-eabi/12.3.1/../../../../arm-none-eabi/lib/thumb/v7e-m/nofp\libg.a(libc_a-wctomb_r.o)
 .ARM.attributes
                0x00000b64       0x2e C:/ST/STM32CubeCLT_1.16.0/GNU-tools-for-STM32/bin/../lib/gcc/arm-none-eabi/12.3.1/../../../../arm-none-eabi/lib/thumb/v7e-m/nofp\libg.a(libc_a-ctype_.o)
 .ARM.attributes
                0x00000b92       0x2e C:/ST/STM32CubeCLT_1.16.0/GNU-tools-for-STM32/bin/../lib/gcc/arm-none-eabi/12.3.1/../../../../arm-none-eabi/lib/thumb/v7e-m/nofp\libg.a(libc_a-fiprintf.o)
 .ARM.attributes
                0x00000bc0       0x2e C:/ST/STM32CubeCLT_1.16.0/GNU-tools-for-STM32/bin/../lib/gcc/arm-none-eabi/12.3.1/../../../../arm-none-eabi/lib/thumb/v7e-m/nofp\libg.a(libc_a-vfiprintf.o)
 .ARM.attributes
                0x00000bee       0x2e C:/ST/STM32CubeCLT_1.16.0/GNU-tools-for-STM32/bin/../lib/gcc/arm-none-eabi/12.3.1/../../../../arm-none-eabi/lib/thumb/v7e-m/nofp\libg.a(libc_a-fvwrite.o)
 .ARM.attributes